running egg_info
writing ../../build/myrobot_application/myrobot_application.egg-info/PKG-INFO
writing dependency_links to ../../build/myrobot_application/myrobot_application.egg-info/dependency_links.txt
writing entry points to ../../build/myrobot_application/myrobot_application.egg-info/entry_points.txt
writing requirements to ../../build/myrobot_application/myrobot_application.egg-info/requires.txt
writing top-level names to ../../build/myrobot_application/myrobot_application.egg-info/top_level.txt
reading manifest file '../../build/myrobot_application/myrobot_application.egg-info/SOURCES.txt'
adding license file 'LICENSE'
writing manifest file '../../build/myrobot_application/myrobot_application.egg-info/SOURCES.txt'
running build
running build_py
running install
running install_lib
running install_data
running install_egg_info
removing '/home/rose/ros_project/ros_ws/install/myrobot_application/lib/python3.10/site-packages/myrobot_application-0.0.0-py3.10.egg-info' (and everything under it)
Copying ../../build/myrobot_application/myrobot_application.egg-info to /home/rose/ros_project/ros_ws/install/myrobot_application/lib/python3.10/site-packages/myrobot_application-0.0.0-py3.10.egg-info
running install_scripts
Installing get_robot_pose script to /home/rose/ros_project/ros_ws/install/myrobot_application/lib/myrobot_application
Installing init_robot_pose script to /home/rose/ros_project/ros_ws/install/myrobot_application/lib/myrobot_application
Installing nav_to_pose script to /home/rose/ros_project/ros_ws/install/myrobot_application/lib/myrobot_application
Installing waypoint_follower script to /home/rose/ros_project/ros_ws/install/myrobot_application/lib/myrobot_application
writing list of installed files to '/home/rose/ros_project/ros_ws/build/myrobot_application/install.log'
