[0.063s] DEBUG:colcon:Command line arguments: ['/usr/bin/colcon', 'build']
[0.063s] DEBUG:colcon:Parsed command line arguments: Namespace(log_base=None, log_level=None, verb_name='build', build_base='build', install_base='install', merge_install=False, symlink_install=False, test_result_base=None, continue_on_error=False, executor='parallel', parallel_workers=8, event_handlers=None, ignore_user_meta=False, metas=['./colcon.meta'], base_paths=['.'], packages_ignore=None, packages_ignore_regex=None, paths=None, packages_up_to=None, packages_up_to_regex=None, packages_above=None, packages_above_and_dependencies=None, packages_above_depth=None, packages_select_by_dep=None, packages_skip_by_dep=None, packages_skip_up_to=None, packages_select_build_failed=False, packages_skip_build_finished=False, packages_select_test_failures=False, packages_skip_test_passed=False, packages_select=None, packages_skip=None, packages_select_regex=None, packages_skip_regex=None, packages_start=None, packages_end=None, allow_overriding=[], cmake_args=None, cmake_target=None, cmake_target_skip_unavailable=False, cmake_clean_cache=False, cmake_clean_first=False, cmake_force_configure=False, ament_cmake_args=None, catkin_cmake_args=None, catkin_skip_building_tests=False, verb_parser=<colcon_defaults.argument_parser.defaults.DefaultArgumentsDecorator object at 0x7bab46948ca0>, verb_extension=<colcon_core.verb.build.BuildVerb object at 0x7bab46948730>, main=<bound method BuildVerb.main of <colcon_core.verb.build.BuildVerb object at 0x7bab46948730>>)
[0.164s] Level 1:colcon.colcon_core.package_discovery:discover_packages(colcon_meta) check parameters
[0.164s] Level 1:colcon.colcon_core.package_discovery:discover_packages(recursive) check parameters
[0.164s] Level 1:colcon.colcon_core.package_discovery:discover_packages(ignore) check parameters
[0.164s] Level 1:colcon.colcon_core.package_discovery:discover_packages(path) check parameters
[0.164s] Level 1:colcon.colcon_core.package_discovery:discover_packages(colcon_meta) discover
[0.164s] Level 1:colcon.colcon_core.package_discovery:discover_packages(recursive) discover
[0.164s] INFO:colcon.colcon_core.package_discovery:Crawling recursively for packages in '/home/rose/ros_project/ros_ws'
[0.164s] Level 1:colcon.colcon_core.package_identification:_identify(.) by extensions ['ignore', 'ignore_ament_install']
[0.164s] Level 1:colcon.colcon_core.package_identification:_identify(.) by extension 'ignore'
[0.164s] Level 1:colcon.colcon_core.package_identification:_identify(.) by extension 'ignore_ament_install'
[0.164s] Level 1:colcon.colcon_core.package_identification:_identify(.) by extensions ['colcon_pkg']
[0.164s] Level 1:colcon.colcon_core.package_identification:_identify(.) by extension 'colcon_pkg'
[0.164s] Level 1:colcon.colcon_core.package_identification:_identify(.) by extensions ['colcon_meta']
[0.164s] Level 1:colcon.colcon_core.package_identification:_identify(.) by extension 'colcon_meta'
[0.164s] Level 1:colcon.colcon_core.package_identification:_identify(.) by extensions ['ros']
[0.164s] Level 1:colcon.colcon_core.package_identification:_identify(.) by extension 'ros'
[0.171s] Level 1:colcon.colcon_core.package_identification:_identify(.) by extensions ['cmake', 'python']
[0.171s] Level 1:colcon.colcon_core.package_identification:_identify(.) by extension 'cmake'
[0.171s] Level 1:colcon.colcon_core.package_identification:_identify(.) by extension 'python'
[0.171s] Level 1:colcon.colcon_core.package_identification:_identify(.) by extensions ['python_setup_py']
[0.171s] Level 1:colcon.colcon_core.package_identification:_identify(.) by extension 'python_setup_py'
[0.171s] Level 1:colcon.colcon_core.package_identification:_identify(build) by extensions ['ignore', 'ignore_ament_install']
[0.171s] Level 1:colcon.colcon_core.package_identification:_identify(build) by extension 'ignore'
[0.171s] Level 1:colcon.colcon_core.package_identification:_identify(build) ignored
[0.171s] Level 1:colcon.colcon_core.package_identification:_identify(install) by extensions ['ignore', 'ignore_ament_install']
[0.171s] Level 1:colcon.colcon_core.package_identification:_identify(install) by extension 'ignore'
[0.171s] Level 1:colcon.colcon_core.package_identification:_identify(install) ignored
[0.171s] Level 1:colcon.colcon_core.package_identification:_identify(log) by extensions ['ignore', 'ignore_ament_install']
[0.171s] Level 1:colcon.colcon_core.package_identification:_identify(log) by extension 'ignore'
[0.171s] Level 1:colcon.colcon_core.package_identification:_identify(log) ignored
[0.171s] Level 1:colcon.colcon_core.package_identification:_identify(src) by extensions ['ignore', 'ignore_ament_install']
[0.171s] Level 1:colcon.colcon_core.package_identification:_identify(src) by extension 'ignore'
[0.171s] Level 1:colcon.colcon_core.package_identification:_identify(src) by extension 'ignore_ament_install'
[0.171s] Level 1:colcon.colcon_core.package_identification:_identify(src) by extensions ['colcon_pkg']
[0.171s] Level 1:colcon.colcon_core.package_identification:_identify(src) by extension 'colcon_pkg'
[0.172s] Level 1:colcon.colcon_core.package_identification:_identify(src) by extensions ['colcon_meta']
[0.172s] Level 1:colcon.colcon_core.package_identification:_identify(src) by extension 'colcon_meta'
[0.172s] Level 1:colcon.colcon_core.package_identification:_identify(src) by extensions ['ros']
[0.172s] Level 1:colcon.colcon_core.package_identification:_identify(src) by extension 'ros'
[0.172s] Level 1:colcon.colcon_core.package_identification:_identify(src) by extensions ['cmake', 'python']
[0.172s] Level 1:colcon.colcon_core.package_identification:_identify(src) by extension 'cmake'
[0.172s] Level 1:colcon.colcon_core.package_identification:_identify(src) by extension 'python'
[0.172s] Level 1:colcon.colcon_core.package_identification:_identify(src) by extensions ['python_setup_py']
[0.172s] Level 1:colcon.colcon_core.package_identification:_identify(src) by extension 'python_setup_py'
[0.172s] Level 1:colcon.colcon_core.package_identification:_identify(src/myrobot_description) by extensions ['ignore', 'ignore_ament_install']
[0.172s] Level 1:colcon.colcon_core.package_identification:_identify(src/myrobot_description) by extension 'ignore'
[0.172s] Level 1:colcon.colcon_core.package_identification:_identify(src/myrobot_description) by extension 'ignore_ament_install'
[0.172s] Level 1:colcon.colcon_core.package_identification:_identify(src/myrobot_description) by extensions ['colcon_pkg']
[0.172s] Level 1:colcon.colcon_core.package_identification:_identify(src/myrobot_description) by extension 'colcon_pkg'
[0.172s] Level 1:colcon.colcon_core.package_identification:_identify(src/myrobot_description) by extensions ['colcon_meta']
[0.172s] Level 1:colcon.colcon_core.package_identification:_identify(src/myrobot_description) by extension 'colcon_meta'
[0.172s] Level 1:colcon.colcon_core.package_identification:_identify(src/myrobot_description) by extensions ['ros']
[0.172s] Level 1:colcon.colcon_core.package_identification:_identify(src/myrobot_description) by extension 'ros'
[0.173s] DEBUG:colcon.colcon_core.package_identification:Package 'src/myrobot_description' with type 'ros.ament_cmake' and name 'myrobot_description'
[0.174s] Level 1:colcon.colcon_core.package_identification:_identify(src/myrobot_navigation2) by extensions ['ignore', 'ignore_ament_install']
[0.174s] Level 1:colcon.colcon_core.package_identification:_identify(src/myrobot_navigation2) by extension 'ignore'
[0.174s] Level 1:colcon.colcon_core.package_identification:_identify(src/myrobot_navigation2) by extension 'ignore_ament_install'
[0.174s] Level 1:colcon.colcon_core.package_identification:_identify(src/myrobot_navigation2) by extensions ['colcon_pkg']
[0.174s] Level 1:colcon.colcon_core.package_identification:_identify(src/myrobot_navigation2) by extension 'colcon_pkg'
[0.174s] Level 1:colcon.colcon_core.package_identification:_identify(src/myrobot_navigation2) by extensions ['colcon_meta']
[0.174s] Level 1:colcon.colcon_core.package_identification:_identify(src/myrobot_navigation2) by extension 'colcon_meta'
[0.174s] Level 1:colcon.colcon_core.package_identification:_identify(src/myrobot_navigation2) by extensions ['ros']
[0.174s] Level 1:colcon.colcon_core.package_identification:_identify(src/myrobot_navigation2) by extension 'ros'
[0.174s] DEBUG:colcon.colcon_core.package_identification:Package 'src/myrobot_navigation2' with type 'ros.ament_cmake' and name 'myrobot_navigation2'
[0.174s] Level 1:colcon.colcon_core.package_discovery:discover_packages(recursive) using defaults
[0.174s] Level 1:colcon.colcon_core.package_discovery:discover_packages(ignore) discover
[0.174s] Level 1:colcon.colcon_core.package_discovery:discover_packages(ignore) using defaults
[0.174s] Level 1:colcon.colcon_core.package_discovery:discover_packages(path) discover
[0.174s] Level 1:colcon.colcon_core.package_discovery:discover_packages(path) using defaults
[0.191s] Level 1:colcon.colcon_core.package_discovery:discover_packages(prefix_path) check parameters
[0.191s] Level 1:colcon.colcon_core.package_discovery:discover_packages(prefix_path) discover
[0.193s] DEBUG:colcon.colcon_installed_package_information.package_discovery:Found 374 installed packages in /opt/ros/humble
[0.194s] Level 1:colcon.colcon_core.package_discovery:discover_packages(prefix_path) using defaults
[0.222s] Level 5:colcon.colcon_core.verb:set package 'myrobot_description' build argument 'cmake_args' from command line to 'None'
[0.222s] Level 5:colcon.colcon_core.verb:set package 'myrobot_description' build argument 'cmake_target' from command line to 'None'
[0.222s] Level 5:colcon.colcon_core.verb:set package 'myrobot_description' build argument 'cmake_target_skip_unavailable' from command line to 'False'
[0.222s] Level 5:colcon.colcon_core.verb:set package 'myrobot_description' build argument 'cmake_clean_cache' from command line to 'False'
[0.222s] Level 5:colcon.colcon_core.verb:set package 'myrobot_description' build argument 'cmake_clean_first' from command line to 'False'
[0.222s] Level 5:colcon.colcon_core.verb:set package 'myrobot_description' build argument 'cmake_force_configure' from command line to 'False'
[0.222s] Level 5:colcon.colcon_core.verb:set package 'myrobot_description' build argument 'ament_cmake_args' from command line to 'None'
[0.222s] Level 5:colcon.colcon_core.verb:set package 'myrobot_description' build argument 'catkin_cmake_args' from command line to 'None'
[0.222s] Level 5:colcon.colcon_core.verb:set package 'myrobot_description' build argument 'catkin_skip_building_tests' from command line to 'False'
[0.222s] DEBUG:colcon.colcon_core.verb:Building package 'myrobot_description' with the following arguments: {'ament_cmake_args': None, 'build_base': '/home/rose/ros_project/ros_ws/build/myrobot_description', 'catkin_cmake_args': None, 'catkin_skip_building_tests': False, 'cmake_args': None, 'cmake_clean_cache': False, 'cmake_clean_first': False, 'cmake_force_configure': False, 'cmake_target': None, 'cmake_target_skip_unavailable': False, 'install_base': '/home/rose/ros_project/ros_ws/install/myrobot_description', 'merge_install': False, 'path': '/home/rose/ros_project/ros_ws/src/myrobot_description', 'symlink_install': False, 'test_result_base': None}
[0.222s] Level 5:colcon.colcon_core.verb:set package 'myrobot_navigation2' build argument 'cmake_args' from command line to 'None'
[0.222s] Level 5:colcon.colcon_core.verb:set package 'myrobot_navigation2' build argument 'cmake_target' from command line to 'None'
[0.222s] Level 5:colcon.colcon_core.verb:set package 'myrobot_navigation2' build argument 'cmake_target_skip_unavailable' from command line to 'False'
[0.222s] Level 5:colcon.colcon_core.verb:set package 'myrobot_navigation2' build argument 'cmake_clean_cache' from command line to 'False'
[0.222s] Level 5:colcon.colcon_core.verb:set package 'myrobot_navigation2' build argument 'cmake_clean_first' from command line to 'False'
[0.222s] Level 5:colcon.colcon_core.verb:set package 'myrobot_navigation2' build argument 'cmake_force_configure' from command line to 'False'
[0.222s] Level 5:colcon.colcon_core.verb:set package 'myrobot_navigation2' build argument 'ament_cmake_args' from command line to 'None'
[0.223s] Level 5:colcon.colcon_core.verb:set package 'myrobot_navigation2' build argument 'catkin_cmake_args' from command line to 'None'
[0.223s] Level 5:colcon.colcon_core.verb:set package 'myrobot_navigation2' build argument 'catkin_skip_building_tests' from command line to 'False'
[0.223s] DEBUG:colcon.colcon_core.verb:Building package 'myrobot_navigation2' with the following arguments: {'ament_cmake_args': None, 'build_base': '/home/rose/ros_project/ros_ws/build/myrobot_navigation2', 'catkin_cmake_args': None, 'catkin_skip_building_tests': False, 'cmake_args': None, 'cmake_clean_cache': False, 'cmake_clean_first': False, 'cmake_force_configure': False, 'cmake_target': None, 'cmake_target_skip_unavailable': False, 'install_base': '/home/rose/ros_project/ros_ws/install/myrobot_navigation2', 'merge_install': False, 'path': '/home/rose/ros_project/ros_ws/src/myrobot_navigation2', 'symlink_install': False, 'test_result_base': None}
[0.223s] INFO:colcon.colcon_core.executor:Executing jobs using 'parallel' executor
[0.223s] DEBUG:colcon.colcon_parallel_executor.executor.parallel:run_until_complete
[0.224s] INFO:colcon.colcon_ros.task.ament_cmake.build:Building ROS package in '/home/rose/ros_project/ros_ws/src/myrobot_description' with build type 'ament_cmake'
[0.224s] INFO:colcon.colcon_cmake.task.cmake.build:Building CMake package in '/home/rose/ros_project/ros_ws/src/myrobot_description'
[0.225s] INFO:colcon.colcon_core.plugin_system:Skipping extension 'colcon_core.shell.bat': Not used on non-Windows systems
[0.225s] INFO:colcon.colcon_core.shell:Skip shell extension 'powershell' for command environment: Not usable outside of PowerShell
[0.225s] DEBUG:colcon.colcon_core.shell:Skip shell extension 'dsv' for command environment
[0.228s] INFO:colcon.colcon_ros.task.ament_cmake.build:Building ROS package in '/home/rose/ros_project/ros_ws/src/myrobot_navigation2' with build type 'ament_cmake'
[0.228s] INFO:colcon.colcon_cmake.task.cmake.build:Building CMake package in '/home/rose/ros_project/ros_ws/src/myrobot_navigation2'
[0.228s] INFO:colcon.colcon_core.shell:Skip shell extension 'powershell' for command environment: Not usable outside of PowerShell
[0.228s] DEBUG:colcon.colcon_core.shell:Skip shell extension 'dsv' for command environment
[0.235s] DEBUG:colcon.colcon_core.event_handler.log_command:Invoking command in '/home/rose/ros_project/ros_ws/build/myrobot_description': CMAKE_PREFIX_PATH=/opt/ros/humble /usr/bin/cmake /home/rose/ros_project/ros_ws/src/myrobot_description -DCMAKE_INSTALL_PREFIX=/home/rose/ros_project/ros_ws/install/myrobot_description
[0.238s] DEBUG:colcon.colcon_core.event_handler.log_command:Invoking command in '/home/rose/ros_project/ros_ws/build/myrobot_navigation2': CMAKE_PREFIX_PATH=/opt/ros/humble /usr/bin/cmake /home/rose/ros_project/ros_ws/src/myrobot_navigation2 -DCMAKE_INSTALL_PREFIX=/home/rose/ros_project/ros_ws/install/myrobot_navigation2
[0.374s] DEBUG:colcon.colcon_core.event_handler.log_command:Invoked command in '/home/rose/ros_project/ros_ws/build/myrobot_description' returned '0': CMAKE_PREFIX_PATH=/opt/ros/humble /usr/bin/cmake /home/rose/ros_project/ros_ws/src/myrobot_description -DCMAKE_INSTALL_PREFIX=/home/rose/ros_project/ros_ws/install/myrobot_description
[0.376s] DEBUG:colcon.colcon_core.event_handler.log_command:Invoking command in '/home/rose/ros_project/ros_ws/build/myrobot_description': CMAKE_PREFIX_PATH=/opt/ros/humble /usr/bin/cmake --build /home/rose/ros_project/ros_ws/build/myrobot_description -- -j8 -l8
[0.377s] DEBUG:colcon.colcon_core.event_handler.log_command:Invoked command in '/home/rose/ros_project/ros_ws/build/myrobot_navigation2' returned '0': CMAKE_PREFIX_PATH=/opt/ros/humble /usr/bin/cmake /home/rose/ros_project/ros_ws/src/myrobot_navigation2 -DCMAKE_INSTALL_PREFIX=/home/rose/ros_project/ros_ws/install/myrobot_navigation2
[0.378s] DEBUG:colcon.colcon_core.event_handler.log_command:Invoking command in '/home/rose/ros_project/ros_ws/build/myrobot_navigation2': CMAKE_PREFIX_PATH=/opt/ros/humble /usr/bin/cmake --build /home/rose/ros_project/ros_ws/build/myrobot_navigation2 -- -j8 -l8
[0.403s] DEBUG:colcon.colcon_core.event_handler.log_command:Invoked command in '/home/rose/ros_project/ros_ws/build/myrobot_description' returned '0': CMAKE_PREFIX_PATH=/opt/ros/humble /usr/bin/cmake --build /home/rose/ros_project/ros_ws/build/myrobot_description -- -j8 -l8
[0.410s] DEBUG:colcon.colcon_core.event_handler.log_command:Invoking command in '/home/rose/ros_project/ros_ws/build/myrobot_description': CMAKE_PREFIX_PATH=/opt/ros/humble /usr/bin/cmake --install /home/rose/ros_project/ros_ws/build/myrobot_description
[0.411s] DEBUG:colcon.colcon_core.event_handler.log_command:Invoked command in '/home/rose/ros_project/ros_ws/build/myrobot_navigation2' returned '0': CMAKE_PREFIX_PATH=/opt/ros/humble /usr/bin/cmake --build /home/rose/ros_project/ros_ws/build/myrobot_navigation2 -- -j8 -l8
[0.413s] DEBUG:colcon.colcon_core.event_handler.log_command:Invoking command in '/home/rose/ros_project/ros_ws/build/myrobot_navigation2': CMAKE_PREFIX_PATH=/opt/ros/humble /usr/bin/cmake --install /home/rose/ros_project/ros_ws/build/myrobot_navigation2
[0.427s] Level 1:colcon.colcon_core.environment:create_environment_scripts_only(myrobot_description)
[0.428s] DEBUG:colcon.colcon_core.event_handler.log_command:Invoked command in '/home/rose/ros_project/ros_ws/build/myrobot_description' returned '0': CMAKE_PREFIX_PATH=/opt/ros/humble /usr/bin/cmake --install /home/rose/ros_project/ros_ws/build/myrobot_description
[0.429s] Level 1:colcon.colcon_core.environment:checking '/home/rose/ros_project/ros_ws/install/myrobot_description' for CMake module files
[0.430s] Level 1:colcon.colcon_core.environment:checking '/home/rose/ros_project/ros_ws/install/myrobot_description' for CMake config files
[0.430s] Level 1:colcon.colcon_core.shell:create_environment_hook('myrobot_description', 'cmake_prefix_path')
[0.430s] INFO:colcon.colcon_core.shell:Creating environment hook '/home/rose/ros_project/ros_ws/install/myrobot_description/share/myrobot_description/hook/cmake_prefix_path.ps1'
[0.431s] INFO:colcon.colcon_core.shell:Creating environment descriptor '/home/rose/ros_project/ros_ws/install/myrobot_description/share/myrobot_description/hook/cmake_prefix_path.dsv'
[0.431s] INFO:colcon.colcon_core.shell:Creating environment hook '/home/rose/ros_project/ros_ws/install/myrobot_description/share/myrobot_description/hook/cmake_prefix_path.sh'
[0.432s] Level 1:colcon.colcon_core.environment:checking '/home/rose/ros_project/ros_ws/install/myrobot_description/bin'
[0.432s] Level 1:colcon.colcon_core.environment:checking '/home/rose/ros_project/ros_ws/install/myrobot_description/lib/pkgconfig/myrobot_description.pc'
[0.432s] Level 1:colcon.colcon_core.environment:checking '/home/rose/ros_project/ros_ws/install/myrobot_description/lib/python3.10/site-packages'
[0.432s] Level 1:colcon.colcon_core.environment:checking '/home/rose/ros_project/ros_ws/install/myrobot_description/bin'
[0.432s] INFO:colcon.colcon_core.shell:Creating package script '/home/rose/ros_project/ros_ws/install/myrobot_description/share/myrobot_description/package.ps1'
[0.433s] INFO:colcon.colcon_core.shell:Creating package descriptor '/home/rose/ros_project/ros_ws/install/myrobot_description/share/myrobot_description/package.dsv'
[0.433s] INFO:colcon.colcon_core.shell:Creating package script '/home/rose/ros_project/ros_ws/install/myrobot_description/share/myrobot_description/package.sh'
[0.434s] INFO:colcon.colcon_core.shell:Creating package script '/home/rose/ros_project/ros_ws/install/myrobot_description/share/myrobot_description/package.bash'
[0.434s] INFO:colcon.colcon_core.shell:Creating package script '/home/rose/ros_project/ros_ws/install/myrobot_description/share/myrobot_description/package.zsh'
[0.435s] Level 1:colcon.colcon_core.environment:create_file_with_runtime_dependencies(/home/rose/ros_project/ros_ws/install/myrobot_description/share/colcon-core/packages/myrobot_description)
[0.435s] Level 1:colcon.colcon_core.environment:create_environment_scripts_only(myrobot_description)
[0.435s] Level 1:colcon.colcon_core.environment:checking '/home/rose/ros_project/ros_ws/install/myrobot_description' for CMake module files
[0.435s] Level 1:colcon.colcon_core.environment:checking '/home/rose/ros_project/ros_ws/install/myrobot_description' for CMake config files
[0.436s] Level 1:colcon.colcon_core.shell:create_environment_hook('myrobot_description', 'cmake_prefix_path')
[0.436s] INFO:colcon.colcon_core.shell:Creating environment hook '/home/rose/ros_project/ros_ws/install/myrobot_description/share/myrobot_description/hook/cmake_prefix_path.ps1'
[0.436s] INFO:colcon.colcon_core.shell:Creating environment descriptor '/home/rose/ros_project/ros_ws/install/myrobot_description/share/myrobot_description/hook/cmake_prefix_path.dsv'
[0.436s] INFO:colcon.colcon_core.shell:Creating environment hook '/home/rose/ros_project/ros_ws/install/myrobot_description/share/myrobot_description/hook/cmake_prefix_path.sh'
[0.437s] Level 1:colcon.colcon_core.environment:checking '/home/rose/ros_project/ros_ws/install/myrobot_description/bin'
[0.437s] Level 1:colcon.colcon_core.environment:checking '/home/rose/ros_project/ros_ws/install/myrobot_description/lib/pkgconfig/myrobot_description.pc'
[0.437s] Level 1:colcon.colcon_core.environment:checking '/home/rose/ros_project/ros_ws/install/myrobot_description/lib/python3.10/site-packages'
[0.437s] Level 1:colcon.colcon_core.environment:checking '/home/rose/ros_project/ros_ws/install/myrobot_description/bin'
[0.437s] INFO:colcon.colcon_core.shell:Creating package script '/home/rose/ros_project/ros_ws/install/myrobot_description/share/myrobot_description/package.ps1'
[0.438s] INFO:colcon.colcon_core.shell:Creating package descriptor '/home/rose/ros_project/ros_ws/install/myrobot_description/share/myrobot_description/package.dsv'
[0.438s] INFO:colcon.colcon_core.shell:Creating package script '/home/rose/ros_project/ros_ws/install/myrobot_description/share/myrobot_description/package.sh'
[0.438s] INFO:colcon.colcon_core.shell:Creating package script '/home/rose/ros_project/ros_ws/install/myrobot_description/share/myrobot_description/package.bash'
[0.439s] INFO:colcon.colcon_core.shell:Creating package script '/home/rose/ros_project/ros_ws/install/myrobot_description/share/myrobot_description/package.zsh'
[0.439s] Level 1:colcon.colcon_core.environment:create_file_with_runtime_dependencies(/home/rose/ros_project/ros_ws/install/myrobot_description/share/colcon-core/packages/myrobot_description)
[0.439s] Level 1:colcon.colcon_core.environment:create_environment_scripts_only(myrobot_navigation2)
[0.439s] Level 1:colcon.colcon_core.environment:checking '/home/rose/ros_project/ros_ws/install/myrobot_navigation2' for CMake module files
[0.440s] DEBUG:colcon.colcon_core.event_handler.log_command:Invoked command in '/home/rose/ros_project/ros_ws/build/myrobot_navigation2' returned '0': CMAKE_PREFIX_PATH=/opt/ros/humble /usr/bin/cmake --install /home/rose/ros_project/ros_ws/build/myrobot_navigation2
[0.440s] Level 1:colcon.colcon_core.environment:checking '/home/rose/ros_project/ros_ws/install/myrobot_navigation2' for CMake config files
[0.441s] Level 1:colcon.colcon_core.shell:create_environment_hook('myrobot_navigation2', 'cmake_prefix_path')
[0.441s] INFO:colcon.colcon_core.shell:Creating environment hook '/home/rose/ros_project/ros_ws/install/myrobot_navigation2/share/myrobot_navigation2/hook/cmake_prefix_path.ps1'
[0.441s] INFO:colcon.colcon_core.shell:Creating environment descriptor '/home/rose/ros_project/ros_ws/install/myrobot_navigation2/share/myrobot_navigation2/hook/cmake_prefix_path.dsv'
[0.441s] INFO:colcon.colcon_core.shell:Creating environment hook '/home/rose/ros_project/ros_ws/install/myrobot_navigation2/share/myrobot_navigation2/hook/cmake_prefix_path.sh'
[0.442s] Level 1:colcon.colcon_core.environment:checking '/home/rose/ros_project/ros_ws/install/myrobot_navigation2/bin'
[0.442s] Level 1:colcon.colcon_core.environment:checking '/home/rose/ros_project/ros_ws/install/myrobot_navigation2/lib/pkgconfig/myrobot_navigation2.pc'
[0.442s] Level 1:colcon.colcon_core.environment:checking '/home/rose/ros_project/ros_ws/install/myrobot_navigation2/lib/python3.10/site-packages'
[0.442s] Level 1:colcon.colcon_core.environment:checking '/home/rose/ros_project/ros_ws/install/myrobot_navigation2/bin'
[0.442s] INFO:colcon.colcon_core.shell:Creating package script '/home/rose/ros_project/ros_ws/install/myrobot_navigation2/share/myrobot_navigation2/package.ps1'
[0.443s] INFO:colcon.colcon_core.shell:Creating package descriptor '/home/rose/ros_project/ros_ws/install/myrobot_navigation2/share/myrobot_navigation2/package.dsv'
[0.443s] INFO:colcon.colcon_core.shell:Creating package script '/home/rose/ros_project/ros_ws/install/myrobot_navigation2/share/myrobot_navigation2/package.sh'
[0.443s] INFO:colcon.colcon_core.shell:Creating package script '/home/rose/ros_project/ros_ws/install/myrobot_navigation2/share/myrobot_navigation2/package.bash'
[0.443s] INFO:colcon.colcon_core.shell:Creating package script '/home/rose/ros_project/ros_ws/install/myrobot_navigation2/share/myrobot_navigation2/package.zsh'
[0.444s] Level 1:colcon.colcon_core.environment:create_file_with_runtime_dependencies(/home/rose/ros_project/ros_ws/install/myrobot_navigation2/share/colcon-core/packages/myrobot_navigation2)
[0.444s] Level 1:colcon.colcon_core.environment:create_environment_scripts_only(myrobot_navigation2)
[0.444s] Level 1:colcon.colcon_core.environment:checking '/home/rose/ros_project/ros_ws/install/myrobot_navigation2' for CMake module files
[0.444s] Level 1:colcon.colcon_core.environment:checking '/home/rose/ros_project/ros_ws/install/myrobot_navigation2' for CMake config files
[0.445s] Level 1:colcon.colcon_core.shell:create_environment_hook('myrobot_navigation2', 'cmake_prefix_path')
[0.445s] INFO:colcon.colcon_core.shell:Creating environment hook '/home/rose/ros_project/ros_ws/install/myrobot_navigation2/share/myrobot_navigation2/hook/cmake_prefix_path.ps1'
[0.445s] INFO:colcon.colcon_core.shell:Creating environment descriptor '/home/rose/ros_project/ros_ws/install/myrobot_navigation2/share/myrobot_navigation2/hook/cmake_prefix_path.dsv'
[0.445s] INFO:colcon.colcon_core.shell:Creating environment hook '/home/rose/ros_project/ros_ws/install/myrobot_navigation2/share/myrobot_navigation2/hook/cmake_prefix_path.sh'
[0.446s] Level 1:colcon.colcon_core.environment:checking '/home/rose/ros_project/ros_ws/install/myrobot_navigation2/bin'
[0.446s] Level 1:colcon.colcon_core.environment:checking '/home/rose/ros_project/ros_ws/install/myrobot_navigation2/lib/pkgconfig/myrobot_navigation2.pc'
[0.446s] Level 1:colcon.colcon_core.environment:checking '/home/rose/ros_project/ros_ws/install/myrobot_navigation2/lib/python3.10/site-packages'
[0.446s] Level 1:colcon.colcon_core.environment:checking '/home/rose/ros_project/ros_ws/install/myrobot_navigation2/bin'
[0.446s] INFO:colcon.colcon_core.shell:Creating package script '/home/rose/ros_project/ros_ws/install/myrobot_navigation2/share/myrobot_navigation2/package.ps1'
[0.447s] INFO:colcon.colcon_core.shell:Creating package descriptor '/home/rose/ros_project/ros_ws/install/myrobot_navigation2/share/myrobot_navigation2/package.dsv'
[0.447s] INFO:colcon.colcon_core.shell:Creating package script '/home/rose/ros_project/ros_ws/install/myrobot_navigation2/share/myrobot_navigation2/package.sh'
[0.447s] INFO:colcon.colcon_core.shell:Creating package script '/home/rose/ros_project/ros_ws/install/myrobot_navigation2/share/myrobot_navigation2/package.bash'
[0.447s] INFO:colcon.colcon_core.shell:Creating package script '/home/rose/ros_project/ros_ws/install/myrobot_navigation2/share/myrobot_navigation2/package.zsh'
[0.448s] Level 1:colcon.colcon_core.environment:create_file_with_runtime_dependencies(/home/rose/ros_project/ros_ws/install/myrobot_navigation2/share/colcon-core/packages/myrobot_navigation2)
[0.448s] DEBUG:colcon.colcon_parallel_executor.executor.parallel:closing loop
[0.449s] DEBUG:colcon.colcon_parallel_executor.executor.parallel:loop closed
[0.449s] DEBUG:colcon.colcon_parallel_executor.executor.parallel:run_until_complete finished with '0'
[0.449s] DEBUG:colcon.colcon_core.event_reactor:joining thread
[0.453s] INFO:colcon.colcon_core.plugin_system:Skipping extension 'colcon_notification.desktop_notification.terminal_notifier': Not used on non-Darwin systems
[0.453s] INFO:colcon.colcon_core.plugin_system:Skipping extension 'colcon_notification.desktop_notification.win32': Not used on non-Windows systems
[0.453s] INFO:colcon.colcon_notification.desktop_notification:Sending desktop notification using 'notify2'
[0.525s] DEBUG:colcon.colcon_core.event_reactor:joined thread
[0.525s] INFO:colcon.colcon_core.shell:Creating prefix script '/home/rose/ros_project/ros_ws/install/local_setup.ps1'
[0.526s] INFO:colcon.colcon_core.shell:Creating prefix util module '/home/rose/ros_project/ros_ws/install/_local_setup_util_ps1.py'
[0.526s] INFO:colcon.colcon_core.shell:Creating prefix chain script '/home/rose/ros_project/ros_ws/install/setup.ps1'
[0.527s] INFO:colcon.colcon_core.shell:Creating prefix script '/home/rose/ros_project/ros_ws/install/local_setup.sh'
[0.527s] INFO:colcon.colcon_core.shell:Creating prefix util module '/home/rose/ros_project/ros_ws/install/_local_setup_util_sh.py'
[0.528s] INFO:colcon.colcon_core.shell:Creating prefix chain script '/home/rose/ros_project/ros_ws/install/setup.sh'
[0.529s] INFO:colcon.colcon_core.shell:Creating prefix script '/home/rose/ros_project/ros_ws/install/local_setup.bash'
[0.529s] INFO:colcon.colcon_core.shell:Creating prefix chain script '/home/rose/ros_project/ros_ws/install/setup.bash'
[0.529s] INFO:colcon.colcon_core.shell:Creating prefix script '/home/rose/ros_project/ros_ws/install/local_setup.zsh'
[0.530s] INFO:colcon.colcon_core.shell:Creating prefix chain script '/home/rose/ros_project/ros_ws/install/setup.zsh'
