[0.007s] Invoking command in '/home/rose/ros_project/ros_ws/build/myrobot_navigation2': CMAKE_PREFIX_PATH=/opt/ros/humble /usr/bin/cmake /home/rose/ros_project/ros_ws/src/myrobot_navigation2 -DAMENT_CMAKE_SYMLINK_INSTALL=1 -DCMAKE_INSTALL_PREFIX=/home/rose/ros_project/ros_ws/install/myrobot_navigation2
[0.127s] -- The C compiler identification is GNU 11.4.0
[0.219s] -- The CXX compiler identification is GNU 11.4.0
[0.232s] -- Detecting C compiler ABI info
[0.287s] -- Detecting C compiler ABI info - done
[0.291s] -- Check for working C compiler: /usr/bin/cc - skipped
[0.291s] -- Detecting C compile features
[0.292s] -- Detecting C compile features - done
[0.295s] -- Detecting CXX compiler ABI info
[0.356s] -- Detecting CXX compiler ABI info - done
[0.359s] -- Check for working CXX compiler: /usr/bin/c++ - skipped
[0.360s] -- Detecting CXX compile features
[0.360s] -- Detecting CXX compile features - done
[0.374s] -- Found ament_cmake: 1.3.14 (/opt/ros/humble/share/ament_cmake/cmake)
[0.474s] -- Found Python3: /usr/bin/python3 (found version "3.10.12") found components: Interpreter 
[0.523s] -- Override CMake install command with custom implementation using symlinks instead of copying resources
[0.558s] -- Found ament_lint_auto: 0.12.15 (/opt/ros/humble/share/ament_lint_auto/cmake)
[0.618s] -- Added test 'flake8' to check Python code syntax and style conventions
[0.619s] -- Added test 'lint_cmake' to check CMake code style
[0.619s] -- Added test 'pep257' to check Python code against some of the docstring style conventions in PEP 257
[0.620s] -- Added test 'xmllint' to check XML markup files
[0.622s] -- Configuring done
[0.624s] -- Generating done
[0.625s] -- Build files have been written to: /home/rose/ros_project/ros_ws/build/myrobot_navigation2
[0.628s] Invoked command in '/home/rose/ros_project/ros_ws/build/myrobot_navigation2' returned '0': CMAKE_PREFIX_PATH=/opt/ros/humble /usr/bin/cmake /home/rose/ros_project/ros_ws/src/myrobot_navigation2 -DAMENT_CMAKE_SYMLINK_INSTALL=1 -DCMAKE_INSTALL_PREFIX=/home/rose/ros_project/ros_ws/install/myrobot_navigation2
[0.630s] Invoking command in '/home/rose/ros_project/ros_ws/build/myrobot_navigation2': CMAKE_PREFIX_PATH=/opt/ros/humble /usr/bin/cmake --build /home/rose/ros_project/ros_ws/build/myrobot_navigation2 -- -j8 -l8
[0.658s] Invoked command in '/home/rose/ros_project/ros_ws/build/myrobot_navigation2' returned '0': CMAKE_PREFIX_PATH=/opt/ros/humble /usr/bin/cmake --build /home/rose/ros_project/ros_ws/build/myrobot_navigation2 -- -j8 -l8
[0.666s] Invoking command in '/home/rose/ros_project/ros_ws/build/myrobot_navigation2': CMAKE_PREFIX_PATH=/opt/ros/humble /usr/bin/cmake --install /home/rose/ros_project/ros_ws/build/myrobot_navigation2
[0.671s] -- Install configuration: ""
[0.671s] -- Execute custom install script
[0.671s] -- Symlinking: /home/rose/ros_project/ros_ws/install/myrobot_navigation2/share/myrobot_navigation2/launch/__pycache__/navigation2.launch.cpython-310.pyc
[0.677s] -- Symlinking: /home/rose/ros_project/ros_ws/install/myrobot_navigation2/share/myrobot_navigation2/launch/navigation2.launch.py
[0.685s] -- Symlinking: /home/rose/ros_project/ros_ws/install/myrobot_navigation2/share/myrobot_navigation2/config/nav2_params.yaml
[0.691s] -- Symlinking: /home/rose/ros_project/ros_ws/install/myrobot_navigation2/share/myrobot_navigation2/maps/room.pgm
[0.698s] -- Symlinking: /home/rose/ros_project/ros_ws/install/myrobot_navigation2/share/myrobot_navigation2/maps/room.yaml
[0.704s] -- Symlinking: /home/rose/ros_project/ros_ws/install/myrobot_navigation2/share/ament_index/resource_index/package_run_dependencies/myrobot_navigation2
[0.711s] -- Symlinking: /home/rose/ros_project/ros_ws/install/myrobot_navigation2/share/ament_index/resource_index/parent_prefix_path/myrobot_navigation2
[0.716s] -- Symlinking: /home/rose/ros_project/ros_ws/install/myrobot_navigation2/share/myrobot_navigation2/environment/ament_prefix_path.sh
[0.722s] -- Symlinking: /home/rose/ros_project/ros_ws/install/myrobot_navigation2/share/myrobot_navigation2/environment/ament_prefix_path.dsv
[0.728s] -- Symlinking: /home/rose/ros_project/ros_ws/install/myrobot_navigation2/share/myrobot_navigation2/environment/path.sh
[0.733s] -- Symlinking: /home/rose/ros_project/ros_ws/install/myrobot_navigation2/share/myrobot_navigation2/environment/path.dsv
[0.740s] -- Symlinking: /home/rose/ros_project/ros_ws/install/myrobot_navigation2/share/myrobot_navigation2/local_setup.bash
[0.746s] -- Symlinking: /home/rose/ros_project/ros_ws/install/myrobot_navigation2/share/myrobot_navigation2/local_setup.sh
[0.752s] -- Symlinking: /home/rose/ros_project/ros_ws/install/myrobot_navigation2/share/myrobot_navigation2/local_setup.zsh
[0.758s] -- Symlinking: /home/rose/ros_project/ros_ws/install/myrobot_navigation2/share/myrobot_navigation2/local_setup.dsv
[0.763s] -- Symlinking: /home/rose/ros_project/ros_ws/install/myrobot_navigation2/share/myrobot_navigation2/package.dsv
[0.769s] -- Symlinking: /home/rose/ros_project/ros_ws/install/myrobot_navigation2/share/ament_index/resource_index/packages/myrobot_navigation2
[0.775s] -- Symlinking: /home/rose/ros_project/ros_ws/install/myrobot_navigation2/share/myrobot_navigation2/cmake/myrobot_navigation2Config.cmake
[0.781s] -- Symlinking: /home/rose/ros_project/ros_ws/install/myrobot_navigation2/share/myrobot_navigation2/cmake/myrobot_navigation2Config-version.cmake
[0.787s] -- Symlinking: /home/rose/ros_project/ros_ws/install/myrobot_navigation2/share/myrobot_navigation2/package.xml
[0.794s] Invoked command in '/home/rose/ros_project/ros_ws/build/myrobot_navigation2' returned '0': CMAKE_PREFIX_PATH=/opt/ros/humble /usr/bin/cmake --install /home/rose/ros_project/ros_ws/build/myrobot_navigation2
