[0.015s] Invoking command in '/home/rose/ros_project/ros_ws/build/myrobot_description': CMAKE_PREFIX_PATH=/opt/ros/humble /usr/bin/cmake /home/rose/ros_project/ros_ws/src/myrobot_description -DAMENT_CMAKE_SYMLINK_INSTALL=1 -DCMAKE_INSTALL_PREFIX=/home/rose/ros_project/ros_ws/install/myrobot_description
[0.137s] -- The C compiler identification is GNU 11.4.0
[0.229s] -- The CXX compiler identification is GNU 11.4.0
[0.241s] -- Detecting C compiler ABI info
[0.296s] -- Detecting C compiler ABI info - done
[0.300s] -- Check for working C compiler: /usr/bin/cc - skipped
[0.301s] -- Detecting C compile features
[0.301s] -- Detecting C compile features - done
[0.304s] -- Detecting CXX compiler ABI info
[0.368s] -- Detecting CXX compiler ABI info - done
[0.369s] -- Check for working CXX compiler: /usr/bin/c++ - skipped
[0.369s] -- Detecting CXX compile features
[0.370s] -- Detecting CXX compile features - done
[0.383s] -- Found ament_cmake: 1.3.14 (/opt/ros/humble/share/ament_cmake/cmake)
[0.484s] -- Found Python3: /usr/bin/python3 (found version "3.10.12") found components: Interpreter 
[0.532s] -- Override CMake install command with custom implementation using symlinks instead of copying resources
[0.567s] -- Found ament_lint_auto: 0.12.15 (/opt/ros/humble/share/ament_lint_auto/cmake)
[0.627s] -- Added test 'flake8' to check Python code syntax and style conventions
[0.628s] -- Added test 'lint_cmake' to check CMake code style
[0.628s] -- Added test 'pep257' to check Python code against some of the docstring style conventions in PEP 257
[0.630s] -- Added test 'xmllint' to check XML markup files
[0.631s] -- Configuring done
[0.633s] -- Generating done
[0.634s] -- Build files have been written to: /home/rose/ros_project/ros_ws/build/myrobot_description
[0.639s] Invoked command in '/home/rose/ros_project/ros_ws/build/myrobot_description' returned '0': CMAKE_PREFIX_PATH=/opt/ros/humble /usr/bin/cmake /home/rose/ros_project/ros_ws/src/myrobot_description -DAMENT_CMAKE_SYMLINK_INSTALL=1 -DCMAKE_INSTALL_PREFIX=/home/rose/ros_project/ros_ws/install/myrobot_description
[0.640s] Invoking command in '/home/rose/ros_project/ros_ws/build/myrobot_description': CMAKE_PREFIX_PATH=/opt/ros/humble /usr/bin/cmake --build /home/rose/ros_project/ros_ws/build/myrobot_description -- -j8 -l8
[0.676s] Invoked command in '/home/rose/ros_project/ros_ws/build/myrobot_description' returned '0': CMAKE_PREFIX_PATH=/opt/ros/humble /usr/bin/cmake --build /home/rose/ros_project/ros_ws/build/myrobot_description -- -j8 -l8
[0.676s] Invoking command in '/home/rose/ros_project/ros_ws/build/myrobot_description': CMAKE_PREFIX_PATH=/opt/ros/humble /usr/bin/cmake --install /home/rose/ros_project/ros_ws/build/myrobot_description
[0.681s] -- Install configuration: ""
[0.681s] -- Execute custom install script
[0.682s] -- Symlinking: /home/rose/ros_project/ros_ws/install/myrobot_description/share/myrobot_description/launch/__pycache__/display_robot.launch.cpython-310.pyc
[0.687s] -- Symlinking: /home/rose/ros_project/ros_ws/install/myrobot_description/share/myrobot_description/launch/__pycache__/gazebo_sim.launch.cpython-310.pyc
[0.694s] -- Symlinking: /home/rose/ros_project/ros_ws/install/myrobot_description/share/myrobot_description/launch/display_robot.launch.py
[0.700s] -- Symlinking: /home/rose/ros_project/ros_ws/install/myrobot_description/share/myrobot_description/launch/gazebo_sim.launch.py
[0.707s] -- Symlinking: /home/rose/ros_project/ros_ws/install/myrobot_description/share/myrobot_description/urdf/first_robot.gv
[0.713s] -- Symlinking: /home/rose/ros_project/ros_ws/install/myrobot_description/share/myrobot_description/urdf/first_robot.pdf
[0.720s] -- Symlinking: /home/rose/ros_project/ros_ws/install/myrobot_description/share/myrobot_description/urdf/first_robot.urdf
[0.725s] -- Symlinking: /home/rose/ros_project/ros_ws/install/myrobot_description/share/myrobot_description/urdf/first_robot.xacro
[0.731s] -- Symlinking: /home/rose/ros_project/ros_ws/install/myrobot_description/share/myrobot_description/urdf/myrobot/actuator/caster.urdf.xacro
[0.737s] -- Symlinking: /home/rose/ros_project/ros_ws/install/myrobot_description/share/myrobot_description/urdf/myrobot/actuator/wheel.urdf.xacro
[0.742s] -- Symlinking: /home/rose/ros_project/ros_ws/install/myrobot_description/share/myrobot_description/urdf/myrobot/base.urdf.xacro
[0.749s] -- Symlinking: /home/rose/ros_project/ros_ws/install/myrobot_description/share/myrobot_description/urdf/myrobot/common_inertia.xacro
[0.755s] -- Symlinking: /home/rose/ros_project/ros_ws/install/myrobot_description/share/myrobot_description/urdf/myrobot/myrobot.ros2_control.xacro
[0.761s] -- Symlinking: /home/rose/ros_project/ros_ws/install/myrobot_description/share/myrobot_description/urdf/myrobot/myrobot.urdf.xacro
[0.767s] -- Symlinking: /home/rose/ros_project/ros_ws/install/myrobot_description/share/myrobot_description/urdf/myrobot/plugins/gazebo_control_plugins.xacro
[0.772s] -- Symlinking: /home/rose/ros_project/ros_ws/install/myrobot_description/share/myrobot_description/urdf/myrobot/plugins/gazebo_sensor_plugins.xacro
[0.778s] -- Symlinking: /home/rose/ros_project/ros_ws/install/myrobot_description/share/myrobot_description/urdf/myrobot/sensor/camera.urdf.xacro
[0.784s] -- Symlinking: /home/rose/ros_project/ros_ws/install/myrobot_description/share/myrobot_description/urdf/myrobot/sensor/imu.urdf.xacro
[0.790s] -- Symlinking: /home/rose/ros_project/ros_ws/install/myrobot_description/share/myrobot_description/urdf/myrobot/sensor/laser.urdf.xacro
[0.796s] -- Symlinking: /home/rose/ros_project/ros_ws/install/myrobot_description/share/myrobot_description/config/display_robot_model.rviz
[0.801s] -- Symlinking: /home/rose/ros_project/ros_ws/install/myrobot_description/share/myrobot_description/config/myrobot_ros2_controller.yaml
[0.822s] -- Symlinking: /home/rose/ros_project/ros_ws/install/myrobot_description/share/myrobot_description/world/custom_room.world
[0.822s] -- Symlinking: /home/rose/ros_project/ros_ws/install/myrobot_description/share/myrobot_description/world/room/model.config
[0.822s] -- Symlinking: /home/rose/ros_project/ros_ws/install/myrobot_description/share/myrobot_description/world/room/model.sdf
[0.828s] -- Symlinking: /home/rose/ros_project/ros_ws/install/myrobot_description/share/ament_index/resource_index/package_run_dependencies/myrobot_description
[0.834s] -- Symlinking: /home/rose/ros_project/ros_ws/install/myrobot_description/share/ament_index/resource_index/parent_prefix_path/myrobot_description
[0.840s] -- Symlinking: /home/rose/ros_project/ros_ws/install/myrobot_description/share/myrobot_description/environment/ament_prefix_path.sh
[0.847s] -- Symlinking: /home/rose/ros_project/ros_ws/install/myrobot_description/share/myrobot_description/environment/ament_prefix_path.dsv
[0.853s] -- Symlinking: /home/rose/ros_project/ros_ws/install/myrobot_description/share/myrobot_description/environment/path.sh
[0.859s] -- Symlinking: /home/rose/ros_project/ros_ws/install/myrobot_description/share/myrobot_description/environment/path.dsv
[0.865s] -- Symlinking: /home/rose/ros_project/ros_ws/install/myrobot_description/share/myrobot_description/local_setup.bash
[0.871s] -- Symlinking: /home/rose/ros_project/ros_ws/install/myrobot_description/share/myrobot_description/local_setup.sh
[0.877s] -- Symlinking: /home/rose/ros_project/ros_ws/install/myrobot_description/share/myrobot_description/local_setup.zsh
[0.884s] -- Symlinking: /home/rose/ros_project/ros_ws/install/myrobot_description/share/myrobot_description/local_setup.dsv
[0.890s] -- Symlinking: /home/rose/ros_project/ros_ws/install/myrobot_description/share/myrobot_description/package.dsv
[0.896s] -- Symlinking: /home/rose/ros_project/ros_ws/install/myrobot_description/share/ament_index/resource_index/packages/myrobot_description
[0.902s] -- Symlinking: /home/rose/ros_project/ros_ws/install/myrobot_description/share/myrobot_description/cmake/myrobot_descriptionConfig.cmake
[0.909s] -- Symlinking: /home/rose/ros_project/ros_ws/install/myrobot_description/share/myrobot_description/cmake/myrobot_descriptionConfig-version.cmake
[0.915s] -- Symlinking: /home/rose/ros_project/ros_ws/install/myrobot_description/share/myrobot_description/package.xml
[0.923s] Invoked command in '/home/rose/ros_project/ros_ws/build/myrobot_description' returned '0': CMAKE_PREFIX_PATH=/opt/ros/humble /usr/bin/cmake --install /home/rose/ros_project/ros_ws/build/myrobot_description
