[0.010s] Invoking command in '/home/rose/ros_project/ros_ws/build/myrobot_navigation2': CMAKE_PREFIX_PATH=/opt/ros/humble /usr/bin/cmake /home/rose/ros_project/ros_ws/src/myrobot_navigation2 -DCMAKE_INSTALL_PREFIX=/home/rose/ros_project/ros_ws/install/myrobot_navigation2
[0.016s] -- Found ament_cmake: 1.3.14 (/opt/ros/humble/share/ament_cmake/cmake)
[0.095s] -- Override CMake install command with custom implementation using symlinks instead of copying resources
[0.099s] -- Found ament_lint_auto: 0.12.15 (/opt/ros/humble/share/ament_lint_auto/cmake)
[0.142s] -- Added test 'flake8' to check Python code syntax and style conventions
[0.142s] -- Added test 'lint_cmake' to check CMake code style
[0.143s] -- Added test 'pep257' to check Python code against some of the docstring style conventions in PEP 257
[0.143s] -- Added test 'xmllint' to check XML markup files
[0.144s] -- Configuring done
[0.146s] -- Generating done
[0.148s] -- Build files have been written to: /home/rose/ros_project/ros_ws/build/myrobot_navigation2
[0.149s] Invoked command in '/home/rose/ros_project/ros_ws/build/myrobot_navigation2' returned '0': CMAKE_PREFIX_PATH=/opt/ros/humble /usr/bin/cmake /home/rose/ros_project/ros_ws/src/myrobot_navigation2 -DCMAKE_INSTALL_PREFIX=/home/rose/ros_project/ros_ws/install/myrobot_navigation2
[0.150s] Invoking command in '/home/rose/ros_project/ros_ws/build/myrobot_navigation2': CMAKE_PREFIX_PATH=/opt/ros/humble /usr/bin/cmake --build /home/rose/ros_project/ros_ws/build/myrobot_navigation2 -- -j8 -l8
[0.183s] Invoked command in '/home/rose/ros_project/ros_ws/build/myrobot_navigation2' returned '0': CMAKE_PREFIX_PATH=/opt/ros/humble /usr/bin/cmake --build /home/rose/ros_project/ros_ws/build/myrobot_navigation2 -- -j8 -l8
[0.184s] Invoking command in '/home/rose/ros_project/ros_ws/build/myrobot_navigation2': CMAKE_PREFIX_PATH=/opt/ros/humble /usr/bin/cmake --install /home/rose/ros_project/ros_ws/build/myrobot_navigation2
[0.189s] -- Install configuration: ""
[0.190s] -- Execute custom install script
[0.190s] -- Up-to-date symlink: /home/rose/ros_project/ros_ws/install/myrobot_navigation2/share/myrobot_navigation2/launch/__pycache__/navigation2.launch.cpython-310.pyc
[0.190s] -- Up-to-date symlink: /home/rose/ros_project/ros_ws/install/myrobot_navigation2/share/myrobot_navigation2/launch/navigation2.launch.py
[0.191s] -- Up-to-date symlink: /home/rose/ros_project/ros_ws/install/myrobot_navigation2/share/myrobot_navigation2/config/nav2_params.yaml
[0.191s] -- Up-to-date symlink: /home/rose/ros_project/ros_ws/install/myrobot_navigation2/share/myrobot_navigation2/maps/room.pgm
[0.191s] -- Up-to-date symlink: /home/rose/ros_project/ros_ws/install/myrobot_navigation2/share/myrobot_navigation2/maps/room.yaml
[0.191s] -- Up-to-date symlink: /home/rose/ros_project/ros_ws/install/myrobot_navigation2/share/ament_index/resource_index/package_run_dependencies/myrobot_navigation2
[0.191s] -- Up-to-date symlink: /home/rose/ros_project/ros_ws/install/myrobot_navigation2/share/ament_index/resource_index/parent_prefix_path/myrobot_navigation2
[0.191s] -- Up-to-date symlink: /home/rose/ros_project/ros_ws/install/myrobot_navigation2/share/myrobot_navigation2/environment/ament_prefix_path.sh
[0.192s] -- Up-to-date symlink: /home/rose/ros_project/ros_ws/install/myrobot_navigation2/share/myrobot_navigation2/environment/ament_prefix_path.dsv
[0.192s] -- Up-to-date symlink: /home/rose/ros_project/ros_ws/install/myrobot_navigation2/share/myrobot_navigation2/environment/path.sh
[0.192s] -- Up-to-date symlink: /home/rose/ros_project/ros_ws/install/myrobot_navigation2/share/myrobot_navigation2/environment/path.dsv
[0.192s] -- Up-to-date symlink: /home/rose/ros_project/ros_ws/install/myrobot_navigation2/share/myrobot_navigation2/local_setup.bash
[0.192s] -- Up-to-date symlink: /home/rose/ros_project/ros_ws/install/myrobot_navigation2/share/myrobot_navigation2/local_setup.sh
[0.192s] -- Up-to-date symlink: /home/rose/ros_project/ros_ws/install/myrobot_navigation2/share/myrobot_navigation2/local_setup.zsh
[0.192s] -- Up-to-date symlink: /home/rose/ros_project/ros_ws/install/myrobot_navigation2/share/myrobot_navigation2/local_setup.dsv
[0.192s] -- Symlinking: /home/rose/ros_project/ros_ws/install/myrobot_navigation2/share/myrobot_navigation2/package.dsv
[0.198s] -- Up-to-date symlink: /home/rose/ros_project/ros_ws/install/myrobot_navigation2/share/ament_index/resource_index/packages/myrobot_navigation2
[0.198s] -- Up-to-date symlink: /home/rose/ros_project/ros_ws/install/myrobot_navigation2/share/myrobot_navigation2/cmake/myrobot_navigation2Config.cmake
[0.198s] -- Up-to-date symlink: /home/rose/ros_project/ros_ws/install/myrobot_navigation2/share/myrobot_navigation2/cmake/myrobot_navigation2Config-version.cmake
[0.198s] -- Up-to-date symlink: /home/rose/ros_project/ros_ws/install/myrobot_navigation2/share/myrobot_navigation2/package.xml
[0.212s] Invoked command in '/home/rose/ros_project/ros_ws/build/myrobot_navigation2' returned '0': CMAKE_PREFIX_PATH=/opt/ros/humble /usr/bin/cmake --install /home/rose/ros_project/ros_ws/build/myrobot_navigation2
