[0.070s] DEBUG:colcon:Command line arguments: ['/usr/bin/colcon', 'build']
[0.070s] DEBUG:colcon:Parsed command line arguments: Namespace(log_base=None, log_level=None, verb_name='build', build_base='build', install_base='install', merge_install=False, symlink_install=False, test_result_base=None, continue_on_error=False, executor='parallel', parallel_workers=8, event_handlers=None, ignore_user_meta=False, metas=['./colcon.meta'], base_paths=['.'], packages_ignore=None, packages_ignore_regex=None, paths=None, packages_up_to=None, packages_up_to_regex=None, packages_above=None, packages_above_and_dependencies=None, packages_above_depth=None, packages_select_by_dep=None, packages_skip_by_dep=None, packages_skip_up_to=None, packages_select_build_failed=False, packages_skip_build_finished=False, packages_select_test_failures=False, packages_skip_test_passed=False, packages_select=None, packages_skip=None, packages_select_regex=None, packages_skip_regex=None, packages_start=None, packages_end=None, allow_overriding=[], cmake_args=None, cmake_target=None, cmake_target_skip_unavailable=False, cmake_clean_cache=False, cmake_clean_first=False, cmake_force_configure=False, ament_cmake_args=None, catkin_cmake_args=None, catkin_skip_building_tests=False, verb_parser=<colcon_defaults.argument_parser.defaults.DefaultArgumentsDecorator object at 0x73041f76cca0>, verb_extension=<colcon_core.verb.build.BuildVerb object at 0x73041f76c730>, main=<bound method BuildVerb.main of <colcon_core.verb.build.BuildVerb object at 0x73041f76c730>>)
[0.162s] Level 1:colcon.colcon_core.package_discovery:discover_packages(colcon_meta) check parameters
[0.162s] Level 1:colcon.colcon_core.package_discovery:discover_packages(recursive) check parameters
[0.162s] Level 1:colcon.colcon_core.package_discovery:discover_packages(ignore) check parameters
[0.162s] Level 1:colcon.colcon_core.package_discovery:discover_packages(path) check parameters
[0.162s] Level 1:colcon.colcon_core.package_discovery:discover_packages(colcon_meta) discover
[0.162s] Level 1:colcon.colcon_core.package_discovery:discover_packages(recursive) discover
[0.162s] INFO:colcon.colcon_core.package_discovery:Crawling recursively for packages in '/home/rose/ros_project/ros_ws'
[0.162s] Level 1:colcon.colcon_core.package_identification:_identify(.) by extensions ['ignore', 'ignore_ament_install']
[0.162s] Level 1:colcon.colcon_core.package_identification:_identify(.) by extension 'ignore'
[0.162s] Level 1:colcon.colcon_core.package_identification:_identify(.) by extension 'ignore_ament_install'
[0.162s] Level 1:colcon.colcon_core.package_identification:_identify(.) by extensions ['colcon_pkg']
[0.162s] Level 1:colcon.colcon_core.package_identification:_identify(.) by extension 'colcon_pkg'
[0.162s] Level 1:colcon.colcon_core.package_identification:_identify(.) by extensions ['colcon_meta']
[0.162s] Level 1:colcon.colcon_core.package_identification:_identify(.) by extension 'colcon_meta'
[0.162s] Level 1:colcon.colcon_core.package_identification:_identify(.) by extensions ['ros']
[0.162s] Level 1:colcon.colcon_core.package_identification:_identify(.) by extension 'ros'
[0.168s] Level 1:colcon.colcon_core.package_identification:_identify(.) by extensions ['cmake', 'python']
[0.168s] Level 1:colcon.colcon_core.package_identification:_identify(.) by extension 'cmake'
[0.168s] Level 1:colcon.colcon_core.package_identification:_identify(.) by extension 'python'
[0.168s] Level 1:colcon.colcon_core.package_identification:_identify(.) by extensions ['python_setup_py']
[0.168s] Level 1:colcon.colcon_core.package_identification:_identify(.) by extension 'python_setup_py'
[0.168s] Level 1:colcon.colcon_core.package_identification:_identify(build) by extensions ['ignore', 'ignore_ament_install']
[0.168s] Level 1:colcon.colcon_core.package_identification:_identify(build) by extension 'ignore'
[0.168s] Level 1:colcon.colcon_core.package_identification:_identify(build) ignored
[0.169s] Level 1:colcon.colcon_core.package_identification:_identify(install) by extensions ['ignore', 'ignore_ament_install']
[0.169s] Level 1:colcon.colcon_core.package_identification:_identify(install) by extension 'ignore'
[0.169s] Level 1:colcon.colcon_core.package_identification:_identify(install) ignored
[0.169s] Level 1:colcon.colcon_core.package_identification:_identify(log) by extensions ['ignore', 'ignore_ament_install']
[0.169s] Level 1:colcon.colcon_core.package_identification:_identify(log) by extension 'ignore'
[0.169s] Level 1:colcon.colcon_core.package_identification:_identify(log) ignored
[0.169s] Level 1:colcon.colcon_core.package_identification:_identify(src) by extensions ['ignore', 'ignore_ament_install']
[0.169s] Level 1:colcon.colcon_core.package_identification:_identify(src) by extension 'ignore'
[0.169s] Level 1:colcon.colcon_core.package_identification:_identify(src) by extension 'ignore_ament_install'
[0.169s] Level 1:colcon.colcon_core.package_identification:_identify(src) by extensions ['colcon_pkg']
[0.169s] Level 1:colcon.colcon_core.package_identification:_identify(src) by extension 'colcon_pkg'
[0.169s] Level 1:colcon.colcon_core.package_identification:_identify(src) by extensions ['colcon_meta']
[0.169s] Level 1:colcon.colcon_core.package_identification:_identify(src) by extension 'colcon_meta'
[0.169s] Level 1:colcon.colcon_core.package_identification:_identify(src) by extensions ['ros']
[0.169s] Level 1:colcon.colcon_core.package_identification:_identify(src) by extension 'ros'
[0.169s] Level 1:colcon.colcon_core.package_identification:_identify(src) by extensions ['cmake', 'python']
[0.169s] Level 1:colcon.colcon_core.package_identification:_identify(src) by extension 'cmake'
[0.169s] Level 1:colcon.colcon_core.package_identification:_identify(src) by extension 'python'
[0.169s] Level 1:colcon.colcon_core.package_identification:_identify(src) by extensions ['python_setup_py']
[0.169s] Level 1:colcon.colcon_core.package_identification:_identify(src) by extension 'python_setup_py'
[0.169s] Level 1:colcon.colcon_core.package_identification:_identify(src/myrobot_application) by extensions ['ignore', 'ignore_ament_install']
[0.169s] Level 1:colcon.colcon_core.package_identification:_identify(src/myrobot_application) by extension 'ignore'
[0.169s] Level 1:colcon.colcon_core.package_identification:_identify(src/myrobot_application) by extension 'ignore_ament_install'
[0.169s] Level 1:colcon.colcon_core.package_identification:_identify(src/myrobot_application) by extensions ['colcon_pkg']
[0.169s] Level 1:colcon.colcon_core.package_identification:_identify(src/myrobot_application) by extension 'colcon_pkg'
[0.170s] Level 1:colcon.colcon_core.package_identification:_identify(src/myrobot_application) by extensions ['colcon_meta']
[0.170s] Level 1:colcon.colcon_core.package_identification:_identify(src/myrobot_application) by extension 'colcon_meta'
[0.170s] Level 1:colcon.colcon_core.package_identification:_identify(src/myrobot_application) by extensions ['ros']
[0.170s] Level 1:colcon.colcon_core.package_identification:_identify(src/myrobot_application) by extension 'ros'
[0.171s] DEBUG:colcon.colcon_core.package_identification:Package 'src/myrobot_application' with type 'ros.ament_python' and name 'myrobot_application'
[0.171s] Level 1:colcon.colcon_core.package_identification:_identify(src/myrobot_description) by extensions ['ignore', 'ignore_ament_install']
[0.171s] Level 1:colcon.colcon_core.package_identification:_identify(src/myrobot_description) by extension 'ignore'
[0.171s] Level 1:colcon.colcon_core.package_identification:_identify(src/myrobot_description) by extension 'ignore_ament_install'
[0.171s] Level 1:colcon.colcon_core.package_identification:_identify(src/myrobot_description) by extensions ['colcon_pkg']
[0.171s] Level 1:colcon.colcon_core.package_identification:_identify(src/myrobot_description) by extension 'colcon_pkg'
[0.171s] Level 1:colcon.colcon_core.package_identification:_identify(src/myrobot_description) by extensions ['colcon_meta']
[0.171s] Level 1:colcon.colcon_core.package_identification:_identify(src/myrobot_description) by extension 'colcon_meta'
[0.171s] Level 1:colcon.colcon_core.package_identification:_identify(src/myrobot_description) by extensions ['ros']
[0.171s] Level 1:colcon.colcon_core.package_identification:_identify(src/myrobot_description) by extension 'ros'
[0.172s] DEBUG:colcon.colcon_core.package_identification:Package 'src/myrobot_description' with type 'ros.ament_cmake' and name 'myrobot_description'
[0.172s] Level 1:colcon.colcon_core.package_identification:_identify(src/myrobot_navigation2) by extensions ['ignore', 'ignore_ament_install']
[0.172s] Level 1:colcon.colcon_core.package_identification:_identify(src/myrobot_navigation2) by extension 'ignore'
[0.172s] Level 1:colcon.colcon_core.package_identification:_identify(src/myrobot_navigation2) by extension 'ignore_ament_install'
[0.172s] Level 1:colcon.colcon_core.package_identification:_identify(src/myrobot_navigation2) by extensions ['colcon_pkg']
[0.172s] Level 1:colcon.colcon_core.package_identification:_identify(src/myrobot_navigation2) by extension 'colcon_pkg'
[0.172s] Level 1:colcon.colcon_core.package_identification:_identify(src/myrobot_navigation2) by extensions ['colcon_meta']
[0.172s] Level 1:colcon.colcon_core.package_identification:_identify(src/myrobot_navigation2) by extension 'colcon_meta'
[0.172s] Level 1:colcon.colcon_core.package_identification:_identify(src/myrobot_navigation2) by extensions ['ros']
[0.172s] Level 1:colcon.colcon_core.package_identification:_identify(src/myrobot_navigation2) by extension 'ros'
[0.172s] DEBUG:colcon.colcon_core.package_identification:Package 'src/myrobot_navigation2' with type 'ros.ament_cmake' and name 'myrobot_navigation2'
[0.172s] Level 1:colcon.colcon_core.package_identification:_identify(src/nav2_custom_controller) by extensions ['ignore', 'ignore_ament_install']
[0.172s] Level 1:colcon.colcon_core.package_identification:_identify(src/nav2_custom_controller) by extension 'ignore'
[0.172s] Level 1:colcon.colcon_core.package_identification:_identify(src/nav2_custom_controller) by extension 'ignore_ament_install'
[0.173s] Level 1:colcon.colcon_core.package_identification:_identify(src/nav2_custom_controller) by extensions ['colcon_pkg']
[0.173s] Level 1:colcon.colcon_core.package_identification:_identify(src/nav2_custom_controller) by extension 'colcon_pkg'
[0.173s] Level 1:colcon.colcon_core.package_identification:_identify(src/nav2_custom_controller) by extensions ['colcon_meta']
[0.173s] Level 1:colcon.colcon_core.package_identification:_identify(src/nav2_custom_controller) by extension 'colcon_meta'
[0.173s] Level 1:colcon.colcon_core.package_identification:_identify(src/nav2_custom_controller) by extensions ['ros']
[0.173s] Level 1:colcon.colcon_core.package_identification:_identify(src/nav2_custom_controller) by extension 'ros'
[0.173s] DEBUG:colcon.colcon_core.package_identification:Package 'src/nav2_custom_controller' with type 'ros.ament_cmake' and name 'nav2_custom_controller'
[0.173s] Level 1:colcon.colcon_core.package_identification:_identify(src/nav2_custom_planner) by extensions ['ignore', 'ignore_ament_install']
[0.173s] Level 1:colcon.colcon_core.package_identification:_identify(src/nav2_custom_planner) by extension 'ignore'
[0.173s] Level 1:colcon.colcon_core.package_identification:_identify(src/nav2_custom_planner) by extension 'ignore_ament_install'
[0.173s] Level 1:colcon.colcon_core.package_identification:_identify(src/nav2_custom_planner) by extensions ['colcon_pkg']
[0.173s] Level 1:colcon.colcon_core.package_identification:_identify(src/nav2_custom_planner) by extension 'colcon_pkg'
[0.173s] Level 1:colcon.colcon_core.package_identification:_identify(src/nav2_custom_planner) by extensions ['colcon_meta']
[0.173s] Level 1:colcon.colcon_core.package_identification:_identify(src/nav2_custom_planner) by extension 'colcon_meta'
[0.173s] Level 1:colcon.colcon_core.package_identification:_identify(src/nav2_custom_planner) by extensions ['ros']
[0.173s] Level 1:colcon.colcon_core.package_identification:_identify(src/nav2_custom_planner) by extension 'ros'
[0.174s] DEBUG:colcon.colcon_core.package_identification:Package 'src/nav2_custom_planner' with type 'ros.ament_cmake' and name 'nav2_custom_planner'
[0.174s] Level 1:colcon.colcon_core.package_discovery:discover_packages(recursive) using defaults
[0.174s] Level 1:colcon.colcon_core.package_discovery:discover_packages(ignore) discover
[0.174s] Level 1:colcon.colcon_core.package_discovery:discover_packages(ignore) using defaults
[0.174s] Level 1:colcon.colcon_core.package_discovery:discover_packages(path) discover
[0.174s] Level 1:colcon.colcon_core.package_discovery:discover_packages(path) using defaults
[0.190s] Level 1:colcon.colcon_core.package_discovery:discover_packages(prefix_path) check parameters
[0.190s] Level 1:colcon.colcon_core.package_discovery:discover_packages(prefix_path) discover
[0.192s] DEBUG:colcon.colcon_installed_package_information.package_discovery:Found 374 installed packages in /opt/ros/humble
[0.193s] Level 1:colcon.colcon_core.package_discovery:discover_packages(prefix_path) using defaults
[0.219s] Level 5:colcon.colcon_core.verb:set package 'myrobot_application' build argument 'cmake_args' from command line to 'None'
[0.219s] Level 5:colcon.colcon_core.verb:set package 'myrobot_application' build argument 'cmake_target' from command line to 'None'
[0.219s] Level 5:colcon.colcon_core.verb:set package 'myrobot_application' build argument 'cmake_target_skip_unavailable' from command line to 'False'
[0.219s] Level 5:colcon.colcon_core.verb:set package 'myrobot_application' build argument 'cmake_clean_cache' from command line to 'False'
[0.219s] Level 5:colcon.colcon_core.verb:set package 'myrobot_application' build argument 'cmake_clean_first' from command line to 'False'
[0.219s] Level 5:colcon.colcon_core.verb:set package 'myrobot_application' build argument 'cmake_force_configure' from command line to 'False'
[0.219s] Level 5:colcon.colcon_core.verb:set package 'myrobot_application' build argument 'ament_cmake_args' from command line to 'None'
[0.219s] Level 5:colcon.colcon_core.verb:set package 'myrobot_application' build argument 'catkin_cmake_args' from command line to 'None'
[0.219s] Level 5:colcon.colcon_core.verb:set package 'myrobot_application' build argument 'catkin_skip_building_tests' from command line to 'False'
[0.219s] DEBUG:colcon.colcon_core.verb:Building package 'myrobot_application' with the following arguments: {'ament_cmake_args': None, 'build_base': '/home/rose/ros_project/ros_ws/build/myrobot_application', 'catkin_cmake_args': None, 'catkin_skip_building_tests': False, 'cmake_args': None, 'cmake_clean_cache': False, 'cmake_clean_first': False, 'cmake_force_configure': False, 'cmake_target': None, 'cmake_target_skip_unavailable': False, 'install_base': '/home/rose/ros_project/ros_ws/install/myrobot_application', 'merge_install': False, 'path': '/home/rose/ros_project/ros_ws/src/myrobot_application', 'symlink_install': False, 'test_result_base': None}
[0.220s] Level 5:colcon.colcon_core.verb:set package 'myrobot_description' build argument 'cmake_args' from command line to 'None'
[0.220s] Level 5:colcon.colcon_core.verb:set package 'myrobot_description' build argument 'cmake_target' from command line to 'None'
[0.220s] Level 5:colcon.colcon_core.verb:set package 'myrobot_description' build argument 'cmake_target_skip_unavailable' from command line to 'False'
[0.220s] Level 5:colcon.colcon_core.verb:set package 'myrobot_description' build argument 'cmake_clean_cache' from command line to 'False'
[0.220s] Level 5:colcon.colcon_core.verb:set package 'myrobot_description' build argument 'cmake_clean_first' from command line to 'False'
[0.220s] Level 5:colcon.colcon_core.verb:set package 'myrobot_description' build argument 'cmake_force_configure' from command line to 'False'
[0.220s] Level 5:colcon.colcon_core.verb:set package 'myrobot_description' build argument 'ament_cmake_args' from command line to 'None'
[0.220s] Level 5:colcon.colcon_core.verb:set package 'myrobot_description' build argument 'catkin_cmake_args' from command line to 'None'
[0.220s] Level 5:colcon.colcon_core.verb:set package 'myrobot_description' build argument 'catkin_skip_building_tests' from command line to 'False'
[0.220s] DEBUG:colcon.colcon_core.verb:Building package 'myrobot_description' with the following arguments: {'ament_cmake_args': None, 'build_base': '/home/rose/ros_project/ros_ws/build/myrobot_description', 'catkin_cmake_args': None, 'catkin_skip_building_tests': False, 'cmake_args': None, 'cmake_clean_cache': False, 'cmake_clean_first': False, 'cmake_force_configure': False, 'cmake_target': None, 'cmake_target_skip_unavailable': False, 'install_base': '/home/rose/ros_project/ros_ws/install/myrobot_description', 'merge_install': False, 'path': '/home/rose/ros_project/ros_ws/src/myrobot_description', 'symlink_install': False, 'test_result_base': None}
[0.220s] Level 5:colcon.colcon_core.verb:set package 'myrobot_navigation2' build argument 'cmake_args' from command line to 'None'
[0.220s] Level 5:colcon.colcon_core.verb:set package 'myrobot_navigation2' build argument 'cmake_target' from command line to 'None'
[0.220s] Level 5:colcon.colcon_core.verb:set package 'myrobot_navigation2' build argument 'cmake_target_skip_unavailable' from command line to 'False'
[0.220s] Level 5:colcon.colcon_core.verb:set package 'myrobot_navigation2' build argument 'cmake_clean_cache' from command line to 'False'
[0.220s] Level 5:colcon.colcon_core.verb:set package 'myrobot_navigation2' build argument 'cmake_clean_first' from command line to 'False'
[0.220s] Level 5:colcon.colcon_core.verb:set package 'myrobot_navigation2' build argument 'cmake_force_configure' from command line to 'False'
[0.220s] Level 5:colcon.colcon_core.verb:set package 'myrobot_navigation2' build argument 'ament_cmake_args' from command line to 'None'
[0.220s] Level 5:colcon.colcon_core.verb:set package 'myrobot_navigation2' build argument 'catkin_cmake_args' from command line to 'None'
[0.220s] Level 5:colcon.colcon_core.verb:set package 'myrobot_navigation2' build argument 'catkin_skip_building_tests' from command line to 'False'
[0.220s] DEBUG:colcon.colcon_core.verb:Building package 'myrobot_navigation2' with the following arguments: {'ament_cmake_args': None, 'build_base': '/home/rose/ros_project/ros_ws/build/myrobot_navigation2', 'catkin_cmake_args': None, 'catkin_skip_building_tests': False, 'cmake_args': None, 'cmake_clean_cache': False, 'cmake_clean_first': False, 'cmake_force_configure': False, 'cmake_target': None, 'cmake_target_skip_unavailable': False, 'install_base': '/home/rose/ros_project/ros_ws/install/myrobot_navigation2', 'merge_install': False, 'path': '/home/rose/ros_project/ros_ws/src/myrobot_navigation2', 'symlink_install': False, 'test_result_base': None}
[0.220s] Level 5:colcon.colcon_core.verb:set package 'nav2_custom_controller' build argument 'cmake_args' from command line to 'None'
[0.220s] Level 5:colcon.colcon_core.verb:set package 'nav2_custom_controller' build argument 'cmake_target' from command line to 'None'
[0.220s] Level 5:colcon.colcon_core.verb:set package 'nav2_custom_controller' build argument 'cmake_target_skip_unavailable' from command line to 'False'
[0.220s] Level 5:colcon.colcon_core.verb:set package 'nav2_custom_controller' build argument 'cmake_clean_cache' from command line to 'False'
[0.220s] Level 5:colcon.colcon_core.verb:set package 'nav2_custom_controller' build argument 'cmake_clean_first' from command line to 'False'
[0.220s] Level 5:colcon.colcon_core.verb:set package 'nav2_custom_controller' build argument 'cmake_force_configure' from command line to 'False'
[0.220s] Level 5:colcon.colcon_core.verb:set package 'nav2_custom_controller' build argument 'ament_cmake_args' from command line to 'None'
[0.220s] Level 5:colcon.colcon_core.verb:set package 'nav2_custom_controller' build argument 'catkin_cmake_args' from command line to 'None'
[0.220s] Level 5:colcon.colcon_core.verb:set package 'nav2_custom_controller' build argument 'catkin_skip_building_tests' from command line to 'False'
[0.220s] DEBUG:colcon.colcon_core.verb:Building package 'nav2_custom_controller' with the following arguments: {'ament_cmake_args': None, 'build_base': '/home/rose/ros_project/ros_ws/build/nav2_custom_controller', 'catkin_cmake_args': None, 'catkin_skip_building_tests': False, 'cmake_args': None, 'cmake_clean_cache': False, 'cmake_clean_first': False, 'cmake_force_configure': False, 'cmake_target': None, 'cmake_target_skip_unavailable': False, 'install_base': '/home/rose/ros_project/ros_ws/install/nav2_custom_controller', 'merge_install': False, 'path': '/home/rose/ros_project/ros_ws/src/nav2_custom_controller', 'symlink_install': False, 'test_result_base': None}
[0.220s] Level 5:colcon.colcon_core.verb:set package 'nav2_custom_planner' build argument 'cmake_args' from command line to 'None'
[0.220s] Level 5:colcon.colcon_core.verb:set package 'nav2_custom_planner' build argument 'cmake_target' from command line to 'None'
[0.220s] Level 5:colcon.colcon_core.verb:set package 'nav2_custom_planner' build argument 'cmake_target_skip_unavailable' from command line to 'False'
[0.221s] Level 5:colcon.colcon_core.verb:set package 'nav2_custom_planner' build argument 'cmake_clean_cache' from command line to 'False'
[0.221s] Level 5:colcon.colcon_core.verb:set package 'nav2_custom_planner' build argument 'cmake_clean_first' from command line to 'False'
[0.221s] Level 5:colcon.colcon_core.verb:set package 'nav2_custom_planner' build argument 'cmake_force_configure' from command line to 'False'
[0.221s] Level 5:colcon.colcon_core.verb:set package 'nav2_custom_planner' build argument 'ament_cmake_args' from command line to 'None'
[0.221s] Level 5:colcon.colcon_core.verb:set package 'nav2_custom_planner' build argument 'catkin_cmake_args' from command line to 'None'
[0.221s] Level 5:colcon.colcon_core.verb:set package 'nav2_custom_planner' build argument 'catkin_skip_building_tests' from command line to 'False'
[0.221s] DEBUG:colcon.colcon_core.verb:Building package 'nav2_custom_planner' with the following arguments: {'ament_cmake_args': None, 'build_base': '/home/rose/ros_project/ros_ws/build/nav2_custom_planner', 'catkin_cmake_args': None, 'catkin_skip_building_tests': False, 'cmake_args': None, 'cmake_clean_cache': False, 'cmake_clean_first': False, 'cmake_force_configure': False, 'cmake_target': None, 'cmake_target_skip_unavailable': False, 'install_base': '/home/rose/ros_project/ros_ws/install/nav2_custom_planner', 'merge_install': False, 'path': '/home/rose/ros_project/ros_ws/src/nav2_custom_planner', 'symlink_install': False, 'test_result_base': None}
[0.221s] INFO:colcon.colcon_core.executor:Executing jobs using 'parallel' executor
[0.221s] DEBUG:colcon.colcon_parallel_executor.executor.parallel:run_until_complete
[0.222s] INFO:colcon.colcon_ros.task.ament_python.build:Building ROS package in '/home/rose/ros_project/ros_ws/src/myrobot_application' with build type 'ament_python'
[0.222s] Level 1:colcon.colcon_core.shell:create_environment_hook('myrobot_application', 'ament_prefix_path')
[0.223s] INFO:colcon.colcon_core.plugin_system:Skipping extension 'colcon_core.shell.bat': Not used on non-Windows systems
[0.223s] INFO:colcon.colcon_core.shell:Creating environment hook '/home/rose/ros_project/ros_ws/install/myrobot_application/share/myrobot_application/hook/ament_prefix_path.ps1'
[0.225s] INFO:colcon.colcon_core.shell:Creating environment descriptor '/home/rose/ros_project/ros_ws/install/myrobot_application/share/myrobot_application/hook/ament_prefix_path.dsv'
[0.225s] INFO:colcon.colcon_core.shell:Creating environment hook '/home/rose/ros_project/ros_ws/install/myrobot_application/share/myrobot_application/hook/ament_prefix_path.sh'
[0.226s] INFO:colcon.colcon_core.shell:Skip shell extension 'powershell' for command environment: Not usable outside of PowerShell
[0.226s] DEBUG:colcon.colcon_core.shell:Skip shell extension 'dsv' for command environment
[0.229s] INFO:colcon.colcon_ros.task.ament_cmake.build:Building ROS package in '/home/rose/ros_project/ros_ws/src/myrobot_description' with build type 'ament_cmake'
[0.229s] INFO:colcon.colcon_cmake.task.cmake.build:Building CMake package in '/home/rose/ros_project/ros_ws/src/myrobot_description'
[0.229s] INFO:colcon.colcon_core.shell:Skip shell extension 'powershell' for command environment: Not usable outside of PowerShell
[0.229s] DEBUG:colcon.colcon_core.shell:Skip shell extension 'dsv' for command environment
[0.232s] INFO:colcon.colcon_ros.task.ament_cmake.build:Building ROS package in '/home/rose/ros_project/ros_ws/src/myrobot_navigation2' with build type 'ament_cmake'
[0.232s] INFO:colcon.colcon_cmake.task.cmake.build:Building CMake package in '/home/rose/ros_project/ros_ws/src/myrobot_navigation2'
[0.232s] INFO:colcon.colcon_core.shell:Skip shell extension 'powershell' for command environment: Not usable outside of PowerShell
[0.232s] DEBUG:colcon.colcon_core.shell:Skip shell extension 'dsv' for command environment
[0.234s] INFO:colcon.colcon_ros.task.ament_cmake.build:Building ROS package in '/home/rose/ros_project/ros_ws/src/nav2_custom_controller' with build type 'ament_cmake'
[0.235s] INFO:colcon.colcon_cmake.task.cmake.build:Building CMake package in '/home/rose/ros_project/ros_ws/src/nav2_custom_controller'
[0.235s] INFO:colcon.colcon_core.shell:Skip shell extension 'powershell' for command environment: Not usable outside of PowerShell
[0.235s] DEBUG:colcon.colcon_core.shell:Skip shell extension 'dsv' for command environment
[0.237s] INFO:colcon.colcon_ros.task.ament_cmake.build:Building ROS package in '/home/rose/ros_project/ros_ws/src/nav2_custom_planner' with build type 'ament_cmake'
[0.237s] INFO:colcon.colcon_cmake.task.cmake.build:Building CMake package in '/home/rose/ros_project/ros_ws/src/nav2_custom_planner'
[0.237s] INFO:colcon.colcon_core.shell:Skip shell extension 'powershell' for command environment: Not usable outside of PowerShell
[0.238s] DEBUG:colcon.colcon_core.shell:Skip shell extension 'dsv' for command environment
[0.383s] INFO:colcon.colcon_core.task.python.build:Building Python package in '/home/rose/ros_project/ros_ws/src/myrobot_application'
[0.383s] INFO:colcon.colcon_core.shell:Skip shell extension 'powershell' for command environment: Not usable outside of PowerShell
[0.383s] DEBUG:colcon.colcon_core.shell:Skip shell extension 'dsv' for command environment
[0.389s] DEBUG:colcon.colcon_core.event_handler.log_command:Invoking command in '/home/rose/ros_project/ros_ws/build/myrobot_description': CMAKE_PREFIX_PATH=/opt/ros/humble /usr/bin/cmake --build /home/rose/ros_project/ros_ws/build/myrobot_description -- -j8 -l8
[0.391s] DEBUG:colcon.colcon_core.event_handler.log_command:Invoking command in '/home/rose/ros_project/ros_ws/build/myrobot_navigation2': CMAKE_PREFIX_PATH=/opt/ros/humble /usr/bin/cmake --build /home/rose/ros_project/ros_ws/build/myrobot_navigation2 -- -j8 -l8
[0.396s] DEBUG:colcon.colcon_core.event_handler.log_command:Invoking command in '/home/rose/ros_project/ros_ws/build/nav2_custom_controller': CMAKE_PREFIX_PATH=/opt/ros/humble /usr/bin/cmake --build /home/rose/ros_project/ros_ws/build/nav2_custom_controller -- -j8 -l8
[0.397s] DEBUG:colcon.colcon_core.event_handler.log_command:Invoking command in '/home/rose/ros_project/ros_ws/build/nav2_custom_planner': CMAKE_PREFIX_PATH=/opt/ros/humble /usr/bin/cmake /home/rose/ros_project/ros_ws/src/nav2_custom_planner -DCMAKE_INSTALL_PREFIX=/home/rose/ros_project/ros_ws/install/nav2_custom_planner
[0.418s] DEBUG:colcon.colcon_core.event_handler.log_command:Invoked command in '/home/rose/ros_project/ros_ws/build/myrobot_description' returned '0': CMAKE_PREFIX_PATH=/opt/ros/humble /usr/bin/cmake --build /home/rose/ros_project/ros_ws/build/myrobot_description -- -j8 -l8
[0.427s] DEBUG:colcon.colcon_core.event_handler.log_command:Invoking command in '/home/rose/ros_project/ros_ws/build/myrobot_description': CMAKE_PREFIX_PATH=/opt/ros/humble /usr/bin/cmake --install /home/rose/ros_project/ros_ws/build/myrobot_description
[0.430s] DEBUG:colcon.colcon_core.event_handler.log_command:Invoked command in '/home/rose/ros_project/ros_ws/build/myrobot_navigation2' returned '0': CMAKE_PREFIX_PATH=/opt/ros/humble /usr/bin/cmake --build /home/rose/ros_project/ros_ws/build/myrobot_navigation2 -- -j8 -l8
[0.432s] DEBUG:colcon.colcon_core.event_handler.log_command:Invoking command in '/home/rose/ros_project/ros_ws/build/myrobot_navigation2': CMAKE_PREFIX_PATH=/opt/ros/humble /usr/bin/cmake --install /home/rose/ros_project/ros_ws/build/myrobot_navigation2
[0.452s] Level 1:colcon.colcon_core.environment:create_environment_scripts_only(myrobot_description)
[0.454s] DEBUG:colcon.colcon_core.event_handler.log_command:Invoked command in '/home/rose/ros_project/ros_ws/build/myrobot_description' returned '0': CMAKE_PREFIX_PATH=/opt/ros/humble /usr/bin/cmake --install /home/rose/ros_project/ros_ws/build/myrobot_description
[0.455s] Level 1:colcon.colcon_core.environment:checking '/home/rose/ros_project/ros_ws/install/myrobot_description' for CMake module files
[0.456s] Level 1:colcon.colcon_core.environment:checking '/home/rose/ros_project/ros_ws/install/myrobot_description' for CMake config files
[0.456s] Level 1:colcon.colcon_core.shell:create_environment_hook('myrobot_description', 'cmake_prefix_path')
[0.456s] INFO:colcon.colcon_core.shell:Creating environment hook '/home/rose/ros_project/ros_ws/install/myrobot_description/share/myrobot_description/hook/cmake_prefix_path.ps1'
[0.457s] INFO:colcon.colcon_core.shell:Creating environment descriptor '/home/rose/ros_project/ros_ws/install/myrobot_description/share/myrobot_description/hook/cmake_prefix_path.dsv'
[0.457s] INFO:colcon.colcon_core.shell:Creating environment hook '/home/rose/ros_project/ros_ws/install/myrobot_description/share/myrobot_description/hook/cmake_prefix_path.sh'
[0.458s] Level 1:colcon.colcon_core.environment:checking '/home/rose/ros_project/ros_ws/install/myrobot_description/bin'
[0.458s] Level 1:colcon.colcon_core.environment:checking '/home/rose/ros_project/ros_ws/install/myrobot_description/lib/pkgconfig/myrobot_description.pc'
[0.458s] Level 1:colcon.colcon_core.environment:checking '/home/rose/ros_project/ros_ws/install/myrobot_description/lib/python3.10/site-packages'
[0.458s] Level 1:colcon.colcon_core.environment:checking '/home/rose/ros_project/ros_ws/install/myrobot_description/bin'
[0.458s] INFO:colcon.colcon_core.shell:Creating package script '/home/rose/ros_project/ros_ws/install/myrobot_description/share/myrobot_description/package.ps1'
[0.459s] INFO:colcon.colcon_core.shell:Creating package descriptor '/home/rose/ros_project/ros_ws/install/myrobot_description/share/myrobot_description/package.dsv'
[0.459s] INFO:colcon.colcon_core.shell:Creating package script '/home/rose/ros_project/ros_ws/install/myrobot_description/share/myrobot_description/package.sh'
[0.460s] INFO:colcon.colcon_core.shell:Creating package script '/home/rose/ros_project/ros_ws/install/myrobot_description/share/myrobot_description/package.bash'
[0.460s] INFO:colcon.colcon_core.shell:Creating package script '/home/rose/ros_project/ros_ws/install/myrobot_description/share/myrobot_description/package.zsh'
[0.461s] Level 1:colcon.colcon_core.environment:create_file_with_runtime_dependencies(/home/rose/ros_project/ros_ws/install/myrobot_description/share/colcon-core/packages/myrobot_description)
[0.461s] Level 1:colcon.colcon_core.environment:create_environment_scripts_only(myrobot_description)
[0.462s] Level 1:colcon.colcon_core.environment:checking '/home/rose/ros_project/ros_ws/install/myrobot_description' for CMake module files
[0.462s] Level 1:colcon.colcon_core.environment:checking '/home/rose/ros_project/ros_ws/install/myrobot_description' for CMake config files
[0.462s] Level 1:colcon.colcon_core.shell:create_environment_hook('myrobot_description', 'cmake_prefix_path')
[0.462s] INFO:colcon.colcon_core.shell:Creating environment hook '/home/rose/ros_project/ros_ws/install/myrobot_description/share/myrobot_description/hook/cmake_prefix_path.ps1'
[0.463s] INFO:colcon.colcon_core.shell:Creating environment descriptor '/home/rose/ros_project/ros_ws/install/myrobot_description/share/myrobot_description/hook/cmake_prefix_path.dsv'
[0.463s] INFO:colcon.colcon_core.shell:Creating environment hook '/home/rose/ros_project/ros_ws/install/myrobot_description/share/myrobot_description/hook/cmake_prefix_path.sh'
[0.464s] Level 1:colcon.colcon_core.environment:checking '/home/rose/ros_project/ros_ws/install/myrobot_description/bin'
[0.464s] Level 1:colcon.colcon_core.environment:checking '/home/rose/ros_project/ros_ws/install/myrobot_description/lib/pkgconfig/myrobot_description.pc'
[0.464s] Level 1:colcon.colcon_core.environment:checking '/home/rose/ros_project/ros_ws/install/myrobot_description/lib/python3.10/site-packages'
[0.464s] Level 1:colcon.colcon_core.environment:checking '/home/rose/ros_project/ros_ws/install/myrobot_description/bin'
[0.464s] INFO:colcon.colcon_core.shell:Creating package script '/home/rose/ros_project/ros_ws/install/myrobot_description/share/myrobot_description/package.ps1'
[0.465s] INFO:colcon.colcon_core.shell:Creating package descriptor '/home/rose/ros_project/ros_ws/install/myrobot_description/share/myrobot_description/package.dsv'
[0.465s] INFO:colcon.colcon_core.shell:Creating package script '/home/rose/ros_project/ros_ws/install/myrobot_description/share/myrobot_description/package.sh'
[0.465s] INFO:colcon.colcon_core.shell:Creating package script '/home/rose/ros_project/ros_ws/install/myrobot_description/share/myrobot_description/package.bash'
[0.466s] INFO:colcon.colcon_core.shell:Creating package script '/home/rose/ros_project/ros_ws/install/myrobot_description/share/myrobot_description/package.zsh'
[0.466s] Level 1:colcon.colcon_core.environment:create_file_with_runtime_dependencies(/home/rose/ros_project/ros_ws/install/myrobot_description/share/colcon-core/packages/myrobot_description)
[0.467s] Level 1:colcon.colcon_core.environment:create_environment_scripts_only(myrobot_navigation2)
[0.467s] Level 1:colcon.colcon_core.environment:checking '/home/rose/ros_project/ros_ws/install/myrobot_navigation2' for CMake module files
[0.467s] Level 1:colcon.colcon_core.environment:checking '/home/rose/ros_project/ros_ws/install/myrobot_navigation2' for CMake config files
[0.468s] Level 1:colcon.colcon_core.shell:create_environment_hook('myrobot_navigation2', 'cmake_prefix_path')
[0.468s] INFO:colcon.colcon_core.shell:Creating environment hook '/home/rose/ros_project/ros_ws/install/myrobot_navigation2/share/myrobot_navigation2/hook/cmake_prefix_path.ps1'
[0.468s] INFO:colcon.colcon_core.shell:Creating environment descriptor '/home/rose/ros_project/ros_ws/install/myrobot_navigation2/share/myrobot_navigation2/hook/cmake_prefix_path.dsv'
[0.468s] INFO:colcon.colcon_core.shell:Creating environment hook '/home/rose/ros_project/ros_ws/install/myrobot_navigation2/share/myrobot_navigation2/hook/cmake_prefix_path.sh'
[0.469s] Level 1:colcon.colcon_core.environment:checking '/home/rose/ros_project/ros_ws/install/myrobot_navigation2/bin'
[0.469s] Level 1:colcon.colcon_core.environment:checking '/home/rose/ros_project/ros_ws/install/myrobot_navigation2/lib/pkgconfig/myrobot_navigation2.pc'
[0.469s] Level 1:colcon.colcon_core.environment:checking '/home/rose/ros_project/ros_ws/install/myrobot_navigation2/lib/python3.10/site-packages'
[0.469s] Level 1:colcon.colcon_core.environment:checking '/home/rose/ros_project/ros_ws/install/myrobot_navigation2/bin'
[0.469s] INFO:colcon.colcon_core.shell:Creating package script '/home/rose/ros_project/ros_ws/install/myrobot_navigation2/share/myrobot_navigation2/package.ps1'
[0.470s] INFO:colcon.colcon_core.shell:Creating package descriptor '/home/rose/ros_project/ros_ws/install/myrobot_navigation2/share/myrobot_navigation2/package.dsv'
[0.470s] DEBUG:colcon.colcon_core.event_handler.log_command:Invoked command in '/home/rose/ros_project/ros_ws/build/myrobot_navigation2' returned '0': CMAKE_PREFIX_PATH=/opt/ros/humble /usr/bin/cmake --install /home/rose/ros_project/ros_ws/build/myrobot_navigation2
[0.470s] INFO:colcon.colcon_core.shell:Creating package script '/home/rose/ros_project/ros_ws/install/myrobot_navigation2/share/myrobot_navigation2/package.sh'
[0.471s] INFO:colcon.colcon_core.shell:Creating package script '/home/rose/ros_project/ros_ws/install/myrobot_navigation2/share/myrobot_navigation2/package.bash'
[0.471s] INFO:colcon.colcon_core.shell:Creating package script '/home/rose/ros_project/ros_ws/install/myrobot_navigation2/share/myrobot_navigation2/package.zsh'
[0.472s] Level 1:colcon.colcon_core.environment:create_file_with_runtime_dependencies(/home/rose/ros_project/ros_ws/install/myrobot_navigation2/share/colcon-core/packages/myrobot_navigation2)
[0.472s] Level 1:colcon.colcon_core.environment:create_environment_scripts_only(myrobot_navigation2)
[0.472s] Level 1:colcon.colcon_core.environment:checking '/home/rose/ros_project/ros_ws/install/myrobot_navigation2' for CMake module files
[0.472s] Level 1:colcon.colcon_core.environment:checking '/home/rose/ros_project/ros_ws/install/myrobot_navigation2' for CMake config files
[0.473s] Level 1:colcon.colcon_core.shell:create_environment_hook('myrobot_navigation2', 'cmake_prefix_path')
[0.473s] INFO:colcon.colcon_core.shell:Creating environment hook '/home/rose/ros_project/ros_ws/install/myrobot_navigation2/share/myrobot_navigation2/hook/cmake_prefix_path.ps1'
[0.473s] INFO:colcon.colcon_core.shell:Creating environment descriptor '/home/rose/ros_project/ros_ws/install/myrobot_navigation2/share/myrobot_navigation2/hook/cmake_prefix_path.dsv'
[0.474s] INFO:colcon.colcon_core.shell:Creating environment hook '/home/rose/ros_project/ros_ws/install/myrobot_navigation2/share/myrobot_navigation2/hook/cmake_prefix_path.sh'
[0.474s] Level 1:colcon.colcon_core.environment:checking '/home/rose/ros_project/ros_ws/install/myrobot_navigation2/bin'
[0.474s] Level 1:colcon.colcon_core.environment:checking '/home/rose/ros_project/ros_ws/install/myrobot_navigation2/lib/pkgconfig/myrobot_navigation2.pc'
[0.475s] Level 1:colcon.colcon_core.environment:checking '/home/rose/ros_project/ros_ws/install/myrobot_navigation2/lib/python3.10/site-packages'
[0.475s] Level 1:colcon.colcon_core.environment:checking '/home/rose/ros_project/ros_ws/install/myrobot_navigation2/bin'
[0.475s] INFO:colcon.colcon_core.shell:Creating package script '/home/rose/ros_project/ros_ws/install/myrobot_navigation2/share/myrobot_navigation2/package.ps1'
[0.475s] INFO:colcon.colcon_core.shell:Creating package descriptor '/home/rose/ros_project/ros_ws/install/myrobot_navigation2/share/myrobot_navigation2/package.dsv'
[0.476s] INFO:colcon.colcon_core.shell:Creating package script '/home/rose/ros_project/ros_ws/install/myrobot_navigation2/share/myrobot_navigation2/package.sh'
[0.476s] INFO:colcon.colcon_core.shell:Creating package script '/home/rose/ros_project/ros_ws/install/myrobot_navigation2/share/myrobot_navigation2/package.bash'
[0.477s] INFO:colcon.colcon_core.shell:Creating package script '/home/rose/ros_project/ros_ws/install/myrobot_navigation2/share/myrobot_navigation2/package.zsh'
[0.477s] Level 1:colcon.colcon_core.environment:create_file_with_runtime_dependencies(/home/rose/ros_project/ros_ws/install/myrobot_navigation2/share/colcon-core/packages/myrobot_navigation2)
[0.479s] DEBUG:colcon.colcon_core.event_handler.log_command:Invoked command in '/home/rose/ros_project/ros_ws/build/nav2_custom_controller' returned '0': CMAKE_PREFIX_PATH=/opt/ros/humble /usr/bin/cmake --build /home/rose/ros_project/ros_ws/build/nav2_custom_controller -- -j8 -l8
[0.481s] DEBUG:colcon.colcon_core.event_handler.log_command:Invoking command in '/home/rose/ros_project/ros_ws/build/nav2_custom_controller': CMAKE_PREFIX_PATH=/opt/ros/humble /usr/bin/cmake --install /home/rose/ros_project/ros_ws/build/nav2_custom_controller
[0.489s] Level 1:colcon.colcon_core.environment:create_environment_scripts_only(nav2_custom_controller)
[0.490s] DEBUG:colcon.colcon_core.event_handler.log_command:Invoked command in '/home/rose/ros_project/ros_ws/build/nav2_custom_controller' returned '0': CMAKE_PREFIX_PATH=/opt/ros/humble /usr/bin/cmake --install /home/rose/ros_project/ros_ws/build/nav2_custom_controller
[0.491s] Level 1:colcon.colcon_core.environment:checking '/home/rose/ros_project/ros_ws/install/nav2_custom_controller' for CMake module files
[0.491s] Level 1:colcon.colcon_core.environment:checking '/home/rose/ros_project/ros_ws/install/nav2_custom_controller' for CMake config files
[0.492s] Level 1:colcon.colcon_core.shell:create_environment_hook('nav2_custom_controller', 'cmake_prefix_path')
[0.492s] INFO:colcon.colcon_core.shell:Creating environment hook '/home/rose/ros_project/ros_ws/install/nav2_custom_controller/share/nav2_custom_controller/hook/cmake_prefix_path.ps1'
[0.492s] INFO:colcon.colcon_core.shell:Creating environment descriptor '/home/rose/ros_project/ros_ws/install/nav2_custom_controller/share/nav2_custom_controller/hook/cmake_prefix_path.dsv'
[0.493s] INFO:colcon.colcon_core.shell:Creating environment hook '/home/rose/ros_project/ros_ws/install/nav2_custom_controller/share/nav2_custom_controller/hook/cmake_prefix_path.sh'
[0.493s] Level 1:colcon.colcon_core.environment:checking '/home/rose/ros_project/ros_ws/install/nav2_custom_controller/lib'
[0.494s] Level 1:colcon.colcon_core.shell:create_environment_hook('nav2_custom_controller', 'ld_library_path_lib')
[0.494s] INFO:colcon.colcon_core.shell:Creating environment hook '/home/rose/ros_project/ros_ws/install/nav2_custom_controller/share/nav2_custom_controller/hook/ld_library_path_lib.ps1'
[0.494s] INFO:colcon.colcon_core.shell:Creating environment descriptor '/home/rose/ros_project/ros_ws/install/nav2_custom_controller/share/nav2_custom_controller/hook/ld_library_path_lib.dsv'
[0.494s] INFO:colcon.colcon_core.shell:Creating environment hook '/home/rose/ros_project/ros_ws/install/nav2_custom_controller/share/nav2_custom_controller/hook/ld_library_path_lib.sh'
[0.495s] Level 1:colcon.colcon_core.environment:checking '/home/rose/ros_project/ros_ws/install/nav2_custom_controller/bin'
[0.495s] Level 1:colcon.colcon_core.environment:checking '/home/rose/ros_project/ros_ws/install/nav2_custom_controller/lib/pkgconfig/nav2_custom_controller.pc'
[0.495s] Level 1:colcon.colcon_core.environment:checking '/home/rose/ros_project/ros_ws/install/nav2_custom_controller/lib/python3.10/site-packages'
[0.495s] Level 1:colcon.colcon_core.environment:checking '/home/rose/ros_project/ros_ws/install/nav2_custom_controller/bin'
[0.495s] INFO:colcon.colcon_core.shell:Creating package script '/home/rose/ros_project/ros_ws/install/nav2_custom_controller/share/nav2_custom_controller/package.ps1'
[0.496s] INFO:colcon.colcon_core.shell:Creating package descriptor '/home/rose/ros_project/ros_ws/install/nav2_custom_controller/share/nav2_custom_controller/package.dsv'
[0.496s] INFO:colcon.colcon_core.shell:Creating package script '/home/rose/ros_project/ros_ws/install/nav2_custom_controller/share/nav2_custom_controller/package.sh'
[0.497s] INFO:colcon.colcon_core.shell:Creating package script '/home/rose/ros_project/ros_ws/install/nav2_custom_controller/share/nav2_custom_controller/package.bash'
[0.497s] INFO:colcon.colcon_core.shell:Creating package script '/home/rose/ros_project/ros_ws/install/nav2_custom_controller/share/nav2_custom_controller/package.zsh'
[0.497s] Level 1:colcon.colcon_core.environment:create_file_with_runtime_dependencies(/home/rose/ros_project/ros_ws/install/nav2_custom_controller/share/colcon-core/packages/nav2_custom_controller)
[0.497s] Level 1:colcon.colcon_core.environment:create_environment_scripts_only(nav2_custom_controller)
[0.498s] Level 1:colcon.colcon_core.environment:checking '/home/rose/ros_project/ros_ws/install/nav2_custom_controller' for CMake module files
[0.498s] Level 1:colcon.colcon_core.environment:checking '/home/rose/ros_project/ros_ws/install/nav2_custom_controller' for CMake config files
[0.498s] Level 1:colcon.colcon_core.shell:create_environment_hook('nav2_custom_controller', 'cmake_prefix_path')
[0.499s] INFO:colcon.colcon_core.shell:Creating environment hook '/home/rose/ros_project/ros_ws/install/nav2_custom_controller/share/nav2_custom_controller/hook/cmake_prefix_path.ps1'
[0.499s] INFO:colcon.colcon_core.shell:Creating environment descriptor '/home/rose/ros_project/ros_ws/install/nav2_custom_controller/share/nav2_custom_controller/hook/cmake_prefix_path.dsv'
[0.499s] INFO:colcon.colcon_core.shell:Creating environment hook '/home/rose/ros_project/ros_ws/install/nav2_custom_controller/share/nav2_custom_controller/hook/cmake_prefix_path.sh'
[0.500s] Level 1:colcon.colcon_core.environment:checking '/home/rose/ros_project/ros_ws/install/nav2_custom_controller/lib'
[0.500s] Level 1:colcon.colcon_core.shell:create_environment_hook('nav2_custom_controller', 'ld_library_path_lib')
[0.500s] INFO:colcon.colcon_core.shell:Creating environment hook '/home/rose/ros_project/ros_ws/install/nav2_custom_controller/share/nav2_custom_controller/hook/ld_library_path_lib.ps1'
[0.500s] INFO:colcon.colcon_core.shell:Creating environment descriptor '/home/rose/ros_project/ros_ws/install/nav2_custom_controller/share/nav2_custom_controller/hook/ld_library_path_lib.dsv'
[0.500s] INFO:colcon.colcon_core.shell:Creating environment hook '/home/rose/ros_project/ros_ws/install/nav2_custom_controller/share/nav2_custom_controller/hook/ld_library_path_lib.sh'
[0.501s] Level 1:colcon.colcon_core.environment:checking '/home/rose/ros_project/ros_ws/install/nav2_custom_controller/bin'
[0.501s] Level 1:colcon.colcon_core.environment:checking '/home/rose/ros_project/ros_ws/install/nav2_custom_controller/lib/pkgconfig/nav2_custom_controller.pc'
[0.501s] Level 1:colcon.colcon_core.environment:checking '/home/rose/ros_project/ros_ws/install/nav2_custom_controller/lib/python3.10/site-packages'
[0.501s] Level 1:colcon.colcon_core.environment:checking '/home/rose/ros_project/ros_ws/install/nav2_custom_controller/bin'
[0.501s] INFO:colcon.colcon_core.shell:Creating package script '/home/rose/ros_project/ros_ws/install/nav2_custom_controller/share/nav2_custom_controller/package.ps1'
[0.502s] INFO:colcon.colcon_core.shell:Creating package descriptor '/home/rose/ros_project/ros_ws/install/nav2_custom_controller/share/nav2_custom_controller/package.dsv'
[0.502s] INFO:colcon.colcon_core.shell:Creating package script '/home/rose/ros_project/ros_ws/install/nav2_custom_controller/share/nav2_custom_controller/package.sh'
[0.503s] INFO:colcon.colcon_core.shell:Creating package script '/home/rose/ros_project/ros_ws/install/nav2_custom_controller/share/nav2_custom_controller/package.bash'
[0.503s] INFO:colcon.colcon_core.shell:Creating package script '/home/rose/ros_project/ros_ws/install/nav2_custom_controller/share/nav2_custom_controller/package.zsh'
[0.503s] Level 1:colcon.colcon_core.environment:create_file_with_runtime_dependencies(/home/rose/ros_project/ros_ws/install/nav2_custom_controller/share/colcon-core/packages/nav2_custom_controller)
[0.615s] DEBUG:colcon.colcon_core.task.python.build:Available setuptools commands: build, update_catalog, bdist, setopt, easy_install, build_clib, saveopts, install_scripts, compile_catalog, install_data, develop, bdist_rpm, symlink_data, bdist_egg, check, egg_info, bdist_wheel, rotate, build_py, dist_info, test, upload, build_ext, bdist_dumb, register, alias, install, upload_docs, build_scripts, install_egg_info, extract_messages, install_headers, clean, install_lib, init_catalog, sdist
[0.617s] DEBUG:colcon.colcon_core.event_handler.log_command:Invoking command in '/home/rose/ros_project/ros_ws/src/myrobot_application': PYTHONPATH=/home/rose/ros_project/ros_ws/build/myrobot_application/prefix_override:/usr/lib/python3/dist-packages/colcon_core/task/python/colcon_distutils_commands:/home/rose/ros_project/ros_ws/install/myrobot_application/lib/python3.10/site-packages:${PYTHONPATH} /usr/bin/python3 -W ignore:setup.py install is deprecated -W ignore:easy_install command is deprecated setup.py egg_info --egg-base ../../build/myrobot_application build --build-base /home/rose/ros_project/ros_ws/build/myrobot_application/build install --record /home/rose/ros_project/ros_ws/build/myrobot_application/install.log --install-scripts $base/lib/myrobot_application --single-version-externally-managed install_data
[0.793s] Level 1:colcon.colcon_core.environment:checking '/home/rose/ros_project/ros_ws/install/myrobot_application' for CMake module files
[0.793s] Level 1:colcon.colcon_core.environment:checking '/home/rose/ros_project/ros_ws/install/myrobot_application' for CMake config files
[0.794s] Level 1:colcon.colcon_core.environment:checking '/home/rose/ros_project/ros_ws/install/myrobot_application/lib'
[0.794s] Level 1:colcon.colcon_core.environment:checking '/home/rose/ros_project/ros_ws/install/myrobot_application/bin'
[0.794s] Level 1:colcon.colcon_core.environment:checking '/home/rose/ros_project/ros_ws/install/myrobot_application/lib/pkgconfig/myrobot_application.pc'
[0.794s] Level 1:colcon.colcon_core.environment:checking '/home/rose/ros_project/ros_ws/install/myrobot_application/lib/python3.10/site-packages'
[0.794s] Level 1:colcon.colcon_core.shell:create_environment_hook('myrobot_application', 'pythonpath')
[0.794s] INFO:colcon.colcon_core.shell:Creating environment hook '/home/rose/ros_project/ros_ws/install/myrobot_application/share/myrobot_application/hook/pythonpath.ps1'
[0.795s] INFO:colcon.colcon_core.shell:Creating environment descriptor '/home/rose/ros_project/ros_ws/install/myrobot_application/share/myrobot_application/hook/pythonpath.dsv'
[0.795s] DEBUG:colcon.colcon_core.event_handler.log_command:Invoked command in '/home/rose/ros_project/ros_ws/src/myrobot_application' returned '0': PYTHONPATH=/home/rose/ros_project/ros_ws/build/myrobot_application/prefix_override:/usr/lib/python3/dist-packages/colcon_core/task/python/colcon_distutils_commands:/home/rose/ros_project/ros_ws/install/myrobot_application/lib/python3.10/site-packages:${PYTHONPATH} /usr/bin/python3 -W ignore:setup.py install is deprecated -W ignore:easy_install command is deprecated setup.py egg_info --egg-base ../../build/myrobot_application build --build-base /home/rose/ros_project/ros_ws/build/myrobot_application/build install --record /home/rose/ros_project/ros_ws/build/myrobot_application/install.log --install-scripts $base/lib/myrobot_application --single-version-externally-managed install_data
[0.795s] INFO:colcon.colcon_core.shell:Creating environment hook '/home/rose/ros_project/ros_ws/install/myrobot_application/share/myrobot_application/hook/pythonpath.sh'
[0.796s] Level 1:colcon.colcon_core.environment:checking '/home/rose/ros_project/ros_ws/install/myrobot_application/bin'
[0.796s] Level 1:colcon.colcon_core.environment:create_environment_scripts_only(myrobot_application)
[0.796s] INFO:colcon.colcon_core.shell:Creating package script '/home/rose/ros_project/ros_ws/install/myrobot_application/share/myrobot_application/package.ps1'
[0.797s] INFO:colcon.colcon_core.shell:Creating package descriptor '/home/rose/ros_project/ros_ws/install/myrobot_application/share/myrobot_application/package.dsv'
[0.797s] INFO:colcon.colcon_core.shell:Creating package script '/home/rose/ros_project/ros_ws/install/myrobot_application/share/myrobot_application/package.sh'
[0.797s] INFO:colcon.colcon_core.shell:Creating package script '/home/rose/ros_project/ros_ws/install/myrobot_application/share/myrobot_application/package.bash'
[0.798s] INFO:colcon.colcon_core.shell:Creating package script '/home/rose/ros_project/ros_ws/install/myrobot_application/share/myrobot_application/package.zsh'
[0.798s] Level 1:colcon.colcon_core.environment:create_file_with_runtime_dependencies(/home/rose/ros_project/ros_ws/install/myrobot_application/share/colcon-core/packages/myrobot_application)
[1.329s] DEBUG:colcon.colcon_core.event_handler.log_command:Invoked command in '/home/rose/ros_project/ros_ws/build/nav2_custom_planner' returned '0': CMAKE_PREFIX_PATH=/opt/ros/humble /usr/bin/cmake /home/rose/ros_project/ros_ws/src/nav2_custom_planner -DCMAKE_INSTALL_PREFIX=/home/rose/ros_project/ros_ws/install/nav2_custom_planner
[1.331s] DEBUG:colcon.colcon_core.event_handler.log_command:Invoking command in '/home/rose/ros_project/ros_ws/build/nav2_custom_planner': CMAKE_PREFIX_PATH=/opt/ros/humble /usr/bin/cmake --build /home/rose/ros_project/ros_ws/build/nav2_custom_planner -- -j8 -l8
[1.360s] DEBUG:colcon.colcon_core.event_handler.log_command:Invoked command in '/home/rose/ros_project/ros_ws/build/nav2_custom_planner' returned '0': CMAKE_PREFIX_PATH=/opt/ros/humble /usr/bin/cmake --build /home/rose/ros_project/ros_ws/build/nav2_custom_planner -- -j8 -l8
[1.362s] DEBUG:colcon.colcon_core.event_handler.log_command:Invoking command in '/home/rose/ros_project/ros_ws/build/nav2_custom_planner': CMAKE_PREFIX_PATH=/opt/ros/humble /usr/bin/cmake --install /home/rose/ros_project/ros_ws/build/nav2_custom_planner
[1.370s] Level 1:colcon.colcon_core.environment:create_environment_scripts_only(nav2_custom_planner)
[1.371s] Level 1:colcon.colcon_core.environment:checking '/home/rose/ros_project/ros_ws/install/nav2_custom_planner' for CMake module files
[1.371s] DEBUG:colcon.colcon_core.event_handler.log_command:Invoked command in '/home/rose/ros_project/ros_ws/build/nav2_custom_planner' returned '0': CMAKE_PREFIX_PATH=/opt/ros/humble /usr/bin/cmake --install /home/rose/ros_project/ros_ws/build/nav2_custom_planner
[1.371s] Level 1:colcon.colcon_core.environment:checking '/home/rose/ros_project/ros_ws/install/nav2_custom_planner' for CMake config files
[1.371s] Level 1:colcon.colcon_core.shell:create_environment_hook('nav2_custom_planner', 'cmake_prefix_path')
[1.371s] INFO:colcon.colcon_core.shell:Creating environment hook '/home/rose/ros_project/ros_ws/install/nav2_custom_planner/share/nav2_custom_planner/hook/cmake_prefix_path.ps1'
[1.372s] INFO:colcon.colcon_core.shell:Creating environment descriptor '/home/rose/ros_project/ros_ws/install/nav2_custom_planner/share/nav2_custom_planner/hook/cmake_prefix_path.dsv'
[1.372s] INFO:colcon.colcon_core.shell:Creating environment hook '/home/rose/ros_project/ros_ws/install/nav2_custom_planner/share/nav2_custom_planner/hook/cmake_prefix_path.sh'
[1.372s] Level 1:colcon.colcon_core.environment:checking '/home/rose/ros_project/ros_ws/install/nav2_custom_planner/bin'
[1.372s] Level 1:colcon.colcon_core.environment:checking '/home/rose/ros_project/ros_ws/install/nav2_custom_planner/lib/pkgconfig/nav2_custom_planner.pc'
[1.372s] Level 1:colcon.colcon_core.environment:checking '/home/rose/ros_project/ros_ws/install/nav2_custom_planner/lib/python3.10/site-packages'
[1.372s] Level 1:colcon.colcon_core.environment:checking '/home/rose/ros_project/ros_ws/install/nav2_custom_planner/bin'
[1.373s] INFO:colcon.colcon_core.shell:Creating package script '/home/rose/ros_project/ros_ws/install/nav2_custom_planner/share/nav2_custom_planner/package.ps1'
[1.373s] INFO:colcon.colcon_core.shell:Creating package descriptor '/home/rose/ros_project/ros_ws/install/nav2_custom_planner/share/nav2_custom_planner/package.dsv'
[1.373s] INFO:colcon.colcon_core.shell:Creating package script '/home/rose/ros_project/ros_ws/install/nav2_custom_planner/share/nav2_custom_planner/package.sh'
[1.374s] INFO:colcon.colcon_core.shell:Creating package script '/home/rose/ros_project/ros_ws/install/nav2_custom_planner/share/nav2_custom_planner/package.bash'
[1.374s] INFO:colcon.colcon_core.shell:Creating package script '/home/rose/ros_project/ros_ws/install/nav2_custom_planner/share/nav2_custom_planner/package.zsh'
[1.374s] Level 1:colcon.colcon_core.environment:create_file_with_runtime_dependencies(/home/rose/ros_project/ros_ws/install/nav2_custom_planner/share/colcon-core/packages/nav2_custom_planner)
[1.374s] Level 1:colcon.colcon_core.environment:create_environment_scripts_only(nav2_custom_planner)
[1.374s] Level 1:colcon.colcon_core.environment:checking '/home/rose/ros_project/ros_ws/install/nav2_custom_planner' for CMake module files
[1.374s] Level 1:colcon.colcon_core.environment:checking '/home/rose/ros_project/ros_ws/install/nav2_custom_planner' for CMake config files
[1.375s] Level 1:colcon.colcon_core.shell:create_environment_hook('nav2_custom_planner', 'cmake_prefix_path')
[1.375s] INFO:colcon.colcon_core.shell:Creating environment hook '/home/rose/ros_project/ros_ws/install/nav2_custom_planner/share/nav2_custom_planner/hook/cmake_prefix_path.ps1'
[1.375s] INFO:colcon.colcon_core.shell:Creating environment descriptor '/home/rose/ros_project/ros_ws/install/nav2_custom_planner/share/nav2_custom_planner/hook/cmake_prefix_path.dsv'
[1.375s] INFO:colcon.colcon_core.shell:Creating environment hook '/home/rose/ros_project/ros_ws/install/nav2_custom_planner/share/nav2_custom_planner/hook/cmake_prefix_path.sh'
[1.376s] Level 1:colcon.colcon_core.environment:checking '/home/rose/ros_project/ros_ws/install/nav2_custom_planner/bin'
[1.376s] Level 1:colcon.colcon_core.environment:checking '/home/rose/ros_project/ros_ws/install/nav2_custom_planner/lib/pkgconfig/nav2_custom_planner.pc'
[1.376s] Level 1:colcon.colcon_core.environment:checking '/home/rose/ros_project/ros_ws/install/nav2_custom_planner/lib/python3.10/site-packages'
[1.376s] Level 1:colcon.colcon_core.environment:checking '/home/rose/ros_project/ros_ws/install/nav2_custom_planner/bin'
[1.376s] INFO:colcon.colcon_core.shell:Creating package script '/home/rose/ros_project/ros_ws/install/nav2_custom_planner/share/nav2_custom_planner/package.ps1'
[1.376s] INFO:colcon.colcon_core.shell:Creating package descriptor '/home/rose/ros_project/ros_ws/install/nav2_custom_planner/share/nav2_custom_planner/package.dsv'
[1.377s] INFO:colcon.colcon_core.shell:Creating package script '/home/rose/ros_project/ros_ws/install/nav2_custom_planner/share/nav2_custom_planner/package.sh'
[1.377s] INFO:colcon.colcon_core.shell:Creating package script '/home/rose/ros_project/ros_ws/install/nav2_custom_planner/share/nav2_custom_planner/package.bash'
[1.377s] INFO:colcon.colcon_core.shell:Creating package script '/home/rose/ros_project/ros_ws/install/nav2_custom_planner/share/nav2_custom_planner/package.zsh'
[1.378s] Level 1:colcon.colcon_core.environment:create_file_with_runtime_dependencies(/home/rose/ros_project/ros_ws/install/nav2_custom_planner/share/colcon-core/packages/nav2_custom_planner)
[1.378s] DEBUG:colcon.colcon_parallel_executor.executor.parallel:closing loop
[1.379s] DEBUG:colcon.colcon_parallel_executor.executor.parallel:loop closed
[1.379s] DEBUG:colcon.colcon_parallel_executor.executor.parallel:run_until_complete finished with '0'
[1.379s] DEBUG:colcon.colcon_core.event_reactor:joining thread
[1.382s] INFO:colcon.colcon_core.plugin_system:Skipping extension 'colcon_notification.desktop_notification.terminal_notifier': Not used on non-Darwin systems
[1.382s] INFO:colcon.colcon_core.plugin_system:Skipping extension 'colcon_notification.desktop_notification.win32': Not used on non-Windows systems
[1.382s] INFO:colcon.colcon_notification.desktop_notification:Sending desktop notification using 'notify2'
[1.389s] DEBUG:colcon.colcon_core.event_reactor:joined thread
[1.389s] INFO:colcon.colcon_core.shell:Creating prefix script '/home/rose/ros_project/ros_ws/install/local_setup.ps1'
[1.390s] INFO:colcon.colcon_core.shell:Creating prefix util module '/home/rose/ros_project/ros_ws/install/_local_setup_util_ps1.py'
[1.391s] INFO:colcon.colcon_core.shell:Creating prefix chain script '/home/rose/ros_project/ros_ws/install/setup.ps1'
[1.392s] INFO:colcon.colcon_core.shell:Creating prefix script '/home/rose/ros_project/ros_ws/install/local_setup.sh'
[1.392s] INFO:colcon.colcon_core.shell:Creating prefix util module '/home/rose/ros_project/ros_ws/install/_local_setup_util_sh.py'
[1.392s] INFO:colcon.colcon_core.shell:Creating prefix chain script '/home/rose/ros_project/ros_ws/install/setup.sh'
[1.393s] INFO:colcon.colcon_core.shell:Creating prefix script '/home/rose/ros_project/ros_ws/install/local_setup.bash'
[1.393s] INFO:colcon.colcon_core.shell:Creating prefix chain script '/home/rose/ros_project/ros_ws/install/setup.bash'
[1.394s] INFO:colcon.colcon_core.shell:Creating prefix script '/home/rose/ros_project/ros_ws/install/local_setup.zsh'
[1.394s] INFO:colcon.colcon_core.shell:Creating prefix chain script '/home/rose/ros_project/ros_ws/install/setup.zsh'
