[0.395s] Invoking command in '/home/rose/ros_project/ros_ws/src/myrobot_application': PYTHONPATH=/home/rose/ros_project/ros_ws/build/myrobot_application/prefix_override:/usr/lib/python3/dist-packages/colcon_core/task/python/colcon_distutils_commands:/home/rose/ros_project/ros_ws/install/myrobot_application/lib/python3.10/site-packages:${PYTHONPATH} /usr/bin/python3 -W ignore:setup.py install is deprecated -W ignore:easy_install command is deprecated setup.py egg_info --egg-base ../../build/myrobot_application build --build-base /home/rose/ros_project/ros_ws/build/myrobot_application/build install --record /home/rose/ros_project/ros_ws/build/myrobot_application/install.log --install-scripts $base/lib/myrobot_application --single-version-externally-managed install_data
[0.534s] running egg_info
[0.534s] writing ../../build/myrobot_application/myrobot_application.egg-info/PKG-INFO
[0.534s] writing dependency_links to ../../build/myrobot_application/myrobot_application.egg-info/dependency_links.txt
[0.534s] writing entry points to ../../build/myrobot_application/myrobot_application.egg-info/entry_points.txt
[0.534s] writing requirements to ../../build/myrobot_application/myrobot_application.egg-info/requires.txt
[0.534s] writing top-level names to ../../build/myrobot_application/myrobot_application.egg-info/top_level.txt
[0.535s] reading manifest file '../../build/myrobot_application/myrobot_application.egg-info/SOURCES.txt'
[0.536s] adding license file 'LICENSE'
[0.536s] writing manifest file '../../build/myrobot_application/myrobot_application.egg-info/SOURCES.txt'
[0.537s] running build
[0.537s] running build_py
[0.537s] running install
[0.538s] running install_lib
[0.538s] running install_data
[0.539s] running install_egg_info
[0.543s] removing '/home/rose/ros_project/ros_ws/install/myrobot_application/lib/python3.10/site-packages/myrobot_application-0.0.0-py3.10.egg-info' (and everything under it)
[0.543s] Copying ../../build/myrobot_application/myrobot_application.egg-info to /home/rose/ros_project/ros_ws/install/myrobot_application/lib/python3.10/site-packages/myrobot_application-0.0.0-py3.10.egg-info
[0.543s] running install_scripts
[0.556s] Installing get_robot_pose script to /home/rose/ros_project/ros_ws/install/myrobot_application/lib/myrobot_application
[0.556s] Installing init_robot_pose script to /home/rose/ros_project/ros_ws/install/myrobot_application/lib/myrobot_application
[0.556s] Installing nav_to_pose script to /home/rose/ros_project/ros_ws/install/myrobot_application/lib/myrobot_application
[0.556s] Installing waypoint_follower script to /home/rose/ros_project/ros_ws/install/myrobot_application/lib/myrobot_application
[0.556s] writing list of installed files to '/home/rose/ros_project/ros_ws/build/myrobot_application/install.log'
[0.573s] Invoked command in '/home/rose/ros_project/ros_ws/src/myrobot_application' returned '0': PYTHONPATH=/home/rose/ros_project/ros_ws/build/myrobot_application/prefix_override:/usr/lib/python3/dist-packages/colcon_core/task/python/colcon_distutils_commands:/home/rose/ros_project/ros_ws/install/myrobot_application/lib/python3.10/site-packages:${PYTHONPATH} /usr/bin/python3 -W ignore:setup.py install is deprecated -W ignore:easy_install command is deprecated setup.py egg_info --egg-base ../../build/myrobot_application build --build-base /home/rose/ros_project/ros_ws/build/myrobot_application/build install --record /home/rose/ros_project/ros_ws/build/myrobot_application/install.log --install-scripts $base/lib/myrobot_application --single-version-externally-managed install_data
