[0.170s] Invoking command in '/home/rose/ros_project/ros_ws/build/myrobot_navigation2': CMAKE_PREFIX_PATH=${CMAKE_PREFIX_PATH}:/opt/ros/humble /usr/bin/cmake --build /home/rose/ros_project/ros_ws/build/myrobot_navigation2 -- -j8 -l8
[0.239s] Invoked command in '/home/rose/ros_project/ros_ws/build/myrobot_navigation2' returned '0': CMAKE_PREFIX_PATH=${CMAKE_PREFIX_PATH}:/opt/ros/humble /usr/bin/cmake --build /home/rose/ros_project/ros_ws/build/myrobot_navigation2 -- -j8 -l8
[0.246s] Invoking command in '/home/rose/ros_project/ros_ws/build/myrobot_navigation2': CMAKE_PREFIX_PATH=${CMAKE_PREFIX_PATH}:/opt/ros/humble /usr/bin/cmake --install /home/rose/ros_project/ros_ws/build/myrobot_navigation2
[0.252s] -- Install configuration: ""
[0.253s] -- Execute custom install script
[0.254s] -- Up-to-date symlink: /home/rose/ros_project/ros_ws/install/myrobot_navigation2/share/myrobot_navigation2/launch/__pycache__/navigation2.launch.cpython-310.pyc
[0.254s] -- Up-to-date symlink: /home/rose/ros_project/ros_ws/install/myrobot_navigation2/share/myrobot_navigation2/launch/navigation2.launch.py
[0.254s] -- Up-to-date symlink: /home/rose/ros_project/ros_ws/install/myrobot_navigation2/share/myrobot_navigation2/config/nav2_params.yaml
[0.254s] -- Up-to-date symlink: /home/rose/ros_project/ros_ws/install/myrobot_navigation2/share/myrobot_navigation2/maps/room.pgm
[0.254s] -- Up-to-date symlink: /home/rose/ros_project/ros_ws/install/myrobot_navigation2/share/myrobot_navigation2/maps/room.yaml
[0.254s] -- Up-to-date symlink: /home/rose/ros_project/ros_ws/install/myrobot_navigation2/share/ament_index/resource_index/package_run_dependencies/myrobot_navigation2
[0.254s] -- Up-to-date symlink: /home/rose/ros_project/ros_ws/install/myrobot_navigation2/share/ament_index/resource_index/parent_prefix_path/myrobot_navigation2
[0.254s] -- Up-to-date symlink: /home/rose/ros_project/ros_ws/install/myrobot_navigation2/share/myrobot_navigation2/environment/ament_prefix_path.sh
[0.255s] -- Up-to-date symlink: /home/rose/ros_project/ros_ws/install/myrobot_navigation2/share/myrobot_navigation2/environment/ament_prefix_path.dsv
[0.255s] -- Up-to-date symlink: /home/rose/ros_project/ros_ws/install/myrobot_navigation2/share/myrobot_navigation2/environment/path.sh
[0.255s] -- Up-to-date symlink: /home/rose/ros_project/ros_ws/install/myrobot_navigation2/share/myrobot_navigation2/environment/path.dsv
[0.255s] -- Up-to-date symlink: /home/rose/ros_project/ros_ws/install/myrobot_navigation2/share/myrobot_navigation2/local_setup.bash
[0.255s] -- Up-to-date symlink: /home/rose/ros_project/ros_ws/install/myrobot_navigation2/share/myrobot_navigation2/local_setup.sh
[0.255s] -- Up-to-date symlink: /home/rose/ros_project/ros_ws/install/myrobot_navigation2/share/myrobot_navigation2/local_setup.zsh
[0.256s] -- Up-to-date symlink: /home/rose/ros_project/ros_ws/install/myrobot_navigation2/share/myrobot_navigation2/local_setup.dsv
[0.256s] -- Symlinking: /home/rose/ros_project/ros_ws/install/myrobot_navigation2/share/myrobot_navigation2/package.dsv
[0.261s] -- Up-to-date symlink: /home/rose/ros_project/ros_ws/install/myrobot_navigation2/share/ament_index/resource_index/packages/myrobot_navigation2
[0.261s] -- Up-to-date symlink: /home/rose/ros_project/ros_ws/install/myrobot_navigation2/share/myrobot_navigation2/cmake/myrobot_navigation2Config.cmake
[0.261s] -- Up-to-date symlink: /home/rose/ros_project/ros_ws/install/myrobot_navigation2/share/myrobot_navigation2/cmake/myrobot_navigation2Config-version.cmake
[0.261s] -- Up-to-date symlink: /home/rose/ros_project/ros_ws/install/myrobot_navigation2/share/myrobot_navigation2/package.xml
[0.263s] Invoked command in '/home/rose/ros_project/ros_ws/build/myrobot_navigation2' returned '0': CMAKE_PREFIX_PATH=${CMAKE_PREFIX_PATH}:/opt/ros/humble /usr/bin/cmake --install /home/rose/ros_project/ros_ws/build/myrobot_navigation2
