[0.057s] DEBUG:colcon:Command line arguments: ['/usr/bin/colcon', 'build']
[0.057s] DEBUG:colcon:Parsed command line arguments: Namespace(log_base=None, log_level=None, verb_name='build', build_base='build', install_base='install', merge_install=False, symlink_install=False, test_result_base=None, continue_on_error=False, executor='parallel', parallel_workers=8, event_handlers=None, ignore_user_meta=False, metas=['./colcon.meta'], base_paths=['.'], packages_ignore=None, packages_ignore_regex=None, paths=None, packages_up_to=None, packages_up_to_regex=None, packages_above=None, packages_above_and_dependencies=None, packages_above_depth=None, packages_select_by_dep=None, packages_skip_by_dep=None, packages_skip_up_to=None, packages_select_build_failed=False, packages_skip_build_finished=False, packages_select_test_failures=False, packages_skip_test_passed=False, packages_select=None, packages_skip=None, packages_select_regex=None, packages_skip_regex=None, packages_start=None, packages_end=None, allow_overriding=[], cmake_args=None, cmake_target=None, cmake_target_skip_unavailable=False, cmake_clean_cache=False, cmake_clean_first=False, cmake_force_configure=False, ament_cmake_args=None, catkin_cmake_args=None, catkin_skip_building_tests=False, verb_parser=<colcon_defaults.argument_parser.defaults.DefaultArgumentsDecorator object at 0x7c27f8658fd0>, verb_extension=<colcon_core.verb.build.BuildVerb object at 0x7c27f8658a60>, main=<bound method BuildVerb.main of <colcon_core.verb.build.BuildVerb object at 0x7c27f8658a60>>)
[0.149s] Level 1:colcon.colcon_core.package_discovery:discover_packages(colcon_meta) check parameters
[0.149s] Level 1:colcon.colcon_core.package_discovery:discover_packages(recursive) check parameters
[0.149s] Level 1:colcon.colcon_core.package_discovery:discover_packages(ignore) check parameters
[0.149s] Level 1:colcon.colcon_core.package_discovery:discover_packages(path) check parameters
[0.149s] Level 1:colcon.colcon_core.package_discovery:discover_packages(colcon_meta) discover
[0.149s] Level 1:colcon.colcon_core.package_discovery:discover_packages(recursive) discover
[0.149s] INFO:colcon.colcon_core.package_discovery:Crawling recursively for packages in '/home/rose/ros_project/ros_ws'
[0.149s] Level 1:colcon.colcon_core.package_identification:_identify(.) by extensions ['ignore', 'ignore_ament_install']
[0.149s] Level 1:colcon.colcon_core.package_identification:_identify(.) by extension 'ignore'
[0.149s] Level 1:colcon.colcon_core.package_identification:_identify(.) by extension 'ignore_ament_install'
[0.149s] Level 1:colcon.colcon_core.package_identification:_identify(.) by extensions ['colcon_pkg']
[0.149s] Level 1:colcon.colcon_core.package_identification:_identify(.) by extension 'colcon_pkg'
[0.149s] Level 1:colcon.colcon_core.package_identification:_identify(.) by extensions ['colcon_meta']
[0.149s] Level 1:colcon.colcon_core.package_identification:_identify(.) by extension 'colcon_meta'
[0.149s] Level 1:colcon.colcon_core.package_identification:_identify(.) by extensions ['ros']
[0.149s] Level 1:colcon.colcon_core.package_identification:_identify(.) by extension 'ros'
[0.155s] Level 1:colcon.colcon_core.package_identification:_identify(.) by extensions ['cmake', 'python']
[0.156s] Level 1:colcon.colcon_core.package_identification:_identify(.) by extension 'cmake'
[0.156s] Level 1:colcon.colcon_core.package_identification:_identify(.) by extension 'python'
[0.156s] Level 1:colcon.colcon_core.package_identification:_identify(.) by extensions ['python_setup_py']
[0.156s] Level 1:colcon.colcon_core.package_identification:_identify(.) by extension 'python_setup_py'
[0.156s] Level 1:colcon.colcon_core.package_identification:_identify(build) by extensions ['ignore', 'ignore_ament_install']
[0.156s] Level 1:colcon.colcon_core.package_identification:_identify(build) by extension 'ignore'
[0.156s] Level 1:colcon.colcon_core.package_identification:_identify(build) ignored
[0.156s] Level 1:colcon.colcon_core.package_identification:_identify(install) by extensions ['ignore', 'ignore_ament_install']
[0.156s] Level 1:colcon.colcon_core.package_identification:_identify(install) by extension 'ignore'
[0.156s] Level 1:colcon.colcon_core.package_identification:_identify(install) ignored
[0.156s] Level 1:colcon.colcon_core.package_identification:_identify(log) by extensions ['ignore', 'ignore_ament_install']
[0.156s] Level 1:colcon.colcon_core.package_identification:_identify(log) by extension 'ignore'
[0.156s] Level 1:colcon.colcon_core.package_identification:_identify(log) ignored
[0.156s] Level 1:colcon.colcon_core.package_identification:_identify(src) by extensions ['ignore', 'ignore_ament_install']
[0.156s] Level 1:colcon.colcon_core.package_identification:_identify(src) by extension 'ignore'
[0.156s] Level 1:colcon.colcon_core.package_identification:_identify(src) by extension 'ignore_ament_install'
[0.156s] Level 1:colcon.colcon_core.package_identification:_identify(src) by extensions ['colcon_pkg']
[0.156s] Level 1:colcon.colcon_core.package_identification:_identify(src) by extension 'colcon_pkg'
[0.156s] Level 1:colcon.colcon_core.package_identification:_identify(src) by extensions ['colcon_meta']
[0.156s] Level 1:colcon.colcon_core.package_identification:_identify(src) by extension 'colcon_meta'
[0.156s] Level 1:colcon.colcon_core.package_identification:_identify(src) by extensions ['ros']
[0.156s] Level 1:colcon.colcon_core.package_identification:_identify(src) by extension 'ros'
[0.156s] Level 1:colcon.colcon_core.package_identification:_identify(src) by extensions ['cmake', 'python']
[0.156s] Level 1:colcon.colcon_core.package_identification:_identify(src) by extension 'cmake'
[0.156s] Level 1:colcon.colcon_core.package_identification:_identify(src) by extension 'python'
[0.156s] Level 1:colcon.colcon_core.package_identification:_identify(src) by extensions ['python_setup_py']
[0.156s] Level 1:colcon.colcon_core.package_identification:_identify(src) by extension 'python_setup_py'
[0.157s] Level 1:colcon.colcon_core.package_identification:_identify(src/myrobot_application) by extensions ['ignore', 'ignore_ament_install']
[0.157s] Level 1:colcon.colcon_core.package_identification:_identify(src/myrobot_application) by extension 'ignore'
[0.157s] Level 1:colcon.colcon_core.package_identification:_identify(src/myrobot_application) by extension 'ignore_ament_install'
[0.157s] Level 1:colcon.colcon_core.package_identification:_identify(src/myrobot_application) by extensions ['colcon_pkg']
[0.157s] Level 1:colcon.colcon_core.package_identification:_identify(src/myrobot_application) by extension 'colcon_pkg'
[0.157s] Level 1:colcon.colcon_core.package_identification:_identify(src/myrobot_application) by extensions ['colcon_meta']
[0.157s] Level 1:colcon.colcon_core.package_identification:_identify(src/myrobot_application) by extension 'colcon_meta'
[0.157s] Level 1:colcon.colcon_core.package_identification:_identify(src/myrobot_application) by extensions ['ros']
[0.157s] Level 1:colcon.colcon_core.package_identification:_identify(src/myrobot_application) by extension 'ros'
[0.158s] DEBUG:colcon.colcon_core.package_identification:Package 'src/myrobot_application' with type 'ros.ament_python' and name 'myrobot_application'
[0.158s] Level 1:colcon.colcon_core.package_identification:_identify(src/myrobot_description) by extensions ['ignore', 'ignore_ament_install']
[0.158s] Level 1:colcon.colcon_core.package_identification:_identify(src/myrobot_description) by extension 'ignore'
[0.158s] Level 1:colcon.colcon_core.package_identification:_identify(src/myrobot_description) by extension 'ignore_ament_install'
[0.158s] Level 1:colcon.colcon_core.package_identification:_identify(src/myrobot_description) by extensions ['colcon_pkg']
[0.158s] Level 1:colcon.colcon_core.package_identification:_identify(src/myrobot_description) by extension 'colcon_pkg'
[0.158s] Level 1:colcon.colcon_core.package_identification:_identify(src/myrobot_description) by extensions ['colcon_meta']
[0.159s] Level 1:colcon.colcon_core.package_identification:_identify(src/myrobot_description) by extension 'colcon_meta'
[0.159s] Level 1:colcon.colcon_core.package_identification:_identify(src/myrobot_description) by extensions ['ros']
[0.159s] Level 1:colcon.colcon_core.package_identification:_identify(src/myrobot_description) by extension 'ros'
[0.159s] DEBUG:colcon.colcon_core.package_identification:Package 'src/myrobot_description' with type 'ros.ament_cmake' and name 'myrobot_description'
[0.159s] Level 1:colcon.colcon_core.package_identification:_identify(src/myrobot_navigation2) by extensions ['ignore', 'ignore_ament_install']
[0.159s] Level 1:colcon.colcon_core.package_identification:_identify(src/myrobot_navigation2) by extension 'ignore'
[0.159s] Level 1:colcon.colcon_core.package_identification:_identify(src/myrobot_navigation2) by extension 'ignore_ament_install'
[0.159s] Level 1:colcon.colcon_core.package_identification:_identify(src/myrobot_navigation2) by extensions ['colcon_pkg']
[0.159s] Level 1:colcon.colcon_core.package_identification:_identify(src/myrobot_navigation2) by extension 'colcon_pkg'
[0.159s] Level 1:colcon.colcon_core.package_identification:_identify(src/myrobot_navigation2) by extensions ['colcon_meta']
[0.159s] Level 1:colcon.colcon_core.package_identification:_identify(src/myrobot_navigation2) by extension 'colcon_meta'
[0.159s] Level 1:colcon.colcon_core.package_identification:_identify(src/myrobot_navigation2) by extensions ['ros']
[0.159s] Level 1:colcon.colcon_core.package_identification:_identify(src/myrobot_navigation2) by extension 'ros'
[0.160s] DEBUG:colcon.colcon_core.package_identification:Package 'src/myrobot_navigation2' with type 'ros.ament_cmake' and name 'myrobot_navigation2'
[0.160s] Level 1:colcon.colcon_core.package_identification:_identify(src/nav2_custom_controller) by extensions ['ignore', 'ignore_ament_install']
[0.160s] Level 1:colcon.colcon_core.package_identification:_identify(src/nav2_custom_controller) by extension 'ignore'
[0.160s] Level 1:colcon.colcon_core.package_identification:_identify(src/nav2_custom_controller) by extension 'ignore_ament_install'
[0.160s] Level 1:colcon.colcon_core.package_identification:_identify(src/nav2_custom_controller) by extensions ['colcon_pkg']
[0.160s] Level 1:colcon.colcon_core.package_identification:_identify(src/nav2_custom_controller) by extension 'colcon_pkg'
[0.160s] Level 1:colcon.colcon_core.package_identification:_identify(src/nav2_custom_controller) by extensions ['colcon_meta']
[0.160s] Level 1:colcon.colcon_core.package_identification:_identify(src/nav2_custom_controller) by extension 'colcon_meta'
[0.160s] Level 1:colcon.colcon_core.package_identification:_identify(src/nav2_custom_controller) by extensions ['ros']
[0.160s] Level 1:colcon.colcon_core.package_identification:_identify(src/nav2_custom_controller) by extension 'ros'
[0.160s] DEBUG:colcon.colcon_core.package_identification:Package 'src/nav2_custom_controller' with type 'ros.ament_cmake' and name 'nav2_custom_controller'
[0.160s] Level 1:colcon.colcon_core.package_discovery:discover_packages(recursive) using defaults
[0.160s] Level 1:colcon.colcon_core.package_discovery:discover_packages(ignore) discover
[0.160s] Level 1:colcon.colcon_core.package_discovery:discover_packages(ignore) using defaults
[0.160s] Level 1:colcon.colcon_core.package_discovery:discover_packages(path) discover
[0.160s] Level 1:colcon.colcon_core.package_discovery:discover_packages(path) using defaults
[0.184s] Level 1:colcon.colcon_core.package_discovery:discover_packages(prefix_path) check parameters
[0.184s] Level 1:colcon.colcon_core.package_discovery:discover_packages(prefix_path) discover
[0.185s] DEBUG:colcon.colcon_installed_package_information.package_discovery:Found 4 installed packages in /home/rose/ros_project/ros_ws/install
[0.186s] DEBUG:colcon.colcon_installed_package_information.package_discovery:Found 374 installed packages in /opt/ros/humble
[0.187s] Level 1:colcon.colcon_core.package_discovery:discover_packages(prefix_path) using defaults
[0.212s] Level 5:colcon.colcon_core.verb:set package 'myrobot_application' build argument 'cmake_args' from command line to 'None'
[0.212s] Level 5:colcon.colcon_core.verb:set package 'myrobot_application' build argument 'cmake_target' from command line to 'None'
[0.212s] Level 5:colcon.colcon_core.verb:set package 'myrobot_application' build argument 'cmake_target_skip_unavailable' from command line to 'False'
[0.212s] Level 5:colcon.colcon_core.verb:set package 'myrobot_application' build argument 'cmake_clean_cache' from command line to 'False'
[0.212s] Level 5:colcon.colcon_core.verb:set package 'myrobot_application' build argument 'cmake_clean_first' from command line to 'False'
[0.212s] Level 5:colcon.colcon_core.verb:set package 'myrobot_application' build argument 'cmake_force_configure' from command line to 'False'
[0.212s] Level 5:colcon.colcon_core.verb:set package 'myrobot_application' build argument 'ament_cmake_args' from command line to 'None'
[0.212s] Level 5:colcon.colcon_core.verb:set package 'myrobot_application' build argument 'catkin_cmake_args' from command line to 'None'
[0.212s] Level 5:colcon.colcon_core.verb:set package 'myrobot_application' build argument 'catkin_skip_building_tests' from command line to 'False'
[0.212s] DEBUG:colcon.colcon_core.verb:Building package 'myrobot_application' with the following arguments: {'ament_cmake_args': None, 'build_base': '/home/rose/ros_project/ros_ws/build/myrobot_application', 'catkin_cmake_args': None, 'catkin_skip_building_tests': False, 'cmake_args': None, 'cmake_clean_cache': False, 'cmake_clean_first': False, 'cmake_force_configure': False, 'cmake_target': None, 'cmake_target_skip_unavailable': False, 'install_base': '/home/rose/ros_project/ros_ws/install/myrobot_application', 'merge_install': False, 'path': '/home/rose/ros_project/ros_ws/src/myrobot_application', 'symlink_install': False, 'test_result_base': None}
[0.213s] Level 5:colcon.colcon_core.verb:set package 'myrobot_description' build argument 'cmake_args' from command line to 'None'
[0.213s] Level 5:colcon.colcon_core.verb:set package 'myrobot_description' build argument 'cmake_target' from command line to 'None'
[0.213s] Level 5:colcon.colcon_core.verb:set package 'myrobot_description' build argument 'cmake_target_skip_unavailable' from command line to 'False'
[0.213s] Level 5:colcon.colcon_core.verb:set package 'myrobot_description' build argument 'cmake_clean_cache' from command line to 'False'
[0.213s] Level 5:colcon.colcon_core.verb:set package 'myrobot_description' build argument 'cmake_clean_first' from command line to 'False'
[0.213s] Level 5:colcon.colcon_core.verb:set package 'myrobot_description' build argument 'cmake_force_configure' from command line to 'False'
[0.213s] Level 5:colcon.colcon_core.verb:set package 'myrobot_description' build argument 'ament_cmake_args' from command line to 'None'
[0.213s] Level 5:colcon.colcon_core.verb:set package 'myrobot_description' build argument 'catkin_cmake_args' from command line to 'None'
[0.213s] Level 5:colcon.colcon_core.verb:set package 'myrobot_description' build argument 'catkin_skip_building_tests' from command line to 'False'
[0.213s] DEBUG:colcon.colcon_core.verb:Building package 'myrobot_description' with the following arguments: {'ament_cmake_args': None, 'build_base': '/home/rose/ros_project/ros_ws/build/myrobot_description', 'catkin_cmake_args': None, 'catkin_skip_building_tests': False, 'cmake_args': None, 'cmake_clean_cache': False, 'cmake_clean_first': False, 'cmake_force_configure': False, 'cmake_target': None, 'cmake_target_skip_unavailable': False, 'install_base': '/home/rose/ros_project/ros_ws/install/myrobot_description', 'merge_install': False, 'path': '/home/rose/ros_project/ros_ws/src/myrobot_description', 'symlink_install': False, 'test_result_base': None}
[0.213s] Level 5:colcon.colcon_core.verb:set package 'myrobot_navigation2' build argument 'cmake_args' from command line to 'None'
[0.213s] Level 5:colcon.colcon_core.verb:set package 'myrobot_navigation2' build argument 'cmake_target' from command line to 'None'
[0.213s] Level 5:colcon.colcon_core.verb:set package 'myrobot_navigation2' build argument 'cmake_target_skip_unavailable' from command line to 'False'
[0.213s] Level 5:colcon.colcon_core.verb:set package 'myrobot_navigation2' build argument 'cmake_clean_cache' from command line to 'False'
[0.213s] Level 5:colcon.colcon_core.verb:set package 'myrobot_navigation2' build argument 'cmake_clean_first' from command line to 'False'
[0.213s] Level 5:colcon.colcon_core.verb:set package 'myrobot_navigation2' build argument 'cmake_force_configure' from command line to 'False'
[0.213s] Level 5:colcon.colcon_core.verb:set package 'myrobot_navigation2' build argument 'ament_cmake_args' from command line to 'None'
[0.213s] Level 5:colcon.colcon_core.verb:set package 'myrobot_navigation2' build argument 'catkin_cmake_args' from command line to 'None'
[0.213s] Level 5:colcon.colcon_core.verb:set package 'myrobot_navigation2' build argument 'catkin_skip_building_tests' from command line to 'False'
[0.213s] DEBUG:colcon.colcon_core.verb:Building package 'myrobot_navigation2' with the following arguments: {'ament_cmake_args': None, 'build_base': '/home/rose/ros_project/ros_ws/build/myrobot_navigation2', 'catkin_cmake_args': None, 'catkin_skip_building_tests': False, 'cmake_args': None, 'cmake_clean_cache': False, 'cmake_clean_first': False, 'cmake_force_configure': False, 'cmake_target': None, 'cmake_target_skip_unavailable': False, 'install_base': '/home/rose/ros_project/ros_ws/install/myrobot_navigation2', 'merge_install': False, 'path': '/home/rose/ros_project/ros_ws/src/myrobot_navigation2', 'symlink_install': False, 'test_result_base': None}
[0.213s] Level 5:colcon.colcon_core.verb:set package 'nav2_custom_controller' build argument 'cmake_args' from command line to 'None'
[0.213s] Level 5:colcon.colcon_core.verb:set package 'nav2_custom_controller' build argument 'cmake_target' from command line to 'None'
[0.213s] Level 5:colcon.colcon_core.verb:set package 'nav2_custom_controller' build argument 'cmake_target_skip_unavailable' from command line to 'False'
[0.213s] Level 5:colcon.colcon_core.verb:set package 'nav2_custom_controller' build argument 'cmake_clean_cache' from command line to 'False'
[0.213s] Level 5:colcon.colcon_core.verb:set package 'nav2_custom_controller' build argument 'cmake_clean_first' from command line to 'False'
[0.213s] Level 5:colcon.colcon_core.verb:set package 'nav2_custom_controller' build argument 'cmake_force_configure' from command line to 'False'
[0.213s] Level 5:colcon.colcon_core.verb:set package 'nav2_custom_controller' build argument 'ament_cmake_args' from command line to 'None'
[0.213s] Level 5:colcon.colcon_core.verb:set package 'nav2_custom_controller' build argument 'catkin_cmake_args' from command line to 'None'
[0.214s] Level 5:colcon.colcon_core.verb:set package 'nav2_custom_controller' build argument 'catkin_skip_building_tests' from command line to 'False'
[0.214s] DEBUG:colcon.colcon_core.verb:Building package 'nav2_custom_controller' with the following arguments: {'ament_cmake_args': None, 'build_base': '/home/rose/ros_project/ros_ws/build/nav2_custom_controller', 'catkin_cmake_args': None, 'catkin_skip_building_tests': False, 'cmake_args': None, 'cmake_clean_cache': False, 'cmake_clean_first': False, 'cmake_force_configure': False, 'cmake_target': None, 'cmake_target_skip_unavailable': False, 'install_base': '/home/rose/ros_project/ros_ws/install/nav2_custom_controller', 'merge_install': False, 'path': '/home/rose/ros_project/ros_ws/src/nav2_custom_controller', 'symlink_install': False, 'test_result_base': None}
[0.214s] INFO:colcon.colcon_core.executor:Executing jobs using 'parallel' executor
[0.215s] DEBUG:colcon.colcon_parallel_executor.executor.parallel:run_until_complete
[0.215s] INFO:colcon.colcon_ros.task.ament_python.build:Building ROS package in '/home/rose/ros_project/ros_ws/src/myrobot_application' with build type 'ament_python'
[0.215s] Level 1:colcon.colcon_core.shell:create_environment_hook('myrobot_application', 'ament_prefix_path')
[0.216s] INFO:colcon.colcon_core.plugin_system:Skipping extension 'colcon_core.shell.bat': Not used on non-Windows systems
[0.216s] INFO:colcon.colcon_core.shell:Creating environment hook '/home/rose/ros_project/ros_ws/install/myrobot_application/share/myrobot_application/hook/ament_prefix_path.ps1'
[0.217s] INFO:colcon.colcon_core.shell:Creating environment descriptor '/home/rose/ros_project/ros_ws/install/myrobot_application/share/myrobot_application/hook/ament_prefix_path.dsv'
[0.217s] INFO:colcon.colcon_core.shell:Creating environment hook '/home/rose/ros_project/ros_ws/install/myrobot_application/share/myrobot_application/hook/ament_prefix_path.sh'
[0.218s] INFO:colcon.colcon_core.shell:Skip shell extension 'powershell' for command environment: Not usable outside of PowerShell
[0.218s] DEBUG:colcon.colcon_core.shell:Skip shell extension 'dsv' for command environment
[0.220s] INFO:colcon.colcon_ros.task.ament_cmake.build:Building ROS package in '/home/rose/ros_project/ros_ws/src/myrobot_description' with build type 'ament_cmake'
[0.221s] INFO:colcon.colcon_cmake.task.cmake.build:Building CMake package in '/home/rose/ros_project/ros_ws/src/myrobot_description'
[0.221s] INFO:colcon.colcon_core.shell:Skip shell extension 'powershell' for command environment: Not usable outside of PowerShell
[0.221s] DEBUG:colcon.colcon_core.shell:Skip shell extension 'dsv' for command environment
[0.223s] INFO:colcon.colcon_ros.task.ament_cmake.build:Building ROS package in '/home/rose/ros_project/ros_ws/src/myrobot_navigation2' with build type 'ament_cmake'
[0.223s] INFO:colcon.colcon_cmake.task.cmake.build:Building CMake package in '/home/rose/ros_project/ros_ws/src/myrobot_navigation2'
[0.223s] INFO:colcon.colcon_core.shell:Skip shell extension 'powershell' for command environment: Not usable outside of PowerShell
[0.223s] DEBUG:colcon.colcon_core.shell:Skip shell extension 'dsv' for command environment
[0.226s] INFO:colcon.colcon_ros.task.ament_cmake.build:Building ROS package in '/home/rose/ros_project/ros_ws/src/nav2_custom_controller' with build type 'ament_cmake'
[0.226s] INFO:colcon.colcon_cmake.task.cmake.build:Building CMake package in '/home/rose/ros_project/ros_ws/src/nav2_custom_controller'
[0.226s] INFO:colcon.colcon_core.shell:Skip shell extension 'powershell' for command environment: Not usable outside of PowerShell
[0.226s] DEBUG:colcon.colcon_core.shell:Skip shell extension 'dsv' for command environment
[0.371s] INFO:colcon.colcon_core.task.python.build:Building Python package in '/home/rose/ros_project/ros_ws/src/myrobot_application'
[0.371s] INFO:colcon.colcon_core.shell:Skip shell extension 'powershell' for command environment: Not usable outside of PowerShell
[0.371s] DEBUG:colcon.colcon_core.shell:Skip shell extension 'dsv' for command environment
[0.377s] DEBUG:colcon.colcon_core.event_handler.log_command:Invoking command in '/home/rose/ros_project/ros_ws/build/myrobot_description': CMAKE_PREFIX_PATH=${CMAKE_PREFIX_PATH}:/home/rose/ros_project/ros_ws/install/myrobot_application:/opt/ros/humble /usr/bin/cmake --build /home/rose/ros_project/ros_ws/build/myrobot_description -- -j8 -l8
[0.380s] DEBUG:colcon.colcon_core.event_handler.log_command:Invoking command in '/home/rose/ros_project/ros_ws/build/myrobot_navigation2': CMAKE_PREFIX_PATH=${CMAKE_PREFIX_PATH}:/home/rose/ros_project/ros_ws/install/myrobot_application:/opt/ros/humble /usr/bin/cmake --build /home/rose/ros_project/ros_ws/build/myrobot_navigation2 -- -j8 -l8
[0.382s] DEBUG:colcon.colcon_core.event_handler.log_command:Invoking command in '/home/rose/ros_project/ros_ws/build/nav2_custom_controller': CMAKE_PREFIX_PATH=${CMAKE_PREFIX_PATH}:/home/rose/ros_project/ros_ws/install/myrobot_application:/opt/ros/humble /usr/bin/cmake --build /home/rose/ros_project/ros_ws/build/nav2_custom_controller -- -j8 -l8
[0.403s] DEBUG:colcon.colcon_core.event_handler.log_command:Invoked command in '/home/rose/ros_project/ros_ws/build/myrobot_description' returned '0': CMAKE_PREFIX_PATH=${CMAKE_PREFIX_PATH}:/home/rose/ros_project/ros_ws/install/myrobot_application:/opt/ros/humble /usr/bin/cmake --build /home/rose/ros_project/ros_ws/build/myrobot_description -- -j8 -l8
[0.410s] DEBUG:colcon.colcon_core.event_handler.log_command:Invoking command in '/home/rose/ros_project/ros_ws/build/myrobot_description': CMAKE_PREFIX_PATH=${CMAKE_PREFIX_PATH}:/home/rose/ros_project/ros_ws/install/myrobot_application:/opt/ros/humble /usr/bin/cmake --install /home/rose/ros_project/ros_ws/build/myrobot_description
[0.411s] DEBUG:colcon.colcon_core.event_handler.log_command:Invoked command in '/home/rose/ros_project/ros_ws/build/myrobot_navigation2' returned '0': CMAKE_PREFIX_PATH=${CMAKE_PREFIX_PATH}:/home/rose/ros_project/ros_ws/install/myrobot_application:/opt/ros/humble /usr/bin/cmake --build /home/rose/ros_project/ros_ws/build/myrobot_navigation2 -- -j8 -l8
[0.412s] DEBUG:colcon.colcon_core.event_handler.log_command:Invoking command in '/home/rose/ros_project/ros_ws/build/myrobot_navigation2': CMAKE_PREFIX_PATH=${CMAKE_PREFIX_PATH}:/home/rose/ros_project/ros_ws/install/myrobot_application:/opt/ros/humble /usr/bin/cmake --install /home/rose/ros_project/ros_ws/build/myrobot_navigation2
[0.426s] Level 1:colcon.colcon_core.environment:create_environment_scripts_only(myrobot_description)
[0.427s] DEBUG:colcon.colcon_core.event_handler.log_command:Invoked command in '/home/rose/ros_project/ros_ws/build/myrobot_description' returned '0': CMAKE_PREFIX_PATH=${CMAKE_PREFIX_PATH}:/home/rose/ros_project/ros_ws/install/myrobot_application:/opt/ros/humble /usr/bin/cmake --install /home/rose/ros_project/ros_ws/build/myrobot_description
[0.429s] Level 1:colcon.colcon_core.environment:checking '/home/rose/ros_project/ros_ws/install/myrobot_description' for CMake module files
[0.430s] Level 1:colcon.colcon_core.environment:checking '/home/rose/ros_project/ros_ws/install/myrobot_description' for CMake config files
[0.430s] Level 1:colcon.colcon_core.shell:create_environment_hook('myrobot_description', 'cmake_prefix_path')
[0.430s] INFO:colcon.colcon_core.shell:Creating environment hook '/home/rose/ros_project/ros_ws/install/myrobot_description/share/myrobot_description/hook/cmake_prefix_path.ps1'
[0.431s] INFO:colcon.colcon_core.shell:Creating environment descriptor '/home/rose/ros_project/ros_ws/install/myrobot_description/share/myrobot_description/hook/cmake_prefix_path.dsv'
[0.431s] INFO:colcon.colcon_core.shell:Creating environment hook '/home/rose/ros_project/ros_ws/install/myrobot_description/share/myrobot_description/hook/cmake_prefix_path.sh'
[0.431s] Level 1:colcon.colcon_core.environment:checking '/home/rose/ros_project/ros_ws/install/myrobot_description/bin'
[0.431s] Level 1:colcon.colcon_core.environment:checking '/home/rose/ros_project/ros_ws/install/myrobot_description/lib/pkgconfig/myrobot_description.pc'
[0.432s] Level 1:colcon.colcon_core.environment:checking '/home/rose/ros_project/ros_ws/install/myrobot_description/lib/python3.10/site-packages'
[0.432s] Level 1:colcon.colcon_core.environment:checking '/home/rose/ros_project/ros_ws/install/myrobot_description/bin'
[0.432s] INFO:colcon.colcon_core.shell:Creating package script '/home/rose/ros_project/ros_ws/install/myrobot_description/share/myrobot_description/package.ps1'
[0.433s] INFO:colcon.colcon_core.shell:Creating package descriptor '/home/rose/ros_project/ros_ws/install/myrobot_description/share/myrobot_description/package.dsv'
[0.433s] INFO:colcon.colcon_core.shell:Creating package script '/home/rose/ros_project/ros_ws/install/myrobot_description/share/myrobot_description/package.sh'
[0.434s] INFO:colcon.colcon_core.shell:Creating package script '/home/rose/ros_project/ros_ws/install/myrobot_description/share/myrobot_description/package.bash'
[0.434s] INFO:colcon.colcon_core.shell:Creating package script '/home/rose/ros_project/ros_ws/install/myrobot_description/share/myrobot_description/package.zsh'
[0.434s] Level 1:colcon.colcon_core.environment:create_file_with_runtime_dependencies(/home/rose/ros_project/ros_ws/install/myrobot_description/share/colcon-core/packages/myrobot_description)
[0.435s] Level 1:colcon.colcon_core.environment:create_environment_scripts_only(myrobot_description)
[0.435s] Level 1:colcon.colcon_core.environment:checking '/home/rose/ros_project/ros_ws/install/myrobot_description' for CMake module files
[0.435s] Level 1:colcon.colcon_core.environment:checking '/home/rose/ros_project/ros_ws/install/myrobot_description' for CMake config files
[0.435s] Level 1:colcon.colcon_core.shell:create_environment_hook('myrobot_description', 'cmake_prefix_path')
[0.436s] INFO:colcon.colcon_core.shell:Creating environment hook '/home/rose/ros_project/ros_ws/install/myrobot_description/share/myrobot_description/hook/cmake_prefix_path.ps1'
[0.436s] INFO:colcon.colcon_core.shell:Creating environment descriptor '/home/rose/ros_project/ros_ws/install/myrobot_description/share/myrobot_description/hook/cmake_prefix_path.dsv'
[0.436s] INFO:colcon.colcon_core.shell:Creating environment hook '/home/rose/ros_project/ros_ws/install/myrobot_description/share/myrobot_description/hook/cmake_prefix_path.sh'
[0.436s] Level 1:colcon.colcon_core.environment:checking '/home/rose/ros_project/ros_ws/install/myrobot_description/bin'
[0.437s] Level 1:colcon.colcon_core.environment:checking '/home/rose/ros_project/ros_ws/install/myrobot_description/lib/pkgconfig/myrobot_description.pc'
[0.437s] Level 1:colcon.colcon_core.environment:checking '/home/rose/ros_project/ros_ws/install/myrobot_description/lib/python3.10/site-packages'
[0.437s] Level 1:colcon.colcon_core.environment:checking '/home/rose/ros_project/ros_ws/install/myrobot_description/bin'
[0.437s] INFO:colcon.colcon_core.shell:Creating package script '/home/rose/ros_project/ros_ws/install/myrobot_description/share/myrobot_description/package.ps1'
[0.438s] INFO:colcon.colcon_core.shell:Creating package descriptor '/home/rose/ros_project/ros_ws/install/myrobot_description/share/myrobot_description/package.dsv'
[0.438s] INFO:colcon.colcon_core.shell:Creating package script '/home/rose/ros_project/ros_ws/install/myrobot_description/share/myrobot_description/package.sh'
[0.438s] INFO:colcon.colcon_core.shell:Creating package script '/home/rose/ros_project/ros_ws/install/myrobot_description/share/myrobot_description/package.bash'
[0.438s] INFO:colcon.colcon_core.shell:Creating package script '/home/rose/ros_project/ros_ws/install/myrobot_description/share/myrobot_description/package.zsh'
[0.439s] Level 1:colcon.colcon_core.environment:create_file_with_runtime_dependencies(/home/rose/ros_project/ros_ws/install/myrobot_description/share/colcon-core/packages/myrobot_description)
[0.439s] Level 1:colcon.colcon_core.environment:create_environment_scripts_only(myrobot_navigation2)
[0.439s] Level 1:colcon.colcon_core.environment:checking '/home/rose/ros_project/ros_ws/install/myrobot_navigation2' for CMake module files
[0.440s] DEBUG:colcon.colcon_core.event_handler.log_command:Invoked command in '/home/rose/ros_project/ros_ws/build/myrobot_navigation2' returned '0': CMAKE_PREFIX_PATH=${CMAKE_PREFIX_PATH}:/home/rose/ros_project/ros_ws/install/myrobot_application:/opt/ros/humble /usr/bin/cmake --install /home/rose/ros_project/ros_ws/build/myrobot_navigation2
[0.440s] Level 1:colcon.colcon_core.environment:checking '/home/rose/ros_project/ros_ws/install/myrobot_navigation2' for CMake config files
[0.441s] Level 1:colcon.colcon_core.shell:create_environment_hook('myrobot_navigation2', 'cmake_prefix_path')
[0.441s] INFO:colcon.colcon_core.shell:Creating environment hook '/home/rose/ros_project/ros_ws/install/myrobot_navigation2/share/myrobot_navigation2/hook/cmake_prefix_path.ps1'
[0.441s] INFO:colcon.colcon_core.shell:Creating environment descriptor '/home/rose/ros_project/ros_ws/install/myrobot_navigation2/share/myrobot_navigation2/hook/cmake_prefix_path.dsv'
[0.441s] INFO:colcon.colcon_core.shell:Creating environment hook '/home/rose/ros_project/ros_ws/install/myrobot_navigation2/share/myrobot_navigation2/hook/cmake_prefix_path.sh'
[0.442s] Level 1:colcon.colcon_core.environment:checking '/home/rose/ros_project/ros_ws/install/myrobot_navigation2/bin'
[0.442s] Level 1:colcon.colcon_core.environment:checking '/home/rose/ros_project/ros_ws/install/myrobot_navigation2/lib/pkgconfig/myrobot_navigation2.pc'
[0.442s] Level 1:colcon.colcon_core.environment:checking '/home/rose/ros_project/ros_ws/install/myrobot_navigation2/lib/python3.10/site-packages'
[0.442s] Level 1:colcon.colcon_core.environment:checking '/home/rose/ros_project/ros_ws/install/myrobot_navigation2/bin'
[0.442s] INFO:colcon.colcon_core.shell:Creating package script '/home/rose/ros_project/ros_ws/install/myrobot_navigation2/share/myrobot_navigation2/package.ps1'
[0.443s] INFO:colcon.colcon_core.shell:Creating package descriptor '/home/rose/ros_project/ros_ws/install/myrobot_navigation2/share/myrobot_navigation2/package.dsv'
[0.443s] INFO:colcon.colcon_core.shell:Creating package script '/home/rose/ros_project/ros_ws/install/myrobot_navigation2/share/myrobot_navigation2/package.sh'
[0.443s] INFO:colcon.colcon_core.shell:Creating package script '/home/rose/ros_project/ros_ws/install/myrobot_navigation2/share/myrobot_navigation2/package.bash'
[0.443s] INFO:colcon.colcon_core.shell:Creating package script '/home/rose/ros_project/ros_ws/install/myrobot_navigation2/share/myrobot_navigation2/package.zsh'
[0.444s] Level 1:colcon.colcon_core.environment:create_file_with_runtime_dependencies(/home/rose/ros_project/ros_ws/install/myrobot_navigation2/share/colcon-core/packages/myrobot_navigation2)
[0.444s] Level 1:colcon.colcon_core.environment:create_environment_scripts_only(myrobot_navigation2)
[0.444s] Level 1:colcon.colcon_core.environment:checking '/home/rose/ros_project/ros_ws/install/myrobot_navigation2' for CMake module files
[0.445s] Level 1:colcon.colcon_core.environment:checking '/home/rose/ros_project/ros_ws/install/myrobot_navigation2' for CMake config files
[0.445s] Level 1:colcon.colcon_core.shell:create_environment_hook('myrobot_navigation2', 'cmake_prefix_path')
[0.445s] INFO:colcon.colcon_core.shell:Creating environment hook '/home/rose/ros_project/ros_ws/install/myrobot_navigation2/share/myrobot_navigation2/hook/cmake_prefix_path.ps1'
[0.446s] INFO:colcon.colcon_core.shell:Creating environment descriptor '/home/rose/ros_project/ros_ws/install/myrobot_navigation2/share/myrobot_navigation2/hook/cmake_prefix_path.dsv'
[0.446s] INFO:colcon.colcon_core.shell:Creating environment hook '/home/rose/ros_project/ros_ws/install/myrobot_navigation2/share/myrobot_navigation2/hook/cmake_prefix_path.sh'
[0.446s] Level 1:colcon.colcon_core.environment:checking '/home/rose/ros_project/ros_ws/install/myrobot_navigation2/bin'
[0.446s] Level 1:colcon.colcon_core.environment:checking '/home/rose/ros_project/ros_ws/install/myrobot_navigation2/lib/pkgconfig/myrobot_navigation2.pc'
[0.446s] Level 1:colcon.colcon_core.environment:checking '/home/rose/ros_project/ros_ws/install/myrobot_navigation2/lib/python3.10/site-packages'
[0.447s] Level 1:colcon.colcon_core.environment:checking '/home/rose/ros_project/ros_ws/install/myrobot_navigation2/bin'
[0.447s] INFO:colcon.colcon_core.shell:Creating package script '/home/rose/ros_project/ros_ws/install/myrobot_navigation2/share/myrobot_navigation2/package.ps1'
[0.447s] INFO:colcon.colcon_core.shell:Creating package descriptor '/home/rose/ros_project/ros_ws/install/myrobot_navigation2/share/myrobot_navigation2/package.dsv'
[0.448s] INFO:colcon.colcon_core.shell:Creating package script '/home/rose/ros_project/ros_ws/install/myrobot_navigation2/share/myrobot_navigation2/package.sh'
[0.448s] INFO:colcon.colcon_core.shell:Creating package script '/home/rose/ros_project/ros_ws/install/myrobot_navigation2/share/myrobot_navigation2/package.bash'
[0.448s] INFO:colcon.colcon_core.shell:Creating package script '/home/rose/ros_project/ros_ws/install/myrobot_navigation2/share/myrobot_navigation2/package.zsh'
[0.448s] Level 1:colcon.colcon_core.environment:create_file_with_runtime_dependencies(/home/rose/ros_project/ros_ws/install/myrobot_navigation2/share/colcon-core/packages/myrobot_navigation2)
[0.450s] DEBUG:colcon.colcon_core.event_handler.log_command:Invoked command in '/home/rose/ros_project/ros_ws/build/nav2_custom_controller' returned '0': CMAKE_PREFIX_PATH=${CMAKE_PREFIX_PATH}:/home/rose/ros_project/ros_ws/install/myrobot_application:/opt/ros/humble /usr/bin/cmake --build /home/rose/ros_project/ros_ws/build/nav2_custom_controller -- -j8 -l8
[0.451s] DEBUG:colcon.colcon_core.event_handler.log_command:Invoking command in '/home/rose/ros_project/ros_ws/build/nav2_custom_controller': CMAKE_PREFIX_PATH=${CMAKE_PREFIX_PATH}:/home/rose/ros_project/ros_ws/install/myrobot_application:/opt/ros/humble /usr/bin/cmake --install /home/rose/ros_project/ros_ws/build/nav2_custom_controller
[0.459s] Level 1:colcon.colcon_core.environment:create_environment_scripts_only(nav2_custom_controller)
[0.459s] Level 1:colcon.colcon_core.environment:checking '/home/rose/ros_project/ros_ws/install/nav2_custom_controller' for CMake module files
[0.459s] DEBUG:colcon.colcon_core.event_handler.log_command:Invoked command in '/home/rose/ros_project/ros_ws/build/nav2_custom_controller' returned '0': CMAKE_PREFIX_PATH=${CMAKE_PREFIX_PATH}:/home/rose/ros_project/ros_ws/install/myrobot_application:/opt/ros/humble /usr/bin/cmake --install /home/rose/ros_project/ros_ws/build/nav2_custom_controller
[0.459s] Level 1:colcon.colcon_core.environment:checking '/home/rose/ros_project/ros_ws/install/nav2_custom_controller' for CMake config files
[0.460s] Level 1:colcon.colcon_core.shell:create_environment_hook('nav2_custom_controller', 'cmake_prefix_path')
[0.460s] INFO:colcon.colcon_core.shell:Creating environment hook '/home/rose/ros_project/ros_ws/install/nav2_custom_controller/share/nav2_custom_controller/hook/cmake_prefix_path.ps1'
[0.460s] INFO:colcon.colcon_core.shell:Creating environment descriptor '/home/rose/ros_project/ros_ws/install/nav2_custom_controller/share/nav2_custom_controller/hook/cmake_prefix_path.dsv'
[0.460s] INFO:colcon.colcon_core.shell:Creating environment hook '/home/rose/ros_project/ros_ws/install/nav2_custom_controller/share/nav2_custom_controller/hook/cmake_prefix_path.sh'
[0.461s] Level 1:colcon.colcon_core.environment:checking '/home/rose/ros_project/ros_ws/install/nav2_custom_controller/lib'
[0.461s] Level 1:colcon.colcon_core.shell:create_environment_hook('nav2_custom_controller', 'ld_library_path_lib')
[0.461s] INFO:colcon.colcon_core.shell:Creating environment hook '/home/rose/ros_project/ros_ws/install/nav2_custom_controller/share/nav2_custom_controller/hook/ld_library_path_lib.ps1'
[0.462s] INFO:colcon.colcon_core.shell:Creating environment descriptor '/home/rose/ros_project/ros_ws/install/nav2_custom_controller/share/nav2_custom_controller/hook/ld_library_path_lib.dsv'
[0.462s] INFO:colcon.colcon_core.shell:Creating environment hook '/home/rose/ros_project/ros_ws/install/nav2_custom_controller/share/nav2_custom_controller/hook/ld_library_path_lib.sh'
[0.462s] Level 1:colcon.colcon_core.environment:checking '/home/rose/ros_project/ros_ws/install/nav2_custom_controller/bin'
[0.462s] Level 1:colcon.colcon_core.environment:checking '/home/rose/ros_project/ros_ws/install/nav2_custom_controller/lib/pkgconfig/nav2_custom_controller.pc'
[0.463s] Level 1:colcon.colcon_core.environment:checking '/home/rose/ros_project/ros_ws/install/nav2_custom_controller/lib/python3.10/site-packages'
[0.463s] Level 1:colcon.colcon_core.environment:checking '/home/rose/ros_project/ros_ws/install/nav2_custom_controller/bin'
[0.463s] INFO:colcon.colcon_core.shell:Creating package script '/home/rose/ros_project/ros_ws/install/nav2_custom_controller/share/nav2_custom_controller/package.ps1'
[0.463s] INFO:colcon.colcon_core.shell:Creating package descriptor '/home/rose/ros_project/ros_ws/install/nav2_custom_controller/share/nav2_custom_controller/package.dsv'
[0.464s] INFO:colcon.colcon_core.shell:Creating package script '/home/rose/ros_project/ros_ws/install/nav2_custom_controller/share/nav2_custom_controller/package.sh'
[0.464s] INFO:colcon.colcon_core.shell:Creating package script '/home/rose/ros_project/ros_ws/install/nav2_custom_controller/share/nav2_custom_controller/package.bash'
[0.464s] INFO:colcon.colcon_core.shell:Creating package script '/home/rose/ros_project/ros_ws/install/nav2_custom_controller/share/nav2_custom_controller/package.zsh'
[0.464s] Level 1:colcon.colcon_core.environment:create_file_with_runtime_dependencies(/home/rose/ros_project/ros_ws/install/nav2_custom_controller/share/colcon-core/packages/nav2_custom_controller)
[0.465s] Level 1:colcon.colcon_core.environment:create_environment_scripts_only(nav2_custom_controller)
[0.465s] Level 1:colcon.colcon_core.environment:checking '/home/rose/ros_project/ros_ws/install/nav2_custom_controller' for CMake module files
[0.465s] Level 1:colcon.colcon_core.environment:checking '/home/rose/ros_project/ros_ws/install/nav2_custom_controller' for CMake config files
[0.465s] Level 1:colcon.colcon_core.shell:create_environment_hook('nav2_custom_controller', 'cmake_prefix_path')
[0.465s] INFO:colcon.colcon_core.shell:Creating environment hook '/home/rose/ros_project/ros_ws/install/nav2_custom_controller/share/nav2_custom_controller/hook/cmake_prefix_path.ps1'
[0.466s] INFO:colcon.colcon_core.shell:Creating environment descriptor '/home/rose/ros_project/ros_ws/install/nav2_custom_controller/share/nav2_custom_controller/hook/cmake_prefix_path.dsv'
[0.466s] INFO:colcon.colcon_core.shell:Creating environment hook '/home/rose/ros_project/ros_ws/install/nav2_custom_controller/share/nav2_custom_controller/hook/cmake_prefix_path.sh'
[0.466s] Level 1:colcon.colcon_core.environment:checking '/home/rose/ros_project/ros_ws/install/nav2_custom_controller/lib'
[0.466s] Level 1:colcon.colcon_core.shell:create_environment_hook('nav2_custom_controller', 'ld_library_path_lib')
[0.467s] INFO:colcon.colcon_core.shell:Creating environment hook '/home/rose/ros_project/ros_ws/install/nav2_custom_controller/share/nav2_custom_controller/hook/ld_library_path_lib.ps1'
[0.467s] INFO:colcon.colcon_core.shell:Creating environment descriptor '/home/rose/ros_project/ros_ws/install/nav2_custom_controller/share/nav2_custom_controller/hook/ld_library_path_lib.dsv'
[0.467s] INFO:colcon.colcon_core.shell:Creating environment hook '/home/rose/ros_project/ros_ws/install/nav2_custom_controller/share/nav2_custom_controller/hook/ld_library_path_lib.sh'
[0.468s] Level 1:colcon.colcon_core.environment:checking '/home/rose/ros_project/ros_ws/install/nav2_custom_controller/bin'
[0.468s] Level 1:colcon.colcon_core.environment:checking '/home/rose/ros_project/ros_ws/install/nav2_custom_controller/lib/pkgconfig/nav2_custom_controller.pc'
[0.468s] Level 1:colcon.colcon_core.environment:checking '/home/rose/ros_project/ros_ws/install/nav2_custom_controller/lib/python3.10/site-packages'
[0.468s] Level 1:colcon.colcon_core.environment:checking '/home/rose/ros_project/ros_ws/install/nav2_custom_controller/bin'
[0.468s] INFO:colcon.colcon_core.shell:Creating package script '/home/rose/ros_project/ros_ws/install/nav2_custom_controller/share/nav2_custom_controller/package.ps1'
[0.469s] INFO:colcon.colcon_core.shell:Creating package descriptor '/home/rose/ros_project/ros_ws/install/nav2_custom_controller/share/nav2_custom_controller/package.dsv'
[0.469s] INFO:colcon.colcon_core.shell:Creating package script '/home/rose/ros_project/ros_ws/install/nav2_custom_controller/share/nav2_custom_controller/package.sh'
[0.469s] INFO:colcon.colcon_core.shell:Creating package script '/home/rose/ros_project/ros_ws/install/nav2_custom_controller/share/nav2_custom_controller/package.bash'
[0.470s] INFO:colcon.colcon_core.shell:Creating package script '/home/rose/ros_project/ros_ws/install/nav2_custom_controller/share/nav2_custom_controller/package.zsh'
[0.470s] Level 1:colcon.colcon_core.environment:create_file_with_runtime_dependencies(/home/rose/ros_project/ros_ws/install/nav2_custom_controller/share/colcon-core/packages/nav2_custom_controller)
[0.578s] DEBUG:colcon.colcon_core.task.python.build:Available setuptools commands: setopt, install_headers, build_scripts, symlink_data, install_egg_info, clean, bdist_egg, extract_messages, register, dist_info, develop, rotate, install_data, test, install_lib, build, init_catalog, upload_docs, build_ext, bdist_dumb, sdist, easy_install, saveopts, build_py, update_catalog, bdist_wheel, upload, build_clib, check, bdist_rpm, bdist, egg_info, compile_catalog, install_scripts, alias, install
[0.581s] DEBUG:colcon.colcon_core.event_handler.log_command:Invoking command in '/home/rose/ros_project/ros_ws/src/myrobot_application': PYTHONPATH=/home/rose/ros_project/ros_ws/build/myrobot_application/prefix_override:/usr/lib/python3/dist-packages/colcon_core/task/python/colcon_distutils_commands:/home/rose/ros_project/ros_ws/install/myrobot_application/lib/python3.10/site-packages:${PYTHONPATH} /usr/bin/python3 -W ignore:setup.py install is deprecated -W ignore:easy_install command is deprecated setup.py egg_info --egg-base ../../build/myrobot_application build --build-base /home/rose/ros_project/ros_ws/build/myrobot_application/build install --record /home/rose/ros_project/ros_ws/build/myrobot_application/install.log --install-scripts $base/lib/myrobot_application --single-version-externally-managed install_data
[0.738s] Level 1:colcon.colcon_core.environment:checking '/home/rose/ros_project/ros_ws/install/myrobot_application' for CMake module files
[0.738s] DEBUG:colcon.colcon_core.event_handler.log_command:Invoked command in '/home/rose/ros_project/ros_ws/src/myrobot_application' returned '0': PYTHONPATH=/home/rose/ros_project/ros_ws/build/myrobot_application/prefix_override:/usr/lib/python3/dist-packages/colcon_core/task/python/colcon_distutils_commands:/home/rose/ros_project/ros_ws/install/myrobot_application/lib/python3.10/site-packages:${PYTHONPATH} /usr/bin/python3 -W ignore:setup.py install is deprecated -W ignore:easy_install command is deprecated setup.py egg_info --egg-base ../../build/myrobot_application build --build-base /home/rose/ros_project/ros_ws/build/myrobot_application/build install --record /home/rose/ros_project/ros_ws/build/myrobot_application/install.log --install-scripts $base/lib/myrobot_application --single-version-externally-managed install_data
[0.739s] Level 1:colcon.colcon_core.environment:checking '/home/rose/ros_project/ros_ws/install/myrobot_application' for CMake config files
[0.739s] Level 1:colcon.colcon_core.environment:checking '/home/rose/ros_project/ros_ws/install/myrobot_application/lib'
[0.739s] Level 1:colcon.colcon_core.environment:checking '/home/rose/ros_project/ros_ws/install/myrobot_application/bin'
[0.739s] Level 1:colcon.colcon_core.environment:checking '/home/rose/ros_project/ros_ws/install/myrobot_application/lib/pkgconfig/myrobot_application.pc'
[0.739s] Level 1:colcon.colcon_core.environment:checking '/home/rose/ros_project/ros_ws/install/myrobot_application/lib/python3.10/site-packages'
[0.739s] Level 1:colcon.colcon_core.shell:create_environment_hook('myrobot_application', 'pythonpath')
[0.739s] INFO:colcon.colcon_core.shell:Creating environment hook '/home/rose/ros_project/ros_ws/install/myrobot_application/share/myrobot_application/hook/pythonpath.ps1'
[0.740s] INFO:colcon.colcon_core.shell:Creating environment descriptor '/home/rose/ros_project/ros_ws/install/myrobot_application/share/myrobot_application/hook/pythonpath.dsv'
[0.740s] INFO:colcon.colcon_core.shell:Creating environment hook '/home/rose/ros_project/ros_ws/install/myrobot_application/share/myrobot_application/hook/pythonpath.sh'
[0.741s] Level 1:colcon.colcon_core.environment:checking '/home/rose/ros_project/ros_ws/install/myrobot_application/bin'
[0.741s] Level 1:colcon.colcon_core.environment:create_environment_scripts_only(myrobot_application)
[0.741s] INFO:colcon.colcon_core.shell:Creating package script '/home/rose/ros_project/ros_ws/install/myrobot_application/share/myrobot_application/package.ps1'
[0.741s] INFO:colcon.colcon_core.shell:Creating package descriptor '/home/rose/ros_project/ros_ws/install/myrobot_application/share/myrobot_application/package.dsv'
[0.742s] INFO:colcon.colcon_core.shell:Creating package script '/home/rose/ros_project/ros_ws/install/myrobot_application/share/myrobot_application/package.sh'
[0.742s] INFO:colcon.colcon_core.shell:Creating package script '/home/rose/ros_project/ros_ws/install/myrobot_application/share/myrobot_application/package.bash'
[0.742s] INFO:colcon.colcon_core.shell:Creating package script '/home/rose/ros_project/ros_ws/install/myrobot_application/share/myrobot_application/package.zsh'
[0.743s] Level 1:colcon.colcon_core.environment:create_file_with_runtime_dependencies(/home/rose/ros_project/ros_ws/install/myrobot_application/share/colcon-core/packages/myrobot_application)
[0.743s] DEBUG:colcon.colcon_parallel_executor.executor.parallel:closing loop
[0.743s] DEBUG:colcon.colcon_parallel_executor.executor.parallel:loop closed
[0.743s] DEBUG:colcon.colcon_parallel_executor.executor.parallel:run_until_complete finished with '0'
[0.743s] DEBUG:colcon.colcon_core.event_reactor:joining thread
[0.747s] INFO:colcon.colcon_core.plugin_system:Skipping extension 'colcon_notification.desktop_notification.terminal_notifier': Not used on non-Darwin systems
[0.747s] INFO:colcon.colcon_core.plugin_system:Skipping extension 'colcon_notification.desktop_notification.win32': Not used on non-Windows systems
[0.747s] INFO:colcon.colcon_notification.desktop_notification:Sending desktop notification using 'notify2'
[0.755s] DEBUG:colcon.colcon_core.event_reactor:joined thread
[0.755s] INFO:colcon.colcon_core.shell:Creating prefix script '/home/rose/ros_project/ros_ws/install/local_setup.ps1'
[0.756s] INFO:colcon.colcon_core.shell:Creating prefix util module '/home/rose/ros_project/ros_ws/install/_local_setup_util_ps1.py'
[0.756s] INFO:colcon.colcon_core.shell:Creating prefix chain script '/home/rose/ros_project/ros_ws/install/setup.ps1'
[0.757s] INFO:colcon.colcon_core.shell:Creating prefix script '/home/rose/ros_project/ros_ws/install/local_setup.sh'
[0.758s] INFO:colcon.colcon_core.shell:Creating prefix util module '/home/rose/ros_project/ros_ws/install/_local_setup_util_sh.py'
[0.758s] INFO:colcon.colcon_core.shell:Creating prefix chain script '/home/rose/ros_project/ros_ws/install/setup.sh'
[0.759s] INFO:colcon.colcon_core.shell:Creating prefix script '/home/rose/ros_project/ros_ws/install/local_setup.bash'
[0.759s] INFO:colcon.colcon_core.shell:Creating prefix chain script '/home/rose/ros_project/ros_ws/install/setup.bash'
[0.760s] INFO:colcon.colcon_core.shell:Creating prefix script '/home/rose/ros_project/ros_ws/install/local_setup.zsh'
[0.760s] INFO:colcon.colcon_core.shell:Creating prefix chain script '/home/rose/ros_project/ros_ws/install/setup.zsh'
