[0.064s] DEBUG:colcon:Command line arguments: ['/usr/bin/colcon', 'build']
[0.064s] DEBUG:colcon:Parsed command line arguments: Namespace(log_base=None, log_level=None, verb_name='build', build_base='build', install_base='install', merge_install=False, symlink_install=False, test_result_base=None, continue_on_error=False, executor='parallel', parallel_workers=8, event_handlers=None, ignore_user_meta=False, metas=['./colcon.meta'], base_paths=['.'], packages_ignore=None, packages_ignore_regex=None, paths=None, packages_up_to=None, packages_up_to_regex=None, packages_above=None, packages_above_and_dependencies=None, packages_above_depth=None, packages_select_by_dep=None, packages_skip_by_dep=None, packages_skip_up_to=None, packages_select_build_failed=False, packages_skip_build_finished=False, packages_select_test_failures=False, packages_skip_test_passed=False, packages_select=None, packages_skip=None, packages_select_regex=None, packages_skip_regex=None, packages_start=None, packages_end=None, allow_overriding=[], cmake_args=None, cmake_target=None, cmake_target_skip_unavailable=False, cmake_clean_cache=False, cmake_clean_first=False, cmake_force_configure=False, ament_cmake_args=None, catkin_cmake_args=None, catkin_skip_building_tests=False, verb_parser=<colcon_defaults.argument_parser.defaults.DefaultArgumentsDecorator object at 0x720802b60ca0>, verb_extension=<colcon_core.verb.build.BuildVerb object at 0x720802b60730>, main=<bound method BuildVerb.main of <colcon_core.verb.build.BuildVerb object at 0x720802b60730>>)
[0.159s] Level 1:colcon.colcon_core.package_discovery:discover_packages(colcon_meta) check parameters
[0.159s] Level 1:colcon.colcon_core.package_discovery:discover_packages(recursive) check parameters
[0.159s] Level 1:colcon.colcon_core.package_discovery:discover_packages(ignore) check parameters
[0.159s] Level 1:colcon.colcon_core.package_discovery:discover_packages(path) check parameters
[0.159s] Level 1:colcon.colcon_core.package_discovery:discover_packages(colcon_meta) discover
[0.159s] Level 1:colcon.colcon_core.package_discovery:discover_packages(recursive) discover
[0.159s] INFO:colcon.colcon_core.package_discovery:Crawling recursively for packages in '/home/rose/ros_project/ros_ws'
[0.159s] Level 1:colcon.colcon_core.package_identification:_identify(.) by extensions ['ignore', 'ignore_ament_install']
[0.159s] Level 1:colcon.colcon_core.package_identification:_identify(.) by extension 'ignore'
[0.159s] Level 1:colcon.colcon_core.package_identification:_identify(.) by extension 'ignore_ament_install'
[0.159s] Level 1:colcon.colcon_core.package_identification:_identify(.) by extensions ['colcon_pkg']
[0.159s] Level 1:colcon.colcon_core.package_identification:_identify(.) by extension 'colcon_pkg'
[0.159s] Level 1:colcon.colcon_core.package_identification:_identify(.) by extensions ['colcon_meta']
[0.159s] Level 1:colcon.colcon_core.package_identification:_identify(.) by extension 'colcon_meta'
[0.159s] Level 1:colcon.colcon_core.package_identification:_identify(.) by extensions ['ros']
[0.159s] Level 1:colcon.colcon_core.package_identification:_identify(.) by extension 'ros'
[0.166s] Level 1:colcon.colcon_core.package_identification:_identify(.) by extensions ['cmake', 'python']
[0.166s] Level 1:colcon.colcon_core.package_identification:_identify(.) by extension 'cmake'
[0.166s] Level 1:colcon.colcon_core.package_identification:_identify(.) by extension 'python'
[0.166s] Level 1:colcon.colcon_core.package_identification:_identify(.) by extensions ['python_setup_py']
[0.166s] Level 1:colcon.colcon_core.package_identification:_identify(.) by extension 'python_setup_py'
[0.166s] Level 1:colcon.colcon_core.package_identification:_identify(build) by extensions ['ignore', 'ignore_ament_install']
[0.166s] Level 1:colcon.colcon_core.package_identification:_identify(build) by extension 'ignore'
[0.167s] Level 1:colcon.colcon_core.package_identification:_identify(build) ignored
[0.167s] Level 1:colcon.colcon_core.package_identification:_identify(install) by extensions ['ignore', 'ignore_ament_install']
[0.167s] Level 1:colcon.colcon_core.package_identification:_identify(install) by extension 'ignore'
[0.167s] Level 1:colcon.colcon_core.package_identification:_identify(install) ignored
[0.167s] Level 1:colcon.colcon_core.package_identification:_identify(log) by extensions ['ignore', 'ignore_ament_install']
[0.167s] Level 1:colcon.colcon_core.package_identification:_identify(log) by extension 'ignore'
[0.167s] Level 1:colcon.colcon_core.package_identification:_identify(log) ignored
[0.167s] Level 1:colcon.colcon_core.package_identification:_identify(src) by extensions ['ignore', 'ignore_ament_install']
[0.167s] Level 1:colcon.colcon_core.package_identification:_identify(src) by extension 'ignore'
[0.167s] Level 1:colcon.colcon_core.package_identification:_identify(src) by extension 'ignore_ament_install'
[0.167s] Level 1:colcon.colcon_core.package_identification:_identify(src) by extensions ['colcon_pkg']
[0.167s] Level 1:colcon.colcon_core.package_identification:_identify(src) by extension 'colcon_pkg'
[0.167s] Level 1:colcon.colcon_core.package_identification:_identify(src) by extensions ['colcon_meta']
[0.167s] Level 1:colcon.colcon_core.package_identification:_identify(src) by extension 'colcon_meta'
[0.167s] Level 1:colcon.colcon_core.package_identification:_identify(src) by extensions ['ros']
[0.167s] Level 1:colcon.colcon_core.package_identification:_identify(src) by extension 'ros'
[0.167s] Level 1:colcon.colcon_core.package_identification:_identify(src) by extensions ['cmake', 'python']
[0.167s] Level 1:colcon.colcon_core.package_identification:_identify(src) by extension 'cmake'
[0.167s] Level 1:colcon.colcon_core.package_identification:_identify(src) by extension 'python'
[0.167s] Level 1:colcon.colcon_core.package_identification:_identify(src) by extensions ['python_setup_py']
[0.167s] Level 1:colcon.colcon_core.package_identification:_identify(src) by extension 'python_setup_py'
[0.167s] Level 1:colcon.colcon_core.package_identification:_identify(src/myrobot_application) by extensions ['ignore', 'ignore_ament_install']
[0.167s] Level 1:colcon.colcon_core.package_identification:_identify(src/myrobot_application) by extension 'ignore'
[0.167s] Level 1:colcon.colcon_core.package_identification:_identify(src/myrobot_application) by extension 'ignore_ament_install'
[0.167s] Level 1:colcon.colcon_core.package_identification:_identify(src/myrobot_application) by extensions ['colcon_pkg']
[0.167s] Level 1:colcon.colcon_core.package_identification:_identify(src/myrobot_application) by extension 'colcon_pkg'
[0.167s] Level 1:colcon.colcon_core.package_identification:_identify(src/myrobot_application) by extensions ['colcon_meta']
[0.167s] Level 1:colcon.colcon_core.package_identification:_identify(src/myrobot_application) by extension 'colcon_meta'
[0.167s] Level 1:colcon.colcon_core.package_identification:_identify(src/myrobot_application) by extensions ['ros']
[0.167s] Level 1:colcon.colcon_core.package_identification:_identify(src/myrobot_application) by extension 'ros'
[0.169s] DEBUG:colcon.colcon_core.package_identification:Package 'src/myrobot_application' with type 'ros.ament_python' and name 'myrobot_application'
[0.169s] Level 1:colcon.colcon_core.package_identification:_identify(src/myrobot_description) by extensions ['ignore', 'ignore_ament_install']
[0.169s] Level 1:colcon.colcon_core.package_identification:_identify(src/myrobot_description) by extension 'ignore'
[0.169s] Level 1:colcon.colcon_core.package_identification:_identify(src/myrobot_description) by extension 'ignore_ament_install'
[0.169s] Level 1:colcon.colcon_core.package_identification:_identify(src/myrobot_description) by extensions ['colcon_pkg']
[0.169s] Level 1:colcon.colcon_core.package_identification:_identify(src/myrobot_description) by extension 'colcon_pkg'
[0.169s] Level 1:colcon.colcon_core.package_identification:_identify(src/myrobot_description) by extensions ['colcon_meta']
[0.169s] Level 1:colcon.colcon_core.package_identification:_identify(src/myrobot_description) by extension 'colcon_meta'
[0.170s] Level 1:colcon.colcon_core.package_identification:_identify(src/myrobot_description) by extensions ['ros']
[0.170s] Level 1:colcon.colcon_core.package_identification:_identify(src/myrobot_description) by extension 'ros'
[0.170s] DEBUG:colcon.colcon_core.package_identification:Package 'src/myrobot_description' with type 'ros.ament_cmake' and name 'myrobot_description'
[0.170s] Level 1:colcon.colcon_core.package_identification:_identify(src/myrobot_navigation2) by extensions ['ignore', 'ignore_ament_install']
[0.170s] Level 1:colcon.colcon_core.package_identification:_identify(src/myrobot_navigation2) by extension 'ignore'
[0.170s] Level 1:colcon.colcon_core.package_identification:_identify(src/myrobot_navigation2) by extension 'ignore_ament_install'
[0.171s] Level 1:colcon.colcon_core.package_identification:_identify(src/myrobot_navigation2) by extensions ['colcon_pkg']
[0.171s] Level 1:colcon.colcon_core.package_identification:_identify(src/myrobot_navigation2) by extension 'colcon_pkg'
[0.171s] Level 1:colcon.colcon_core.package_identification:_identify(src/myrobot_navigation2) by extensions ['colcon_meta']
[0.171s] Level 1:colcon.colcon_core.package_identification:_identify(src/myrobot_navigation2) by extension 'colcon_meta'
[0.171s] Level 1:colcon.colcon_core.package_identification:_identify(src/myrobot_navigation2) by extensions ['ros']
[0.171s] Level 1:colcon.colcon_core.package_identification:_identify(src/myrobot_navigation2) by extension 'ros'
[0.171s] DEBUG:colcon.colcon_core.package_identification:Package 'src/myrobot_navigation2' with type 'ros.ament_cmake' and name 'myrobot_navigation2'
[0.171s] Level 1:colcon.colcon_core.package_identification:_identify(src/nav2_custom_controller) by extensions ['ignore', 'ignore_ament_install']
[0.171s] Level 1:colcon.colcon_core.package_identification:_identify(src/nav2_custom_controller) by extension 'ignore'
[0.171s] Level 1:colcon.colcon_core.package_identification:_identify(src/nav2_custom_controller) by extension 'ignore_ament_install'
[0.171s] Level 1:colcon.colcon_core.package_identification:_identify(src/nav2_custom_controller) by extensions ['colcon_pkg']
[0.172s] Level 1:colcon.colcon_core.package_identification:_identify(src/nav2_custom_controller) by extension 'colcon_pkg'
[0.172s] Level 1:colcon.colcon_core.package_identification:_identify(src/nav2_custom_controller) by extensions ['colcon_meta']
[0.172s] Level 1:colcon.colcon_core.package_identification:_identify(src/nav2_custom_controller) by extension 'colcon_meta'
[0.172s] Level 1:colcon.colcon_core.package_identification:_identify(src/nav2_custom_controller) by extensions ['ros']
[0.172s] Level 1:colcon.colcon_core.package_identification:_identify(src/nav2_custom_controller) by extension 'ros'
[0.172s] DEBUG:colcon.colcon_core.package_identification:Package 'src/nav2_custom_controller' with type 'ros.ament_cmake' and name 'nav2_custom_controller'
[0.172s] Level 1:colcon.colcon_core.package_identification:_identify(src/nav2_custom_planner) by extensions ['ignore', 'ignore_ament_install']
[0.172s] Level 1:colcon.colcon_core.package_identification:_identify(src/nav2_custom_planner) by extension 'ignore'
[0.172s] Level 1:colcon.colcon_core.package_identification:_identify(src/nav2_custom_planner) by extension 'ignore_ament_install'
[0.172s] Level 1:colcon.colcon_core.package_identification:_identify(src/nav2_custom_planner) by extensions ['colcon_pkg']
[0.172s] Level 1:colcon.colcon_core.package_identification:_identify(src/nav2_custom_planner) by extension 'colcon_pkg'
[0.172s] Level 1:colcon.colcon_core.package_identification:_identify(src/nav2_custom_planner) by extensions ['colcon_meta']
[0.172s] Level 1:colcon.colcon_core.package_identification:_identify(src/nav2_custom_planner) by extension 'colcon_meta'
[0.172s] Level 1:colcon.colcon_core.package_identification:_identify(src/nav2_custom_planner) by extensions ['ros']
[0.172s] Level 1:colcon.colcon_core.package_identification:_identify(src/nav2_custom_planner) by extension 'ros'
[0.172s] DEBUG:colcon.colcon_core.package_identification:Package 'src/nav2_custom_planner' with type 'ros.ament_cmake' and name 'nav2_custom_planner'
[0.173s] Level 1:colcon.colcon_core.package_discovery:discover_packages(recursive) using defaults
[0.173s] Level 1:colcon.colcon_core.package_discovery:discover_packages(ignore) discover
[0.173s] Level 1:colcon.colcon_core.package_discovery:discover_packages(ignore) using defaults
[0.173s] Level 1:colcon.colcon_core.package_discovery:discover_packages(path) discover
[0.173s] Level 1:colcon.colcon_core.package_discovery:discover_packages(path) using defaults
[0.190s] Level 1:colcon.colcon_core.package_discovery:discover_packages(prefix_path) check parameters
[0.190s] Level 1:colcon.colcon_core.package_discovery:discover_packages(prefix_path) discover
[0.191s] DEBUG:colcon.colcon_installed_package_information.package_discovery:Found 374 installed packages in /opt/ros/humble
[0.192s] Level 1:colcon.colcon_core.package_discovery:discover_packages(prefix_path) using defaults
[0.217s] Level 5:colcon.colcon_core.verb:set package 'myrobot_application' build argument 'cmake_args' from command line to 'None'
[0.217s] Level 5:colcon.colcon_core.verb:set package 'myrobot_application' build argument 'cmake_target' from command line to 'None'
[0.217s] Level 5:colcon.colcon_core.verb:set package 'myrobot_application' build argument 'cmake_target_skip_unavailable' from command line to 'False'
[0.217s] Level 5:colcon.colcon_core.verb:set package 'myrobot_application' build argument 'cmake_clean_cache' from command line to 'False'
[0.217s] Level 5:colcon.colcon_core.verb:set package 'myrobot_application' build argument 'cmake_clean_first' from command line to 'False'
[0.217s] Level 5:colcon.colcon_core.verb:set package 'myrobot_application' build argument 'cmake_force_configure' from command line to 'False'
[0.217s] Level 5:colcon.colcon_core.verb:set package 'myrobot_application' build argument 'ament_cmake_args' from command line to 'None'
[0.217s] Level 5:colcon.colcon_core.verb:set package 'myrobot_application' build argument 'catkin_cmake_args' from command line to 'None'
[0.217s] Level 5:colcon.colcon_core.verb:set package 'myrobot_application' build argument 'catkin_skip_building_tests' from command line to 'False'
[0.217s] DEBUG:colcon.colcon_core.verb:Building package 'myrobot_application' with the following arguments: {'ament_cmake_args': None, 'build_base': '/home/rose/ros_project/ros_ws/build/myrobot_application', 'catkin_cmake_args': None, 'catkin_skip_building_tests': False, 'cmake_args': None, 'cmake_clean_cache': False, 'cmake_clean_first': False, 'cmake_force_configure': False, 'cmake_target': None, 'cmake_target_skip_unavailable': False, 'install_base': '/home/rose/ros_project/ros_ws/install/myrobot_application', 'merge_install': False, 'path': '/home/rose/ros_project/ros_ws/src/myrobot_application', 'symlink_install': False, 'test_result_base': None}
[0.217s] Level 5:colcon.colcon_core.verb:set package 'myrobot_description' build argument 'cmake_args' from command line to 'None'
[0.217s] Level 5:colcon.colcon_core.verb:set package 'myrobot_description' build argument 'cmake_target' from command line to 'None'
[0.217s] Level 5:colcon.colcon_core.verb:set package 'myrobot_description' build argument 'cmake_target_skip_unavailable' from command line to 'False'
[0.217s] Level 5:colcon.colcon_core.verb:set package 'myrobot_description' build argument 'cmake_clean_cache' from command line to 'False'
[0.217s] Level 5:colcon.colcon_core.verb:set package 'myrobot_description' build argument 'cmake_clean_first' from command line to 'False'
[0.217s] Level 5:colcon.colcon_core.verb:set package 'myrobot_description' build argument 'cmake_force_configure' from command line to 'False'
[0.217s] Level 5:colcon.colcon_core.verb:set package 'myrobot_description' build argument 'ament_cmake_args' from command line to 'None'
[0.217s] Level 5:colcon.colcon_core.verb:set package 'myrobot_description' build argument 'catkin_cmake_args' from command line to 'None'
[0.217s] Level 5:colcon.colcon_core.verb:set package 'myrobot_description' build argument 'catkin_skip_building_tests' from command line to 'False'
[0.217s] DEBUG:colcon.colcon_core.verb:Building package 'myrobot_description' with the following arguments: {'ament_cmake_args': None, 'build_base': '/home/rose/ros_project/ros_ws/build/myrobot_description', 'catkin_cmake_args': None, 'catkin_skip_building_tests': False, 'cmake_args': None, 'cmake_clean_cache': False, 'cmake_clean_first': False, 'cmake_force_configure': False, 'cmake_target': None, 'cmake_target_skip_unavailable': False, 'install_base': '/home/rose/ros_project/ros_ws/install/myrobot_description', 'merge_install': False, 'path': '/home/rose/ros_project/ros_ws/src/myrobot_description', 'symlink_install': False, 'test_result_base': None}
[0.218s] Level 5:colcon.colcon_core.verb:set package 'myrobot_navigation2' build argument 'cmake_args' from command line to 'None'
[0.218s] Level 5:colcon.colcon_core.verb:set package 'myrobot_navigation2' build argument 'cmake_target' from command line to 'None'
[0.218s] Level 5:colcon.colcon_core.verb:set package 'myrobot_navigation2' build argument 'cmake_target_skip_unavailable' from command line to 'False'
[0.218s] Level 5:colcon.colcon_core.verb:set package 'myrobot_navigation2' build argument 'cmake_clean_cache' from command line to 'False'
[0.218s] Level 5:colcon.colcon_core.verb:set package 'myrobot_navigation2' build argument 'cmake_clean_first' from command line to 'False'
[0.218s] Level 5:colcon.colcon_core.verb:set package 'myrobot_navigation2' build argument 'cmake_force_configure' from command line to 'False'
[0.218s] Level 5:colcon.colcon_core.verb:set package 'myrobot_navigation2' build argument 'ament_cmake_args' from command line to 'None'
[0.218s] Level 5:colcon.colcon_core.verb:set package 'myrobot_navigation2' build argument 'catkin_cmake_args' from command line to 'None'
[0.218s] Level 5:colcon.colcon_core.verb:set package 'myrobot_navigation2' build argument 'catkin_skip_building_tests' from command line to 'False'
[0.218s] DEBUG:colcon.colcon_core.verb:Building package 'myrobot_navigation2' with the following arguments: {'ament_cmake_args': None, 'build_base': '/home/rose/ros_project/ros_ws/build/myrobot_navigation2', 'catkin_cmake_args': None, 'catkin_skip_building_tests': False, 'cmake_args': None, 'cmake_clean_cache': False, 'cmake_clean_first': False, 'cmake_force_configure': False, 'cmake_target': None, 'cmake_target_skip_unavailable': False, 'install_base': '/home/rose/ros_project/ros_ws/install/myrobot_navigation2', 'merge_install': False, 'path': '/home/rose/ros_project/ros_ws/src/myrobot_navigation2', 'symlink_install': False, 'test_result_base': None}
[0.218s] Level 5:colcon.colcon_core.verb:set package 'nav2_custom_controller' build argument 'cmake_args' from command line to 'None'
[0.218s] Level 5:colcon.colcon_core.verb:set package 'nav2_custom_controller' build argument 'cmake_target' from command line to 'None'
[0.218s] Level 5:colcon.colcon_core.verb:set package 'nav2_custom_controller' build argument 'cmake_target_skip_unavailable' from command line to 'False'
[0.218s] Level 5:colcon.colcon_core.verb:set package 'nav2_custom_controller' build argument 'cmake_clean_cache' from command line to 'False'
[0.218s] Level 5:colcon.colcon_core.verb:set package 'nav2_custom_controller' build argument 'cmake_clean_first' from command line to 'False'
[0.218s] Level 5:colcon.colcon_core.verb:set package 'nav2_custom_controller' build argument 'cmake_force_configure' from command line to 'False'
[0.218s] Level 5:colcon.colcon_core.verb:set package 'nav2_custom_controller' build argument 'ament_cmake_args' from command line to 'None'
[0.218s] Level 5:colcon.colcon_core.verb:set package 'nav2_custom_controller' build argument 'catkin_cmake_args' from command line to 'None'
[0.218s] Level 5:colcon.colcon_core.verb:set package 'nav2_custom_controller' build argument 'catkin_skip_building_tests' from command line to 'False'
[0.218s] DEBUG:colcon.colcon_core.verb:Building package 'nav2_custom_controller' with the following arguments: {'ament_cmake_args': None, 'build_base': '/home/rose/ros_project/ros_ws/build/nav2_custom_controller', 'catkin_cmake_args': None, 'catkin_skip_building_tests': False, 'cmake_args': None, 'cmake_clean_cache': False, 'cmake_clean_first': False, 'cmake_force_configure': False, 'cmake_target': None, 'cmake_target_skip_unavailable': False, 'install_base': '/home/rose/ros_project/ros_ws/install/nav2_custom_controller', 'merge_install': False, 'path': '/home/rose/ros_project/ros_ws/src/nav2_custom_controller', 'symlink_install': False, 'test_result_base': None}
[0.218s] Level 5:colcon.colcon_core.verb:set package 'nav2_custom_planner' build argument 'cmake_args' from command line to 'None'
[0.218s] Level 5:colcon.colcon_core.verb:set package 'nav2_custom_planner' build argument 'cmake_target' from command line to 'None'
[0.218s] Level 5:colcon.colcon_core.verb:set package 'nav2_custom_planner' build argument 'cmake_target_skip_unavailable' from command line to 'False'
[0.218s] Level 5:colcon.colcon_core.verb:set package 'nav2_custom_planner' build argument 'cmake_clean_cache' from command line to 'False'
[0.218s] Level 5:colcon.colcon_core.verb:set package 'nav2_custom_planner' build argument 'cmake_clean_first' from command line to 'False'
[0.218s] Level 5:colcon.colcon_core.verb:set package 'nav2_custom_planner' build argument 'cmake_force_configure' from command line to 'False'
[0.218s] Level 5:colcon.colcon_core.verb:set package 'nav2_custom_planner' build argument 'ament_cmake_args' from command line to 'None'
[0.218s] Level 5:colcon.colcon_core.verb:set package 'nav2_custom_planner' build argument 'catkin_cmake_args' from command line to 'None'
[0.218s] Level 5:colcon.colcon_core.verb:set package 'nav2_custom_planner' build argument 'catkin_skip_building_tests' from command line to 'False'
[0.219s] DEBUG:colcon.colcon_core.verb:Building package 'nav2_custom_planner' with the following arguments: {'ament_cmake_args': None, 'build_base': '/home/rose/ros_project/ros_ws/build/nav2_custom_planner', 'catkin_cmake_args': None, 'catkin_skip_building_tests': False, 'cmake_args': None, 'cmake_clean_cache': False, 'cmake_clean_first': False, 'cmake_force_configure': False, 'cmake_target': None, 'cmake_target_skip_unavailable': False, 'install_base': '/home/rose/ros_project/ros_ws/install/nav2_custom_planner', 'merge_install': False, 'path': '/home/rose/ros_project/ros_ws/src/nav2_custom_planner', 'symlink_install': False, 'test_result_base': None}
[0.219s] INFO:colcon.colcon_core.executor:Executing jobs using 'parallel' executor
[0.221s] DEBUG:colcon.colcon_parallel_executor.executor.parallel:run_until_complete
[0.221s] INFO:colcon.colcon_ros.task.ament_python.build:Building ROS package in '/home/rose/ros_project/ros_ws/src/myrobot_application' with build type 'ament_python'
[0.222s] Level 1:colcon.colcon_core.shell:create_environment_hook('myrobot_application', 'ament_prefix_path')
[0.223s] INFO:colcon.colcon_core.plugin_system:Skipping extension 'colcon_core.shell.bat': Not used on non-Windows systems
[0.223s] INFO:colcon.colcon_core.shell:Creating environment hook '/home/rose/ros_project/ros_ws/install/myrobot_application/share/myrobot_application/hook/ament_prefix_path.ps1'
[0.223s] INFO:colcon.colcon_core.shell:Creating environment descriptor '/home/rose/ros_project/ros_ws/install/myrobot_application/share/myrobot_application/hook/ament_prefix_path.dsv'
[0.224s] INFO:colcon.colcon_core.shell:Creating environment hook '/home/rose/ros_project/ros_ws/install/myrobot_application/share/myrobot_application/hook/ament_prefix_path.sh'
[0.224s] INFO:colcon.colcon_core.shell:Skip shell extension 'powershell' for command environment: Not usable outside of PowerShell
[0.224s] DEBUG:colcon.colcon_core.shell:Skip shell extension 'dsv' for command environment
[0.227s] INFO:colcon.colcon_ros.task.ament_cmake.build:Building ROS package in '/home/rose/ros_project/ros_ws/src/myrobot_description' with build type 'ament_cmake'
[0.227s] INFO:colcon.colcon_cmake.task.cmake.build:Building CMake package in '/home/rose/ros_project/ros_ws/src/myrobot_description'
[0.227s] INFO:colcon.colcon_core.shell:Skip shell extension 'powershell' for command environment: Not usable outside of PowerShell
[0.227s] DEBUG:colcon.colcon_core.shell:Skip shell extension 'dsv' for command environment
[0.230s] INFO:colcon.colcon_ros.task.ament_cmake.build:Building ROS package in '/home/rose/ros_project/ros_ws/src/myrobot_navigation2' with build type 'ament_cmake'
[0.230s] INFO:colcon.colcon_cmake.task.cmake.build:Building CMake package in '/home/rose/ros_project/ros_ws/src/myrobot_navigation2'
[0.230s] INFO:colcon.colcon_core.shell:Skip shell extension 'powershell' for command environment: Not usable outside of PowerShell
[0.230s] DEBUG:colcon.colcon_core.shell:Skip shell extension 'dsv' for command environment
[0.232s] INFO:colcon.colcon_ros.task.ament_cmake.build:Building ROS package in '/home/rose/ros_project/ros_ws/src/nav2_custom_controller' with build type 'ament_cmake'
[0.232s] INFO:colcon.colcon_cmake.task.cmake.build:Building CMake package in '/home/rose/ros_project/ros_ws/src/nav2_custom_controller'
[0.232s] INFO:colcon.colcon_core.shell:Skip shell extension 'powershell' for command environment: Not usable outside of PowerShell
[0.232s] DEBUG:colcon.colcon_core.shell:Skip shell extension 'dsv' for command environment
[0.234s] INFO:colcon.colcon_ros.task.ament_cmake.build:Building ROS package in '/home/rose/ros_project/ros_ws/src/nav2_custom_planner' with build type 'ament_cmake'
[0.234s] INFO:colcon.colcon_cmake.task.cmake.build:Building CMake package in '/home/rose/ros_project/ros_ws/src/nav2_custom_planner'
[0.234s] INFO:colcon.colcon_core.shell:Skip shell extension 'powershell' for command environment: Not usable outside of PowerShell
[0.235s] DEBUG:colcon.colcon_core.shell:Skip shell extension 'dsv' for command environment
[0.378s] INFO:colcon.colcon_core.task.python.build:Building Python package in '/home/rose/ros_project/ros_ws/src/myrobot_application'
[0.378s] INFO:colcon.colcon_core.shell:Skip shell extension 'powershell' for command environment: Not usable outside of PowerShell
[0.378s] DEBUG:colcon.colcon_core.shell:Skip shell extension 'dsv' for command environment
[0.384s] DEBUG:colcon.colcon_core.event_handler.log_command:Invoking command in '/home/rose/ros_project/ros_ws/build/myrobot_description': CMAKE_PREFIX_PATH=/opt/ros/humble /usr/bin/cmake --build /home/rose/ros_project/ros_ws/build/myrobot_description -- -j8 -l8
[0.387s] DEBUG:colcon.colcon_core.event_handler.log_command:Invoking command in '/home/rose/ros_project/ros_ws/build/myrobot_navigation2': CMAKE_PREFIX_PATH=/opt/ros/humble /usr/bin/cmake --build /home/rose/ros_project/ros_ws/build/myrobot_navigation2 -- -j8 -l8
[0.388s] DEBUG:colcon.colcon_core.event_handler.log_command:Invoking command in '/home/rose/ros_project/ros_ws/build/nav2_custom_controller': CMAKE_PREFIX_PATH=/opt/ros/humble /usr/bin/cmake --build /home/rose/ros_project/ros_ws/build/nav2_custom_controller -- -j8 -l8
[0.393s] DEBUG:colcon.colcon_core.event_handler.log_command:Invoking command in '/home/rose/ros_project/ros_ws/build/nav2_custom_planner': CMAKE_PREFIX_PATH=/opt/ros/humble /usr/bin/cmake --build /home/rose/ros_project/ros_ws/build/nav2_custom_planner -- -j8 -l8
[0.412s] DEBUG:colcon.colcon_core.event_handler.log_command:Invoked command in '/home/rose/ros_project/ros_ws/build/myrobot_description' returned '0': CMAKE_PREFIX_PATH=/opt/ros/humble /usr/bin/cmake --build /home/rose/ros_project/ros_ws/build/myrobot_description -- -j8 -l8
[0.419s] DEBUG:colcon.colcon_core.event_handler.log_command:Invoking command in '/home/rose/ros_project/ros_ws/build/myrobot_description': CMAKE_PREFIX_PATH=/opt/ros/humble /usr/bin/cmake --install /home/rose/ros_project/ros_ws/build/myrobot_description
[0.421s] DEBUG:colcon.colcon_core.event_handler.log_command:Invoked command in '/home/rose/ros_project/ros_ws/build/nav2_custom_planner' returned '0': CMAKE_PREFIX_PATH=/opt/ros/humble /usr/bin/cmake --build /home/rose/ros_project/ros_ws/build/nav2_custom_planner -- -j8 -l8
[0.423s] DEBUG:colcon.colcon_core.event_handler.log_command:Invoking command in '/home/rose/ros_project/ros_ws/build/nav2_custom_planner': CMAKE_PREFIX_PATH=/opt/ros/humble /usr/bin/cmake --install /home/rose/ros_project/ros_ws/build/nav2_custom_planner
[0.424s] DEBUG:colcon.colcon_core.event_handler.log_command:Invoked command in '/home/rose/ros_project/ros_ws/build/myrobot_navigation2' returned '0': CMAKE_PREFIX_PATH=/opt/ros/humble /usr/bin/cmake --build /home/rose/ros_project/ros_ws/build/myrobot_navigation2 -- -j8 -l8
[0.424s] DEBUG:colcon.colcon_core.event_handler.log_command:Invoking command in '/home/rose/ros_project/ros_ws/build/myrobot_navigation2': CMAKE_PREFIX_PATH=/opt/ros/humble /usr/bin/cmake --install /home/rose/ros_project/ros_ws/build/myrobot_navigation2
[0.428s] Level 1:colcon.colcon_core.environment:create_environment_scripts_only(nav2_custom_planner)
[0.432s] Level 1:colcon.colcon_core.environment:checking '/home/rose/ros_project/ros_ws/install/nav2_custom_planner' for CMake module files
[0.434s] Level 1:colcon.colcon_core.environment:checking '/home/rose/ros_project/ros_ws/install/nav2_custom_planner' for CMake config files
[0.434s] Level 1:colcon.colcon_core.shell:create_environment_hook('nav2_custom_planner', 'cmake_prefix_path')
[0.434s] INFO:colcon.colcon_core.shell:Creating environment hook '/home/rose/ros_project/ros_ws/install/nav2_custom_planner/share/nav2_custom_planner/hook/cmake_prefix_path.ps1'
[0.435s] DEBUG:colcon.colcon_core.event_handler.log_command:Invoked command in '/home/rose/ros_project/ros_ws/build/nav2_custom_planner' returned '0': CMAKE_PREFIX_PATH=/opt/ros/humble /usr/bin/cmake --install /home/rose/ros_project/ros_ws/build/nav2_custom_planner
[0.436s] INFO:colcon.colcon_core.shell:Creating environment descriptor '/home/rose/ros_project/ros_ws/install/nav2_custom_planner/share/nav2_custom_planner/hook/cmake_prefix_path.dsv'
[0.438s] INFO:colcon.colcon_core.shell:Creating environment hook '/home/rose/ros_project/ros_ws/install/nav2_custom_planner/share/nav2_custom_planner/hook/cmake_prefix_path.sh'
[0.439s] Level 1:colcon.colcon_core.environment:checking '/home/rose/ros_project/ros_ws/install/nav2_custom_planner/bin'
[0.439s] Level 1:colcon.colcon_core.environment:checking '/home/rose/ros_project/ros_ws/install/nav2_custom_planner/lib/pkgconfig/nav2_custom_planner.pc'
[0.440s] Level 1:colcon.colcon_core.environment:checking '/home/rose/ros_project/ros_ws/install/nav2_custom_planner/lib/python3.10/site-packages'
[0.440s] Level 1:colcon.colcon_core.environment:checking '/home/rose/ros_project/ros_ws/install/nav2_custom_planner/bin'
[0.440s] INFO:colcon.colcon_core.shell:Creating package script '/home/rose/ros_project/ros_ws/install/nav2_custom_planner/share/nav2_custom_planner/package.ps1'
[0.441s] INFO:colcon.colcon_core.shell:Creating package descriptor '/home/rose/ros_project/ros_ws/install/nav2_custom_planner/share/nav2_custom_planner/package.dsv'
[0.441s] INFO:colcon.colcon_core.shell:Creating package script '/home/rose/ros_project/ros_ws/install/nav2_custom_planner/share/nav2_custom_planner/package.sh'
[0.442s] INFO:colcon.colcon_core.shell:Creating package script '/home/rose/ros_project/ros_ws/install/nav2_custom_planner/share/nav2_custom_planner/package.bash'
[0.442s] INFO:colcon.colcon_core.shell:Creating package script '/home/rose/ros_project/ros_ws/install/nav2_custom_planner/share/nav2_custom_planner/package.zsh'
[0.443s] Level 1:colcon.colcon_core.environment:create_file_with_runtime_dependencies(/home/rose/ros_project/ros_ws/install/nav2_custom_planner/share/colcon-core/packages/nav2_custom_planner)
[0.443s] Level 1:colcon.colcon_core.environment:create_environment_scripts_only(nav2_custom_planner)
[0.443s] Level 1:colcon.colcon_core.environment:checking '/home/rose/ros_project/ros_ws/install/nav2_custom_planner' for CMake module files
[0.444s] Level 1:colcon.colcon_core.environment:checking '/home/rose/ros_project/ros_ws/install/nav2_custom_planner' for CMake config files
[0.444s] Level 1:colcon.colcon_core.shell:create_environment_hook('nav2_custom_planner', 'cmake_prefix_path')
[0.444s] INFO:colcon.colcon_core.shell:Creating environment hook '/home/rose/ros_project/ros_ws/install/nav2_custom_planner/share/nav2_custom_planner/hook/cmake_prefix_path.ps1'
[0.444s] INFO:colcon.colcon_core.shell:Creating environment descriptor '/home/rose/ros_project/ros_ws/install/nav2_custom_planner/share/nav2_custom_planner/hook/cmake_prefix_path.dsv'
[0.444s] INFO:colcon.colcon_core.shell:Creating environment hook '/home/rose/ros_project/ros_ws/install/nav2_custom_planner/share/nav2_custom_planner/hook/cmake_prefix_path.sh'
[0.445s] Level 1:colcon.colcon_core.environment:checking '/home/rose/ros_project/ros_ws/install/nav2_custom_planner/bin'
[0.445s] Level 1:colcon.colcon_core.environment:checking '/home/rose/ros_project/ros_ws/install/nav2_custom_planner/lib/pkgconfig/nav2_custom_planner.pc'
[0.445s] Level 1:colcon.colcon_core.environment:checking '/home/rose/ros_project/ros_ws/install/nav2_custom_planner/lib/python3.10/site-packages'
[0.445s] Level 1:colcon.colcon_core.environment:checking '/home/rose/ros_project/ros_ws/install/nav2_custom_planner/bin'
[0.445s] INFO:colcon.colcon_core.shell:Creating package script '/home/rose/ros_project/ros_ws/install/nav2_custom_planner/share/nav2_custom_planner/package.ps1'
[0.446s] INFO:colcon.colcon_core.shell:Creating package descriptor '/home/rose/ros_project/ros_ws/install/nav2_custom_planner/share/nav2_custom_planner/package.dsv'
[0.446s] INFO:colcon.colcon_core.shell:Creating package script '/home/rose/ros_project/ros_ws/install/nav2_custom_planner/share/nav2_custom_planner/package.sh'
[0.447s] INFO:colcon.colcon_core.shell:Creating package script '/home/rose/ros_project/ros_ws/install/nav2_custom_planner/share/nav2_custom_planner/package.bash'
[0.447s] INFO:colcon.colcon_core.shell:Creating package script '/home/rose/ros_project/ros_ws/install/nav2_custom_planner/share/nav2_custom_planner/package.zsh'
[0.447s] Level 1:colcon.colcon_core.environment:create_file_with_runtime_dependencies(/home/rose/ros_project/ros_ws/install/nav2_custom_planner/share/colcon-core/packages/nav2_custom_planner)
[0.449s] Level 1:colcon.colcon_core.environment:create_environment_scripts_only(myrobot_description)
[0.449s] Level 1:colcon.colcon_core.environment:checking '/home/rose/ros_project/ros_ws/install/myrobot_description' for CMake module files
[0.449s] DEBUG:colcon.colcon_core.event_handler.log_command:Invoked command in '/home/rose/ros_project/ros_ws/build/myrobot_description' returned '0': CMAKE_PREFIX_PATH=/opt/ros/humble /usr/bin/cmake --install /home/rose/ros_project/ros_ws/build/myrobot_description
[0.449s] Level 1:colcon.colcon_core.environment:checking '/home/rose/ros_project/ros_ws/install/myrobot_description' for CMake config files
[0.450s] Level 1:colcon.colcon_core.shell:create_environment_hook('myrobot_description', 'cmake_prefix_path')
[0.450s] INFO:colcon.colcon_core.shell:Creating environment hook '/home/rose/ros_project/ros_ws/install/myrobot_description/share/myrobot_description/hook/cmake_prefix_path.ps1'
[0.450s] INFO:colcon.colcon_core.shell:Creating environment descriptor '/home/rose/ros_project/ros_ws/install/myrobot_description/share/myrobot_description/hook/cmake_prefix_path.dsv'
[0.450s] INFO:colcon.colcon_core.shell:Creating environment hook '/home/rose/ros_project/ros_ws/install/myrobot_description/share/myrobot_description/hook/cmake_prefix_path.sh'
[0.451s] Level 1:colcon.colcon_core.environment:checking '/home/rose/ros_project/ros_ws/install/myrobot_description/bin'
[0.451s] Level 1:colcon.colcon_core.environment:checking '/home/rose/ros_project/ros_ws/install/myrobot_description/lib/pkgconfig/myrobot_description.pc'
[0.451s] Level 1:colcon.colcon_core.environment:checking '/home/rose/ros_project/ros_ws/install/myrobot_description/lib/python3.10/site-packages'
[0.451s] Level 1:colcon.colcon_core.environment:checking '/home/rose/ros_project/ros_ws/install/myrobot_description/bin'
[0.451s] INFO:colcon.colcon_core.shell:Creating package script '/home/rose/ros_project/ros_ws/install/myrobot_description/share/myrobot_description/package.ps1'
[0.452s] INFO:colcon.colcon_core.shell:Creating package descriptor '/home/rose/ros_project/ros_ws/install/myrobot_description/share/myrobot_description/package.dsv'
[0.452s] INFO:colcon.colcon_core.shell:Creating package script '/home/rose/ros_project/ros_ws/install/myrobot_description/share/myrobot_description/package.sh'
[0.452s] INFO:colcon.colcon_core.shell:Creating package script '/home/rose/ros_project/ros_ws/install/myrobot_description/share/myrobot_description/package.bash'
[0.453s] INFO:colcon.colcon_core.shell:Creating package script '/home/rose/ros_project/ros_ws/install/myrobot_description/share/myrobot_description/package.zsh'
[0.453s] Level 1:colcon.colcon_core.environment:create_file_with_runtime_dependencies(/home/rose/ros_project/ros_ws/install/myrobot_description/share/colcon-core/packages/myrobot_description)
[0.453s] Level 1:colcon.colcon_core.environment:create_environment_scripts_only(myrobot_description)
[0.453s] Level 1:colcon.colcon_core.environment:checking '/home/rose/ros_project/ros_ws/install/myrobot_description' for CMake module files
[0.454s] Level 1:colcon.colcon_core.environment:checking '/home/rose/ros_project/ros_ws/install/myrobot_description' for CMake config files
[0.454s] Level 1:colcon.colcon_core.shell:create_environment_hook('myrobot_description', 'cmake_prefix_path')
[0.454s] INFO:colcon.colcon_core.shell:Creating environment hook '/home/rose/ros_project/ros_ws/install/myrobot_description/share/myrobot_description/hook/cmake_prefix_path.ps1'
[0.455s] INFO:colcon.colcon_core.shell:Creating environment descriptor '/home/rose/ros_project/ros_ws/install/myrobot_description/share/myrobot_description/hook/cmake_prefix_path.dsv'
[0.455s] INFO:colcon.colcon_core.shell:Creating environment hook '/home/rose/ros_project/ros_ws/install/myrobot_description/share/myrobot_description/hook/cmake_prefix_path.sh'
[0.455s] Level 1:colcon.colcon_core.environment:checking '/home/rose/ros_project/ros_ws/install/myrobot_description/bin'
[0.455s] Level 1:colcon.colcon_core.environment:checking '/home/rose/ros_project/ros_ws/install/myrobot_description/lib/pkgconfig/myrobot_description.pc'
[0.455s] Level 1:colcon.colcon_core.environment:checking '/home/rose/ros_project/ros_ws/install/myrobot_description/lib/python3.10/site-packages'
[0.456s] Level 1:colcon.colcon_core.environment:checking '/home/rose/ros_project/ros_ws/install/myrobot_description/bin'
[0.456s] INFO:colcon.colcon_core.shell:Creating package script '/home/rose/ros_project/ros_ws/install/myrobot_description/share/myrobot_description/package.ps1'
[0.456s] INFO:colcon.colcon_core.shell:Creating package descriptor '/home/rose/ros_project/ros_ws/install/myrobot_description/share/myrobot_description/package.dsv'
[0.457s] INFO:colcon.colcon_core.shell:Creating package script '/home/rose/ros_project/ros_ws/install/myrobot_description/share/myrobot_description/package.sh'
[0.457s] INFO:colcon.colcon_core.shell:Creating package script '/home/rose/ros_project/ros_ws/install/myrobot_description/share/myrobot_description/package.bash'
[0.457s] INFO:colcon.colcon_core.shell:Creating package script '/home/rose/ros_project/ros_ws/install/myrobot_description/share/myrobot_description/package.zsh'
[0.457s] Level 1:colcon.colcon_core.environment:create_file_with_runtime_dependencies(/home/rose/ros_project/ros_ws/install/myrobot_description/share/colcon-core/packages/myrobot_description)
[0.458s] Level 1:colcon.colcon_core.environment:create_environment_scripts_only(myrobot_navigation2)
[0.458s] Level 1:colcon.colcon_core.environment:checking '/home/rose/ros_project/ros_ws/install/myrobot_navigation2' for CMake module files
[0.459s] DEBUG:colcon.colcon_core.event_handler.log_command:Invoked command in '/home/rose/ros_project/ros_ws/build/myrobot_navigation2' returned '0': CMAKE_PREFIX_PATH=/opt/ros/humble /usr/bin/cmake --install /home/rose/ros_project/ros_ws/build/myrobot_navigation2
[0.459s] Level 1:colcon.colcon_core.environment:checking '/home/rose/ros_project/ros_ws/install/myrobot_navigation2' for CMake config files
[0.459s] Level 1:colcon.colcon_core.shell:create_environment_hook('myrobot_navigation2', 'cmake_prefix_path')
[0.459s] INFO:colcon.colcon_core.shell:Creating environment hook '/home/rose/ros_project/ros_ws/install/myrobot_navigation2/share/myrobot_navigation2/hook/cmake_prefix_path.ps1'
[0.460s] INFO:colcon.colcon_core.shell:Creating environment descriptor '/home/rose/ros_project/ros_ws/install/myrobot_navigation2/share/myrobot_navigation2/hook/cmake_prefix_path.dsv'
[0.460s] INFO:colcon.colcon_core.shell:Creating environment hook '/home/rose/ros_project/ros_ws/install/myrobot_navigation2/share/myrobot_navigation2/hook/cmake_prefix_path.sh'
[0.460s] Level 1:colcon.colcon_core.environment:checking '/home/rose/ros_project/ros_ws/install/myrobot_navigation2/bin'
[0.460s] Level 1:colcon.colcon_core.environment:checking '/home/rose/ros_project/ros_ws/install/myrobot_navigation2/lib/pkgconfig/myrobot_navigation2.pc'
[0.461s] Level 1:colcon.colcon_core.environment:checking '/home/rose/ros_project/ros_ws/install/myrobot_navigation2/lib/python3.10/site-packages'
[0.461s] Level 1:colcon.colcon_core.environment:checking '/home/rose/ros_project/ros_ws/install/myrobot_navigation2/bin'
[0.461s] INFO:colcon.colcon_core.shell:Creating package script '/home/rose/ros_project/ros_ws/install/myrobot_navigation2/share/myrobot_navigation2/package.ps1'
[0.461s] INFO:colcon.colcon_core.shell:Creating package descriptor '/home/rose/ros_project/ros_ws/install/myrobot_navigation2/share/myrobot_navigation2/package.dsv'
[0.462s] INFO:colcon.colcon_core.shell:Creating package script '/home/rose/ros_project/ros_ws/install/myrobot_navigation2/share/myrobot_navigation2/package.sh'
[0.462s] INFO:colcon.colcon_core.shell:Creating package script '/home/rose/ros_project/ros_ws/install/myrobot_navigation2/share/myrobot_navigation2/package.bash'
[0.462s] INFO:colcon.colcon_core.shell:Creating package script '/home/rose/ros_project/ros_ws/install/myrobot_navigation2/share/myrobot_navigation2/package.zsh'
[0.462s] Level 1:colcon.colcon_core.environment:create_file_with_runtime_dependencies(/home/rose/ros_project/ros_ws/install/myrobot_navigation2/share/colcon-core/packages/myrobot_navigation2)
[0.463s] Level 1:colcon.colcon_core.environment:create_environment_scripts_only(myrobot_navigation2)
[0.463s] Level 1:colcon.colcon_core.environment:checking '/home/rose/ros_project/ros_ws/install/myrobot_navigation2' for CMake module files
[0.463s] Level 1:colcon.colcon_core.environment:checking '/home/rose/ros_project/ros_ws/install/myrobot_navigation2' for CMake config files
[0.463s] Level 1:colcon.colcon_core.shell:create_environment_hook('myrobot_navigation2', 'cmake_prefix_path')
[0.464s] INFO:colcon.colcon_core.shell:Creating environment hook '/home/rose/ros_project/ros_ws/install/myrobot_navigation2/share/myrobot_navigation2/hook/cmake_prefix_path.ps1'
[0.464s] INFO:colcon.colcon_core.shell:Creating environment descriptor '/home/rose/ros_project/ros_ws/install/myrobot_navigation2/share/myrobot_navigation2/hook/cmake_prefix_path.dsv'
[0.464s] INFO:colcon.colcon_core.shell:Creating environment hook '/home/rose/ros_project/ros_ws/install/myrobot_navigation2/share/myrobot_navigation2/hook/cmake_prefix_path.sh'
[0.465s] Level 1:colcon.colcon_core.environment:checking '/home/rose/ros_project/ros_ws/install/myrobot_navigation2/bin'
[0.465s] Level 1:colcon.colcon_core.environment:checking '/home/rose/ros_project/ros_ws/install/myrobot_navigation2/lib/pkgconfig/myrobot_navigation2.pc'
[0.465s] Level 1:colcon.colcon_core.environment:checking '/home/rose/ros_project/ros_ws/install/myrobot_navigation2/lib/python3.10/site-packages'
[0.465s] Level 1:colcon.colcon_core.environment:checking '/home/rose/ros_project/ros_ws/install/myrobot_navigation2/bin'
[0.465s] INFO:colcon.colcon_core.shell:Creating package script '/home/rose/ros_project/ros_ws/install/myrobot_navigation2/share/myrobot_navigation2/package.ps1'
[0.465s] INFO:colcon.colcon_core.shell:Creating package descriptor '/home/rose/ros_project/ros_ws/install/myrobot_navigation2/share/myrobot_navigation2/package.dsv'
[0.466s] INFO:colcon.colcon_core.shell:Creating package script '/home/rose/ros_project/ros_ws/install/myrobot_navigation2/share/myrobot_navigation2/package.sh'
[0.466s] INFO:colcon.colcon_core.shell:Creating package script '/home/rose/ros_project/ros_ws/install/myrobot_navigation2/share/myrobot_navigation2/package.bash'
[0.466s] INFO:colcon.colcon_core.shell:Creating package script '/home/rose/ros_project/ros_ws/install/myrobot_navigation2/share/myrobot_navigation2/package.zsh'
[0.467s] Level 1:colcon.colcon_core.environment:create_file_with_runtime_dependencies(/home/rose/ros_project/ros_ws/install/myrobot_navigation2/share/colcon-core/packages/myrobot_navigation2)
[0.469s] DEBUG:colcon.colcon_core.event_handler.log_command:Invoked command in '/home/rose/ros_project/ros_ws/build/nav2_custom_controller' returned '0': CMAKE_PREFIX_PATH=/opt/ros/humble /usr/bin/cmake --build /home/rose/ros_project/ros_ws/build/nav2_custom_controller -- -j8 -l8
[0.469s] DEBUG:colcon.colcon_core.event_handler.log_command:Invoking command in '/home/rose/ros_project/ros_ws/build/nav2_custom_controller': CMAKE_PREFIX_PATH=/opt/ros/humble /usr/bin/cmake --install /home/rose/ros_project/ros_ws/build/nav2_custom_controller
[0.477s] Level 1:colcon.colcon_core.environment:create_environment_scripts_only(nav2_custom_controller)
[0.477s] Level 1:colcon.colcon_core.environment:checking '/home/rose/ros_project/ros_ws/install/nav2_custom_controller' for CMake module files
[0.477s] DEBUG:colcon.colcon_core.event_handler.log_command:Invoked command in '/home/rose/ros_project/ros_ws/build/nav2_custom_controller' returned '0': CMAKE_PREFIX_PATH=/opt/ros/humble /usr/bin/cmake --install /home/rose/ros_project/ros_ws/build/nav2_custom_controller
[0.477s] Level 1:colcon.colcon_core.environment:checking '/home/rose/ros_project/ros_ws/install/nav2_custom_controller' for CMake config files
[0.478s] Level 1:colcon.colcon_core.shell:create_environment_hook('nav2_custom_controller', 'cmake_prefix_path')
[0.478s] INFO:colcon.colcon_core.shell:Creating environment hook '/home/rose/ros_project/ros_ws/install/nav2_custom_controller/share/nav2_custom_controller/hook/cmake_prefix_path.ps1'
[0.478s] INFO:colcon.colcon_core.shell:Creating environment descriptor '/home/rose/ros_project/ros_ws/install/nav2_custom_controller/share/nav2_custom_controller/hook/cmake_prefix_path.dsv'
[0.478s] INFO:colcon.colcon_core.shell:Creating environment hook '/home/rose/ros_project/ros_ws/install/nav2_custom_controller/share/nav2_custom_controller/hook/cmake_prefix_path.sh'
[0.479s] Level 1:colcon.colcon_core.environment:checking '/home/rose/ros_project/ros_ws/install/nav2_custom_controller/lib'
[0.479s] Level 1:colcon.colcon_core.shell:create_environment_hook('nav2_custom_controller', 'ld_library_path_lib')
[0.479s] INFO:colcon.colcon_core.shell:Creating environment hook '/home/rose/ros_project/ros_ws/install/nav2_custom_controller/share/nav2_custom_controller/hook/ld_library_path_lib.ps1'
[0.479s] INFO:colcon.colcon_core.shell:Creating environment descriptor '/home/rose/ros_project/ros_ws/install/nav2_custom_controller/share/nav2_custom_controller/hook/ld_library_path_lib.dsv'
[0.480s] INFO:colcon.colcon_core.shell:Creating environment hook '/home/rose/ros_project/ros_ws/install/nav2_custom_controller/share/nav2_custom_controller/hook/ld_library_path_lib.sh'
[0.480s] Level 1:colcon.colcon_core.environment:checking '/home/rose/ros_project/ros_ws/install/nav2_custom_controller/bin'
[0.480s] Level 1:colcon.colcon_core.environment:checking '/home/rose/ros_project/ros_ws/install/nav2_custom_controller/lib/pkgconfig/nav2_custom_controller.pc'
[0.480s] Level 1:colcon.colcon_core.environment:checking '/home/rose/ros_project/ros_ws/install/nav2_custom_controller/lib/python3.10/site-packages'
[0.480s] Level 1:colcon.colcon_core.environment:checking '/home/rose/ros_project/ros_ws/install/nav2_custom_controller/bin'
[0.480s] INFO:colcon.colcon_core.shell:Creating package script '/home/rose/ros_project/ros_ws/install/nav2_custom_controller/share/nav2_custom_controller/package.ps1'
[0.481s] INFO:colcon.colcon_core.shell:Creating package descriptor '/home/rose/ros_project/ros_ws/install/nav2_custom_controller/share/nav2_custom_controller/package.dsv'
[0.481s] INFO:colcon.colcon_core.shell:Creating package script '/home/rose/ros_project/ros_ws/install/nav2_custom_controller/share/nav2_custom_controller/package.sh'
[0.482s] INFO:colcon.colcon_core.shell:Creating package script '/home/rose/ros_project/ros_ws/install/nav2_custom_controller/share/nav2_custom_controller/package.bash'
[0.482s] INFO:colcon.colcon_core.shell:Creating package script '/home/rose/ros_project/ros_ws/install/nav2_custom_controller/share/nav2_custom_controller/package.zsh'
[0.482s] Level 1:colcon.colcon_core.environment:create_file_with_runtime_dependencies(/home/rose/ros_project/ros_ws/install/nav2_custom_controller/share/colcon-core/packages/nav2_custom_controller)
[0.483s] Level 1:colcon.colcon_core.environment:create_environment_scripts_only(nav2_custom_controller)
[0.483s] Level 1:colcon.colcon_core.environment:checking '/home/rose/ros_project/ros_ws/install/nav2_custom_controller' for CMake module files
[0.483s] Level 1:colcon.colcon_core.environment:checking '/home/rose/ros_project/ros_ws/install/nav2_custom_controller' for CMake config files
[0.483s] Level 1:colcon.colcon_core.shell:create_environment_hook('nav2_custom_controller', 'cmake_prefix_path')
[0.483s] INFO:colcon.colcon_core.shell:Creating environment hook '/home/rose/ros_project/ros_ws/install/nav2_custom_controller/share/nav2_custom_controller/hook/cmake_prefix_path.ps1'
[0.484s] INFO:colcon.colcon_core.shell:Creating environment descriptor '/home/rose/ros_project/ros_ws/install/nav2_custom_controller/share/nav2_custom_controller/hook/cmake_prefix_path.dsv'
[0.484s] INFO:colcon.colcon_core.shell:Creating environment hook '/home/rose/ros_project/ros_ws/install/nav2_custom_controller/share/nav2_custom_controller/hook/cmake_prefix_path.sh'
[0.484s] Level 1:colcon.colcon_core.environment:checking '/home/rose/ros_project/ros_ws/install/nav2_custom_controller/lib'
[0.484s] Level 1:colcon.colcon_core.shell:create_environment_hook('nav2_custom_controller', 'ld_library_path_lib')
[0.484s] INFO:colcon.colcon_core.shell:Creating environment hook '/home/rose/ros_project/ros_ws/install/nav2_custom_controller/share/nav2_custom_controller/hook/ld_library_path_lib.ps1'
[0.485s] INFO:colcon.colcon_core.shell:Creating environment descriptor '/home/rose/ros_project/ros_ws/install/nav2_custom_controller/share/nav2_custom_controller/hook/ld_library_path_lib.dsv'
[0.485s] INFO:colcon.colcon_core.shell:Creating environment hook '/home/rose/ros_project/ros_ws/install/nav2_custom_controller/share/nav2_custom_controller/hook/ld_library_path_lib.sh'
[0.486s] Level 1:colcon.colcon_core.environment:checking '/home/rose/ros_project/ros_ws/install/nav2_custom_controller/bin'
[0.486s] Level 1:colcon.colcon_core.environment:checking '/home/rose/ros_project/ros_ws/install/nav2_custom_controller/lib/pkgconfig/nav2_custom_controller.pc'
[0.486s] Level 1:colcon.colcon_core.environment:checking '/home/rose/ros_project/ros_ws/install/nav2_custom_controller/lib/python3.10/site-packages'
[0.486s] Level 1:colcon.colcon_core.environment:checking '/home/rose/ros_project/ros_ws/install/nav2_custom_controller/bin'
[0.486s] INFO:colcon.colcon_core.shell:Creating package script '/home/rose/ros_project/ros_ws/install/nav2_custom_controller/share/nav2_custom_controller/package.ps1'
[0.487s] INFO:colcon.colcon_core.shell:Creating package descriptor '/home/rose/ros_project/ros_ws/install/nav2_custom_controller/share/nav2_custom_controller/package.dsv'
[0.487s] INFO:colcon.colcon_core.shell:Creating package script '/home/rose/ros_project/ros_ws/install/nav2_custom_controller/share/nav2_custom_controller/package.sh'
[0.487s] INFO:colcon.colcon_core.shell:Creating package script '/home/rose/ros_project/ros_ws/install/nav2_custom_controller/share/nav2_custom_controller/package.bash'
[0.488s] INFO:colcon.colcon_core.shell:Creating package script '/home/rose/ros_project/ros_ws/install/nav2_custom_controller/share/nav2_custom_controller/package.zsh'
[0.488s] Level 1:colcon.colcon_core.environment:create_file_with_runtime_dependencies(/home/rose/ros_project/ros_ws/install/nav2_custom_controller/share/colcon-core/packages/nav2_custom_controller)
[0.613s] DEBUG:colcon.colcon_core.task.python.build:Available setuptools commands: register, alias, extract_messages, sdist, update_catalog, symlink_data, install_egg_info, install_scripts, bdist_egg, build_scripts, rotate, clean, init_catalog, build_ext, install_headers, build_clib, easy_install, install, upload_docs, bdist_dumb, dist_info, develop, bdist_rpm, build_py, bdist, test, compile_catalog, install_data, build, bdist_wheel, egg_info, check, upload, setopt, saveopts, install_lib
[0.615s] DEBUG:colcon.colcon_core.event_handler.log_command:Invoking command in '/home/rose/ros_project/ros_ws/src/myrobot_application': PYTHONPATH=/home/rose/ros_project/ros_ws/build/myrobot_application/prefix_override:/usr/lib/python3/dist-packages/colcon_core/task/python/colcon_distutils_commands:/home/rose/ros_project/ros_ws/install/myrobot_application/lib/python3.10/site-packages:${PYTHONPATH} /usr/bin/python3 -W ignore:setup.py install is deprecated -W ignore:easy_install command is deprecated setup.py egg_info --egg-base ../../build/myrobot_application build --build-base /home/rose/ros_project/ros_ws/build/myrobot_application/build install --record /home/rose/ros_project/ros_ws/build/myrobot_application/install.log --install-scripts $base/lib/myrobot_application --single-version-externally-managed install_data
[0.802s] Level 1:colcon.colcon_core.environment:checking '/home/rose/ros_project/ros_ws/install/myrobot_application' for CMake module files
[0.802s] Level 1:colcon.colcon_core.environment:checking '/home/rose/ros_project/ros_ws/install/myrobot_application' for CMake config files
[0.803s] DEBUG:colcon.colcon_core.event_handler.log_command:Invoked command in '/home/rose/ros_project/ros_ws/src/myrobot_application' returned '0': PYTHONPATH=/home/rose/ros_project/ros_ws/build/myrobot_application/prefix_override:/usr/lib/python3/dist-packages/colcon_core/task/python/colcon_distutils_commands:/home/rose/ros_project/ros_ws/install/myrobot_application/lib/python3.10/site-packages:${PYTHONPATH} /usr/bin/python3 -W ignore:setup.py install is deprecated -W ignore:easy_install command is deprecated setup.py egg_info --egg-base ../../build/myrobot_application build --build-base /home/rose/ros_project/ros_ws/build/myrobot_application/build install --record /home/rose/ros_project/ros_ws/build/myrobot_application/install.log --install-scripts $base/lib/myrobot_application --single-version-externally-managed install_data
[0.803s] Level 1:colcon.colcon_core.environment:checking '/home/rose/ros_project/ros_ws/install/myrobot_application/lib'
[0.803s] Level 1:colcon.colcon_core.environment:checking '/home/rose/ros_project/ros_ws/install/myrobot_application/bin'
[0.803s] Level 1:colcon.colcon_core.environment:checking '/home/rose/ros_project/ros_ws/install/myrobot_application/lib/pkgconfig/myrobot_application.pc'
[0.803s] Level 1:colcon.colcon_core.environment:checking '/home/rose/ros_project/ros_ws/install/myrobot_application/lib/python3.10/site-packages'
[0.803s] Level 1:colcon.colcon_core.shell:create_environment_hook('myrobot_application', 'pythonpath')
[0.803s] INFO:colcon.colcon_core.shell:Creating environment hook '/home/rose/ros_project/ros_ws/install/myrobot_application/share/myrobot_application/hook/pythonpath.ps1'
[0.804s] INFO:colcon.colcon_core.shell:Creating environment descriptor '/home/rose/ros_project/ros_ws/install/myrobot_application/share/myrobot_application/hook/pythonpath.dsv'
[0.804s] INFO:colcon.colcon_core.shell:Creating environment hook '/home/rose/ros_project/ros_ws/install/myrobot_application/share/myrobot_application/hook/pythonpath.sh'
[0.805s] Level 1:colcon.colcon_core.environment:checking '/home/rose/ros_project/ros_ws/install/myrobot_application/bin'
[0.805s] Level 1:colcon.colcon_core.environment:create_environment_scripts_only(myrobot_application)
[0.805s] INFO:colcon.colcon_core.shell:Creating package script '/home/rose/ros_project/ros_ws/install/myrobot_application/share/myrobot_application/package.ps1'
[0.805s] INFO:colcon.colcon_core.shell:Creating package descriptor '/home/rose/ros_project/ros_ws/install/myrobot_application/share/myrobot_application/package.dsv'
[0.806s] INFO:colcon.colcon_core.shell:Creating package script '/home/rose/ros_project/ros_ws/install/myrobot_application/share/myrobot_application/package.sh'
[0.806s] INFO:colcon.colcon_core.shell:Creating package script '/home/rose/ros_project/ros_ws/install/myrobot_application/share/myrobot_application/package.bash'
[0.806s] INFO:colcon.colcon_core.shell:Creating package script '/home/rose/ros_project/ros_ws/install/myrobot_application/share/myrobot_application/package.zsh'
[0.806s] Level 1:colcon.colcon_core.environment:create_file_with_runtime_dependencies(/home/rose/ros_project/ros_ws/install/myrobot_application/share/colcon-core/packages/myrobot_application)
[0.807s] DEBUG:colcon.colcon_parallel_executor.executor.parallel:closing loop
[0.807s] DEBUG:colcon.colcon_parallel_executor.executor.parallel:loop closed
[0.807s] DEBUG:colcon.colcon_parallel_executor.executor.parallel:run_until_complete finished with '0'
[0.807s] DEBUG:colcon.colcon_core.event_reactor:joining thread
[0.811s] INFO:colcon.colcon_core.plugin_system:Skipping extension 'colcon_notification.desktop_notification.terminal_notifier': Not used on non-Darwin systems
[0.811s] INFO:colcon.colcon_core.plugin_system:Skipping extension 'colcon_notification.desktop_notification.win32': Not used on non-Windows systems
[0.811s] INFO:colcon.colcon_notification.desktop_notification:Sending desktop notification using 'notify2'
[0.821s] DEBUG:colcon.colcon_core.event_reactor:joined thread
[0.821s] INFO:colcon.colcon_core.shell:Creating prefix script '/home/rose/ros_project/ros_ws/install/local_setup.ps1'
[0.822s] INFO:colcon.colcon_core.shell:Creating prefix util module '/home/rose/ros_project/ros_ws/install/_local_setup_util_ps1.py'
[0.823s] INFO:colcon.colcon_core.shell:Creating prefix chain script '/home/rose/ros_project/ros_ws/install/setup.ps1'
[0.824s] INFO:colcon.colcon_core.shell:Creating prefix script '/home/rose/ros_project/ros_ws/install/local_setup.sh'
[0.825s] INFO:colcon.colcon_core.shell:Creating prefix util module '/home/rose/ros_project/ros_ws/install/_local_setup_util_sh.py'
[0.825s] INFO:colcon.colcon_core.shell:Creating prefix chain script '/home/rose/ros_project/ros_ws/install/setup.sh'
[0.826s] INFO:colcon.colcon_core.shell:Creating prefix script '/home/rose/ros_project/ros_ws/install/local_setup.bash'
[0.826s] INFO:colcon.colcon_core.shell:Creating prefix chain script '/home/rose/ros_project/ros_ws/install/setup.bash'
[0.826s] INFO:colcon.colcon_core.shell:Creating prefix script '/home/rose/ros_project/ros_ws/install/local_setup.zsh'
[0.827s] INFO:colcon.colcon_core.shell:Creating prefix chain script '/home/rose/ros_project/ros_ws/install/setup.zsh'
