[0.181s] Invoking command in '/home/rose/ros_project/ros_ws/build/myrobot_navigation2': CMAKE_PREFIX_PATH=${CMAKE_PREFIX_PATH}:/home/rose/ros_project/ros_ws/install/myrobot_application:/opt/ros/humble /usr/bin/cmake --build /home/rose/ros_project/ros_ws/build/myrobot_navigation2 -- -j8 -l8
[0.236s] Invoked command in '/home/rose/ros_project/ros_ws/build/myrobot_navigation2' returned '0': CMAKE_PREFIX_PATH=${CMAKE_PREFIX_PATH}:/home/rose/ros_project/ros_ws/install/myrobot_application:/opt/ros/humble /usr/bin/cmake --build /home/rose/ros_project/ros_ws/build/myrobot_navigation2 -- -j8 -l8
[0.245s] Invoking command in '/home/rose/ros_project/ros_ws/build/myrobot_navigation2': CMAKE_PREFIX_PATH=${CMAKE_PREFIX_PATH}:/home/rose/ros_project/ros_ws/install/myrobot_application:/opt/ros/humble /usr/bin/cmake --install /home/rose/ros_project/ros_ws/build/myrobot_navigation2
[0.251s] -- Install configuration: ""
[0.252s] -- Execute custom install script
[0.253s] -- Up-to-date symlink: /home/rose/ros_project/ros_ws/install/myrobot_navigation2/share/myrobot_navigation2/launch/__pycache__/navigation2.launch.cpython-310.pyc
[0.253s] -- Up-to-date symlink: /home/rose/ros_project/ros_ws/install/myrobot_navigation2/share/myrobot_navigation2/launch/navigation2.launch.py
[0.253s] -- Up-to-date symlink: /home/rose/ros_project/ros_ws/install/myrobot_navigation2/share/myrobot_navigation2/config/nav2_params.yaml
[0.253s] -- Up-to-date symlink: /home/rose/ros_project/ros_ws/install/myrobot_navigation2/share/myrobot_navigation2/maps/room.pgm
[0.253s] -- Up-to-date symlink: /home/rose/ros_project/ros_ws/install/myrobot_navigation2/share/myrobot_navigation2/maps/room.yaml
[0.253s] -- Up-to-date symlink: /home/rose/ros_project/ros_ws/install/myrobot_navigation2/share/ament_index/resource_index/package_run_dependencies/myrobot_navigation2
[0.253s] -- Up-to-date symlink: /home/rose/ros_project/ros_ws/install/myrobot_navigation2/share/ament_index/resource_index/parent_prefix_path/myrobot_navigation2
[0.254s] -- Up-to-date symlink: /home/rose/ros_project/ros_ws/install/myrobot_navigation2/share/myrobot_navigation2/environment/ament_prefix_path.sh
[0.254s] -- Up-to-date symlink: /home/rose/ros_project/ros_ws/install/myrobot_navigation2/share/myrobot_navigation2/environment/ament_prefix_path.dsv
[0.254s] -- Up-to-date symlink: /home/rose/ros_project/ros_ws/install/myrobot_navigation2/share/myrobot_navigation2/environment/path.sh
[0.254s] -- Up-to-date symlink: /home/rose/ros_project/ros_ws/install/myrobot_navigation2/share/myrobot_navigation2/environment/path.dsv
[0.254s] -- Up-to-date symlink: /home/rose/ros_project/ros_ws/install/myrobot_navigation2/share/myrobot_navigation2/local_setup.bash
[0.254s] -- Up-to-date symlink: /home/rose/ros_project/ros_ws/install/myrobot_navigation2/share/myrobot_navigation2/local_setup.sh
[0.254s] -- Up-to-date symlink: /home/rose/ros_project/ros_ws/install/myrobot_navigation2/share/myrobot_navigation2/local_setup.zsh
[0.254s] -- Up-to-date symlink: /home/rose/ros_project/ros_ws/install/myrobot_navigation2/share/myrobot_navigation2/local_setup.dsv
[0.254s] -- Symlinking: /home/rose/ros_project/ros_ws/install/myrobot_navigation2/share/myrobot_navigation2/package.dsv
[0.260s] -- Up-to-date symlink: /home/rose/ros_project/ros_ws/install/myrobot_navigation2/share/ament_index/resource_index/packages/myrobot_navigation2
[0.260s] -- Up-to-date symlink: /home/rose/ros_project/ros_ws/install/myrobot_navigation2/share/myrobot_navigation2/cmake/myrobot_navigation2Config.cmake
[0.260s] -- Up-to-date symlink: /home/rose/ros_project/ros_ws/install/myrobot_navigation2/share/myrobot_navigation2/cmake/myrobot_navigation2Config-version.cmake
[0.260s] -- Up-to-date symlink: /home/rose/ros_project/ros_ws/install/myrobot_navigation2/share/myrobot_navigation2/package.xml
[0.262s] Invoked command in '/home/rose/ros_project/ros_ws/build/myrobot_navigation2' returned '0': CMAKE_PREFIX_PATH=${CMAKE_PREFIX_PATH}:/home/rose/ros_project/ros_ws/install/myrobot_application:/opt/ros/humble /usr/bin/cmake --install /home/rose/ros_project/ros_ws/build/myrobot_navigation2
