[0.557s] Invoking command in '/home/rose/ros_project/ros_ws/src/myrobot_application': PYTHONPATH=/home/rose/ros_project/ros_ws/build/myrobot_application/prefix_override:/usr/lib/python3/dist-packages/colcon_core/task/python/colcon_distutils_commands:/home/rose/ros_project/ros_ws/install/myrobot_application/lib/python3.10/site-packages:${PYTHONPATH} /usr/bin/python3 -W ignore:setup.py install is deprecated -W ignore:easy_install command is deprecated setup.py egg_info --egg-base ../../build/myrobot_application build --build-base /home/rose/ros_project/ros_ws/build/myrobot_application/build install --record /home/rose/ros_project/ros_ws/build/myrobot_application/install.log --install-scripts $base/lib/myrobot_application --single-version-externally-managed install_data
[0.685s] running egg_info
[0.686s] writing ../../build/myrobot_application/myrobot_application.egg-info/PKG-INFO
[0.686s] writing dependency_links to ../../build/myrobot_application/myrobot_application.egg-info/dependency_links.txt
[0.687s] writing entry points to ../../build/myrobot_application/myrobot_application.egg-info/entry_points.txt
[0.687s] writing requirements to ../../build/myrobot_application/myrobot_application.egg-info/requires.txt
[0.687s] writing top-level names to ../../build/myrobot_application/myrobot_application.egg-info/top_level.txt
[0.688s] reading manifest file '../../build/myrobot_application/myrobot_application.egg-info/SOURCES.txt'
[0.689s] adding license file 'LICENSE'
[0.689s] writing manifest file '../../build/myrobot_application/myrobot_application.egg-info/SOURCES.txt'
[0.689s] running build
[0.689s] running build_py
[0.689s] copying myrobot_application/waypoint_follower.py -> /home/rose/ros_project/ros_ws/build/myrobot_application/build/lib/myrobot_application
[0.690s] running install
[0.690s] running install_lib
[0.690s] copying /home/rose/ros_project/ros_ws/build/myrobot_application/build/lib/myrobot_application/waypoint_follower.py -> /home/rose/ros_project/ros_ws/install/myrobot_application/lib/python3.10/site-packages/myrobot_application
[0.691s] byte-compiling /home/rose/ros_project/ros_ws/install/myrobot_application/lib/python3.10/site-packages/myrobot_application/waypoint_follower.py to waypoint_follower.cpython-310.pyc
[0.691s] running install_data
[0.691s] running install_egg_info
[0.692s] removing '/home/rose/ros_project/ros_ws/install/myrobot_application/lib/python3.10/site-packages/myrobot_application-0.0.0-py3.10.egg-info' (and everything under it)
[0.692s] Copying ../../build/myrobot_application/myrobot_application.egg-info to /home/rose/ros_project/ros_ws/install/myrobot_application/lib/python3.10/site-packages/myrobot_application-0.0.0-py3.10.egg-info
[0.693s] running install_scripts
[0.706s] Installing get_robot_pose script to /home/rose/ros_project/ros_ws/install/myrobot_application/lib/myrobot_application
[0.706s] Installing init_robot_pose script to /home/rose/ros_project/ros_ws/install/myrobot_application/lib/myrobot_application
[0.706s] Installing nav_to_pose script to /home/rose/ros_project/ros_ws/install/myrobot_application/lib/myrobot_application
[0.706s] Installing waypoint_follower script to /home/rose/ros_project/ros_ws/install/myrobot_application/lib/myrobot_application
[0.707s] writing list of installed files to '/home/rose/ros_project/ros_ws/build/myrobot_application/install.log'
[0.721s] Invoked command in '/home/rose/ros_project/ros_ws/src/myrobot_application' returned '0': PYTHONPATH=/home/rose/ros_project/ros_ws/build/myrobot_application/prefix_override:/usr/lib/python3/dist-packages/colcon_core/task/python/colcon_distutils_commands:/home/rose/ros_project/ros_ws/install/myrobot_application/lib/python3.10/site-packages:${PYTHONPATH} /usr/bin/python3 -W ignore:setup.py install is deprecated -W ignore:easy_install command is deprecated setup.py egg_info --egg-base ../../build/myrobot_application build --build-base /home/rose/ros_project/ros_ws/build/myrobot_application/build install --record /home/rose/ros_project/ros_ws/build/myrobot_application/install.log --install-scripts $base/lib/myrobot_application --single-version-externally-managed install_data
