running egg_info
creating ../../build/myrobot_application/myrobot_application.egg-info
writing ../../build/myrobot_application/myrobot_application.egg-info/PKG-INFO
writing dependency_links to ../../build/myrobot_application/myrobot_application.egg-info/dependency_links.txt
writing entry points to ../../build/myrobot_application/myrobot_application.egg-info/entry_points.txt
writing requirements to ../../build/myrobot_application/myrobot_application.egg-info/requires.txt
writing top-level names to ../../build/myrobot_application/myrobot_application.egg-info/top_level.txt
writing manifest file '../../build/myrobot_application/myrobot_application.egg-info/SOURCES.txt'
reading manifest file '../../build/myrobot_application/myrobot_application.egg-info/SOURCES.txt'
adding license file 'LICENSE'
writing manifest file '../../build/myrobot_application/myrobot_application.egg-info/SOURCES.txt'
running build
running build_py
creating /home/rose/ros_project/ros_ws/build/myrobot_application/build
creating /home/rose/ros_project/ros_ws/build/myrobot_application/build/lib
creating /home/rose/ros_project/ros_ws/build/myrobot_application/build/lib/myrobot_application
copying myrobot_application/__init__.py -> /home/rose/ros_project/ros_ws/build/myrobot_application/build/lib/myrobot_application
copying myrobot_application/init_robot_pose.py -> /home/rose/ros_project/ros_ws/build/myrobot_application/build/lib/myrobot_application
running install
running install_lib
creating /home/rose/ros_project/ros_ws/install/myrobot_application/lib/python3.10/site-packages/myrobot_application
copying /home/rose/ros_project/ros_ws/build/myrobot_application/build/lib/myrobot_application/__init__.py -> /home/rose/ros_project/ros_ws/install/myrobot_application/lib/python3.10/site-packages/myrobot_application
copying /home/rose/ros_project/ros_ws/build/myrobot_application/build/lib/myrobot_application/init_robot_pose.py -> /home/rose/ros_project/ros_ws/install/myrobot_application/lib/python3.10/site-packages/myrobot_application
byte-compiling /home/rose/ros_project/ros_ws/install/myrobot_application/lib/python3.10/site-packages/myrobot_application/__init__.py to __init__.cpython-310.pyc
byte-compiling /home/rose/ros_project/ros_ws/install/myrobot_application/lib/python3.10/site-packages/myrobot_application/init_robot_pose.py to init_robot_pose.cpython-310.pyc
running install_data
creating /home/rose/ros_project/ros_ws/install/myrobot_application/share/ament_index
creating /home/rose/ros_project/ros_ws/install/myrobot_application/share/ament_index/resource_index
creating /home/rose/ros_project/ros_ws/install/myrobot_application/share/ament_index/resource_index/packages
copying resource/myrobot_application -> /home/rose/ros_project/ros_ws/install/myrobot_application/share/ament_index/resource_index/packages
copying package.xml -> /home/rose/ros_project/ros_ws/install/myrobot_application/share/myrobot_application
running install_egg_info
Copying ../../build/myrobot_application/myrobot_application.egg-info to /home/rose/ros_project/ros_ws/install/myrobot_application/lib/python3.10/site-packages/myrobot_application-0.0.0-py3.10.egg-info
running install_scripts
Installing init_robot_pose script to /home/rose/ros_project/ros_ws/install/myrobot_application/lib/myrobot_application
writing list of installed files to '/home/rose/ros_project/ros_ws/build/myrobot_application/install.log'
