[0.490s] Invoking command in '/home/rose/ros_project/ros_ws/src/myrobot_application': PYTHONPATH=/home/rose/ros_project/ros_ws/build/myrobot_application/prefix_override:/usr/lib/python3/dist-packages/colcon_core/task/python/colcon_distutils_commands:/home/rose/ros_project/ros_ws/install/myrobot_application/lib/python3.10/site-packages:${PYTHONPATH} /usr/bin/python3 -W ignore:setup.py install is deprecated -W ignore:easy_install command is deprecated setup.py egg_info --egg-base ../../build/myrobot_application build --build-base /home/rose/ros_project/ros_ws/build/myrobot_application/build install --record /home/rose/ros_project/ros_ws/build/myrobot_application/install.log --install-scripts $base/lib/myrobot_application --single-version-externally-managed install_data
[0.617s] running egg_info
[0.617s] creating ../../build/myrobot_application/myrobot_application.egg-info
[0.617s] writing ../../build/myrobot_application/myrobot_application.egg-info/PKG-INFO
[0.619s] writing dependency_links to ../../build/myrobot_application/myrobot_application.egg-info/dependency_links.txt
[0.619s] writing entry points to ../../build/myrobot_application/myrobot_application.egg-info/entry_points.txt
[0.619s] writing requirements to ../../build/myrobot_application/myrobot_application.egg-info/requires.txt
[0.619s] writing top-level names to ../../build/myrobot_application/myrobot_application.egg-info/top_level.txt
[0.619s] writing manifest file '../../build/myrobot_application/myrobot_application.egg-info/SOURCES.txt'
[0.620s] reading manifest file '../../build/myrobot_application/myrobot_application.egg-info/SOURCES.txt'
[0.621s] adding license file 'LICENSE'
[0.621s] writing manifest file '../../build/myrobot_application/myrobot_application.egg-info/SOURCES.txt'
[0.621s] running build
[0.621s] running build_py
[0.621s] creating /home/rose/ros_project/ros_ws/build/myrobot_application/build
[0.621s] creating /home/rose/ros_project/ros_ws/build/myrobot_application/build/lib
[0.621s] creating /home/rose/ros_project/ros_ws/build/myrobot_application/build/lib/myrobot_application
[0.621s] copying myrobot_application/__init__.py -> /home/rose/ros_project/ros_ws/build/myrobot_application/build/lib/myrobot_application
[0.621s] copying myrobot_application/init_robot_pose.py -> /home/rose/ros_project/ros_ws/build/myrobot_application/build/lib/myrobot_application
[0.621s] running install
[0.621s] running install_lib
[0.624s] creating /home/rose/ros_project/ros_ws/install/myrobot_application/lib/python3.10/site-packages/myrobot_application
[0.624s] copying /home/rose/ros_project/ros_ws/build/myrobot_application/build/lib/myrobot_application/__init__.py -> /home/rose/ros_project/ros_ws/install/myrobot_application/lib/python3.10/site-packages/myrobot_application
[0.624s] copying /home/rose/ros_project/ros_ws/build/myrobot_application/build/lib/myrobot_application/init_robot_pose.py -> /home/rose/ros_project/ros_ws/install/myrobot_application/lib/python3.10/site-packages/myrobot_application
[0.624s] byte-compiling /home/rose/ros_project/ros_ws/install/myrobot_application/lib/python3.10/site-packages/myrobot_application/__init__.py to __init__.cpython-310.pyc
[0.624s] byte-compiling /home/rose/ros_project/ros_ws/install/myrobot_application/lib/python3.10/site-packages/myrobot_application/init_robot_pose.py to init_robot_pose.cpython-310.pyc
[0.624s] running install_data
[0.624s] creating /home/rose/ros_project/ros_ws/install/myrobot_application/share/ament_index
[0.624s] creating /home/rose/ros_project/ros_ws/install/myrobot_application/share/ament_index/resource_index
[0.624s] creating /home/rose/ros_project/ros_ws/install/myrobot_application/share/ament_index/resource_index/packages
[0.624s] copying resource/myrobot_application -> /home/rose/ros_project/ros_ws/install/myrobot_application/share/ament_index/resource_index/packages
[0.624s] copying package.xml -> /home/rose/ros_project/ros_ws/install/myrobot_application/share/myrobot_application
[0.624s] running install_egg_info
[0.624s] Copying ../../build/myrobot_application/myrobot_application.egg-info to /home/rose/ros_project/ros_ws/install/myrobot_application/lib/python3.10/site-packages/myrobot_application-0.0.0-py3.10.egg-info
[0.624s] running install_scripts
[0.637s] Installing init_robot_pose script to /home/rose/ros_project/ros_ws/install/myrobot_application/lib/myrobot_application
[0.637s] writing list of installed files to '/home/rose/ros_project/ros_ws/build/myrobot_application/install.log'
[0.650s] Invoked command in '/home/rose/ros_project/ros_ws/src/myrobot_application' returned '0': PYTHONPATH=/home/rose/ros_project/ros_ws/build/myrobot_application/prefix_override:/usr/lib/python3/dist-packages/colcon_core/task/python/colcon_distutils_commands:/home/rose/ros_project/ros_ws/install/myrobot_application/lib/python3.10/site-packages:${PYTHONPATH} /usr/bin/python3 -W ignore:setup.py install is deprecated -W ignore:easy_install command is deprecated setup.py egg_info --egg-base ../../build/myrobot_application build --build-base /home/rose/ros_project/ros_ws/build/myrobot_application/build install --record /home/rose/ros_project/ros_ws/build/myrobot_application/install.log --install-scripts $base/lib/myrobot_application --single-version-externally-managed install_data
