[0.162s] Invoking command in '/home/rose/ros_project/ros_ws/build/nav2_custom_controller': CMAKE_PREFIX_PATH=/opt/ros/humble /usr/bin/cmake --build /home/rose/ros_project/ros_ws/build/nav2_custom_controller -- -j8 -l8
[0.220s] [100%] Built target nav2_custom_controller_plugin
[0.245s] Invoked command in '/home/rose/ros_project/ros_ws/build/nav2_custom_controller' returned '0': CMAKE_PREFIX_PATH=/opt/ros/humble /usr/bin/cmake --build /home/rose/ros_project/ros_ws/build/nav2_custom_controller -- -j8 -l8
[0.246s] Invoking command in '/home/rose/ros_project/ros_ws/build/nav2_custom_controller': CMAKE_PREFIX_PATH=/opt/ros/humble /usr/bin/cmake --install /home/rose/ros_project/ros_ws/build/nav2_custom_controller
[0.252s] -- Install configuration: ""
[0.253s] -- Up-to-date: /home/rose/ros_project/ros_ws/install/nav2_custom_controller/lib/libnav2_custom_controller_plugin.so
[0.253s] -- Up-to-date: /home/rose/ros_project/ros_ws/install/nav2_custom_controller/include/
[0.253s] -- Up-to-date: /home/rose/ros_project/ros_ws/install/nav2_custom_controller/include//nav2_custom_controller
[0.253s] -- Up-to-date: /home/rose/ros_project/ros_ws/install/nav2_custom_controller/include//nav2_custom_controller/custom_controller.hpp
[0.253s] -- Up-to-date: /home/rose/ros_project/ros_ws/install/nav2_custom_controller/share/nav2_custom_controller/nav2_custom_controller.xml
[0.253s] -- Up-to-date: /home/rose/ros_project/ros_ws/install/nav2_custom_controller/share/ament_index/resource_index/package_run_dependencies/nav2_custom_controller
[0.253s] -- Up-to-date: /home/rose/ros_project/ros_ws/install/nav2_custom_controller/share/ament_index/resource_index/parent_prefix_path/nav2_custom_controller
[0.253s] -- Up-to-date: /home/rose/ros_project/ros_ws/install/nav2_custom_controller/share/nav2_custom_controller/environment/ament_prefix_path.sh
[0.254s] -- Up-to-date: /home/rose/ros_project/ros_ws/install/nav2_custom_controller/share/nav2_custom_controller/environment/ament_prefix_path.dsv
[0.254s] -- Up-to-date: /home/rose/ros_project/ros_ws/install/nav2_custom_controller/share/nav2_custom_controller/environment/path.sh
[0.254s] -- Up-to-date: /home/rose/ros_project/ros_ws/install/nav2_custom_controller/share/nav2_custom_controller/environment/path.dsv
[0.254s] -- Up-to-date: /home/rose/ros_project/ros_ws/install/nav2_custom_controller/share/nav2_custom_controller/local_setup.bash
[0.254s] -- Up-to-date: /home/rose/ros_project/ros_ws/install/nav2_custom_controller/share/nav2_custom_controller/local_setup.sh
[0.254s] -- Up-to-date: /home/rose/ros_project/ros_ws/install/nav2_custom_controller/share/nav2_custom_controller/local_setup.zsh
[0.254s] -- Up-to-date: /home/rose/ros_project/ros_ws/install/nav2_custom_controller/share/nav2_custom_controller/local_setup.dsv
[0.254s] -- Installing: /home/rose/ros_project/ros_ws/install/nav2_custom_controller/share/nav2_custom_controller/package.dsv
[0.254s] -- Up-to-date: /home/rose/ros_project/ros_ws/install/nav2_custom_controller/share/ament_index/resource_index/packages/nav2_custom_controller
[0.254s] -- Up-to-date: /home/rose/ros_project/ros_ws/install/nav2_custom_controller/share/ament_index/resource_index/nav2_core__pluginlib__plugin/nav2_custom_controller
[0.254s] -- Up-to-date: /home/rose/ros_project/ros_ws/install/nav2_custom_controller/share/nav2_custom_controller/cmake/nav2_custom_controllerConfig.cmake
[0.254s] -- Up-to-date: /home/rose/ros_project/ros_ws/install/nav2_custom_controller/share/nav2_custom_controller/cmake/nav2_custom_controllerConfig-version.cmake
[0.254s] -- Up-to-date: /home/rose/ros_project/ros_ws/install/nav2_custom_controller/share/nav2_custom_controller/package.xml
[0.255s] Invoked command in '/home/rose/ros_project/ros_ws/build/nav2_custom_controller' returned '0': CMAKE_PREFIX_PATH=/opt/ros/humble /usr/bin/cmake --install /home/rose/ros_project/ros_ws/build/nav2_custom_controller
