[0.158s] Invoking command in '/home/rose/ros_project/ros_ws/build/nav2_custom_planner': CMAKE_PREFIX_PATH=/opt/ros/humble /usr/bin/cmake --build /home/rose/ros_project/ros_ws/build/nav2_custom_planner -- -j8 -l8
[0.187s] Invoked command in '/home/rose/ros_project/ros_ws/build/nav2_custom_planner' returned '0': CMAKE_PREFIX_PATH=/opt/ros/humble /usr/bin/cmake --build /home/rose/ros_project/ros_ws/build/nav2_custom_planner -- -j8 -l8
[0.189s] Invoking command in '/home/rose/ros_project/ros_ws/build/nav2_custom_planner': CMAKE_PREFIX_PATH=/opt/ros/humble /usr/bin/cmake --install /home/rose/ros_project/ros_ws/build/nav2_custom_planner
[0.195s] -- Install configuration: ""
[0.195s] -- Up-to-date: /home/rose/ros_project/ros_ws/install/nav2_custom_planner/share/ament_index/resource_index/package_run_dependencies/nav2_custom_planner
[0.195s] -- Up-to-date: /home/rose/ros_project/ros_ws/install/nav2_custom_planner/share/ament_index/resource_index/parent_prefix_path/nav2_custom_planner
[0.195s] -- Up-to-date: /home/rose/ros_project/ros_ws/install/nav2_custom_planner/share/nav2_custom_planner/environment/ament_prefix_path.sh
[0.195s] -- Up-to-date: /home/rose/ros_project/ros_ws/install/nav2_custom_planner/share/nav2_custom_planner/environment/ament_prefix_path.dsv
[0.195s] -- Up-to-date: /home/rose/ros_project/ros_ws/install/nav2_custom_planner/share/nav2_custom_planner/environment/path.sh
[0.195s] -- Up-to-date: /home/rose/ros_project/ros_ws/install/nav2_custom_planner/share/nav2_custom_planner/environment/path.dsv
[0.195s] -- Up-to-date: /home/rose/ros_project/ros_ws/install/nav2_custom_planner/share/nav2_custom_planner/local_setup.bash
[0.195s] -- Up-to-date: /home/rose/ros_project/ros_ws/install/nav2_custom_planner/share/nav2_custom_planner/local_setup.sh
[0.195s] -- Up-to-date: /home/rose/ros_project/ros_ws/install/nav2_custom_planner/share/nav2_custom_planner/local_setup.zsh
[0.195s] -- Up-to-date: /home/rose/ros_project/ros_ws/install/nav2_custom_planner/share/nav2_custom_planner/local_setup.dsv
[0.195s] -- Up-to-date: /home/rose/ros_project/ros_ws/install/nav2_custom_planner/share/nav2_custom_planner/package.dsv
[0.195s] -- Up-to-date: /home/rose/ros_project/ros_ws/install/nav2_custom_planner/share/ament_index/resource_index/packages/nav2_custom_planner
[0.195s] -- Up-to-date: /home/rose/ros_project/ros_ws/install/nav2_custom_planner/share/nav2_custom_planner/cmake/nav2_custom_plannerConfig.cmake
[0.195s] -- Up-to-date: /home/rose/ros_project/ros_ws/install/nav2_custom_planner/share/nav2_custom_planner/cmake/nav2_custom_plannerConfig-version.cmake
[0.195s] -- Up-to-date: /home/rose/ros_project/ros_ws/install/nav2_custom_planner/share/nav2_custom_planner/package.xml
[0.201s] Invoked command in '/home/rose/ros_project/ros_ws/build/nav2_custom_planner' returned '0': CMAKE_PREFIX_PATH=/opt/ros/humble /usr/bin/cmake --install /home/rose/ros_project/ros_ws/build/nav2_custom_planner
