/home/rose/ros_project/ros_ws/install/myrobot_application/lib/python3.10/site-packages/myrobot_application/__init__.py
/home/rose/ros_project/ros_ws/install/myrobot_application/lib/python3.10/site-packages/myrobot_application/nav_to_pose.py
/home/rose/ros_project/ros_ws/install/myrobot_application/lib/python3.10/site-packages/myrobot_application/waypoint_follower.py
/home/rose/ros_project/ros_ws/install/myrobot_application/lib/python3.10/site-packages/myrobot_application/get_robot_pose.py
/home/rose/ros_project/ros_ws/install/myrobot_application/lib/python3.10/site-packages/myrobot_application/init_robot_pose.py
/home/rose/ros_project/ros_ws/install/myrobot_application/lib/python3.10/site-packages/myrobot_application/__pycache__/__init__.cpython-310.pyc
/home/rose/ros_project/ros_ws/install/myrobot_application/lib/python3.10/site-packages/myrobot_application/__pycache__/nav_to_pose.cpython-310.pyc
/home/rose/ros_project/ros_ws/install/myrobot_application/lib/python3.10/site-packages/myrobot_application/__pycache__/waypoint_follower.cpython-310.pyc
/home/rose/ros_project/ros_ws/install/myrobot_application/lib/python3.10/site-packages/myrobot_application/__pycache__/get_robot_pose.cpython-310.pyc
/home/rose/ros_project/ros_ws/install/myrobot_application/lib/python3.10/site-packages/myrobot_application/__pycache__/init_robot_pose.cpython-310.pyc
/home/rose/ros_project/ros_ws/install/myrobot_application/share/ament_index/resource_index/packages/myrobot_application
/home/rose/ros_project/ros_ws/install/myrobot_application/share/myrobot_application/package.xml
/home/rose/ros_project/ros_ws/install/myrobot_application/lib/python3.10/site-packages/myrobot_application-0.0.0-py3.10.egg-info/requires.txt
/home/rose/ros_project/ros_ws/install/myrobot_application/lib/python3.10/site-packages/myrobot_application-0.0.0-py3.10.egg-info/SOURCES.txt
/home/rose/ros_project/ros_ws/install/myrobot_application/lib/python3.10/site-packages/myrobot_application-0.0.0-py3.10.egg-info/entry_points.txt
/home/rose/ros_project/ros_ws/install/myrobot_application/lib/python3.10/site-packages/myrobot_application-0.0.0-py3.10.egg-info/top_level.txt
/home/rose/ros_project/ros_ws/install/myrobot_application/lib/python3.10/site-packages/myrobot_application-0.0.0-py3.10.egg-info/dependency_links.txt
/home/rose/ros_project/ros_ws/install/myrobot_application/lib/python3.10/site-packages/myrobot_application-0.0.0-py3.10.egg-info/PKG-INFO
/home/rose/ros_project/ros_ws/install/myrobot_application/lib/python3.10/site-packages/myrobot_application-0.0.0-py3.10.egg-info/zip-safe
/home/rose/ros_project/ros_ws/install/myrobot_application/lib/myrobot_application/get_robot_pose
/home/rose/ros_project/ros_ws/install/myrobot_application/lib/myrobot_application/init_robot_pose
/home/rose/ros_project/ros_ws/install/myrobot_application/lib/myrobot_application/nav_to_pose
/home/rose/ros_project/ros_ws/install/myrobot_application/lib/myrobot_application/waypoint_follower
