[0.159s] Invoking command in '/home/rose/ros_project/ros_ws/build/nav2_custom_planner': CMAKE_PREFIX_PATH=/opt/ros/humble /usr/bin/cmake /home/rose/ros_project/ros_ws/src/nav2_custom_planner -DCMAKE_INSTALL_PREFIX=/home/rose/ros_project/ros_ws/install/nav2_custom_planner
[0.198s] -- The C compiler identification is GNU 11.4.0
[0.244s] -- The CXX compiler identification is GNU 11.4.0
[0.249s] -- Detecting C compiler ABI info
[0.305s] -- Detecting C compiler ABI info - done
[0.309s] -- Check for working C compiler: /usr/bin/cc - skipped
[0.309s] -- Detecting C compile features
[0.310s] -- Detecting C compile features - done
[0.311s] -- Detecting CXX compiler ABI info
[0.369s] -- Detecting CXX compiler ABI info - done
[0.373s] -- Check for working CXX compiler: /usr/bin/c++ - skipped
[0.373s] -- Detecting CXX compile features
[0.375s] -- Detecting CXX compile features - done
[0.376s] -- Found ament_cmake: 1.3.14 (/opt/ros/humble/share/ament_cmake/cmake)
[0.470s] -- Found Python3: /usr/bin/python3 (found version "3.10.12") found components: Interpreter 
[0.523s] -- Found pluginlib: 5.1.4 (/opt/ros/humble/share/pluginlib/cmake)
[0.553s] -- Found nav2_core: 1.1.20 (/opt/ros/humble/share/nav2_core/cmake)
[0.571s] -- Found rosidl_generator_c: 3.1.9 (/opt/ros/humble/share/rosidl_generator_c/cmake)
[0.574s] -- Found rosidl_adapter: 3.1.9 (/opt/ros/humble/share/rosidl_adapter/cmake)
[0.579s] -- Found rosidl_generator_cpp: 3.1.9 (/opt/ros/humble/share/rosidl_generator_cpp/cmake)
[0.585s] -- Using all available rosidl_typesupport_c: rosidl_typesupport_fastrtps_c;rosidl_typesupport_introspection_c
[0.593s] -- Using all available rosidl_typesupport_cpp: rosidl_typesupport_fastrtps_cpp;rosidl_typesupport_introspection_cpp
[0.617s] -- Found rmw_implementation_cmake: 6.1.2 (/opt/ros/humble/share/rmw_implementation_cmake/cmake)
[0.618s] -- Found rmw_fastrtps_cpp: 6.2.10 (/opt/ros/humble/share/rmw_fastrtps_cpp/cmake)
[0.632s] -- Found TinyXML2 via Config file: TinyXML2_DIR-NOTFOUND
[0.671s] -- Found OpenSSL: /usr/lib/x86_64-linux-gnu/libcrypto.so (found version "3.0.2")  
[0.673s] -- Found TinyXML2 via Config file: TinyXML2_DIR-NOTFOUND
[0.682s] -- Found FastRTPS: /opt/ros/humble/include  
[0.684s] -- Found TinyXML2 via Config file: TinyXML2_DIR-NOTFOUND
[0.690s] -- Found TinyXML2 via Config file: TinyXML2_DIR-NOTFOUND
[0.697s] -- Using RMW implementation 'rmw_fastrtps_cpp' as default
[0.703s] -- Looking for pthread.h
[0.758s] -- Looking for pthread.h - found
[0.758s] -- Performing Test CMAKE_HAVE_LIBC_PTHREAD
[0.809s] -- Performing Test CMAKE_HAVE_LIBC_PTHREAD - Success
[0.810s] -- Found Threads: TRUE  
[0.979s] -- Found Eigen3: TRUE (found version "3.4.0") 
[0.979s] -- Ensuring Eigen3 include directory is part of orocos-kdl CMake target
[1.032s] -- Found ament_lint_auto: 0.12.15 (/opt/ros/humble/share/ament_lint_auto/cmake)
[1.077s] -- Added test 'cppcheck' to perform static code analysis on C / C++ code
[1.077s] -- Configured cppcheck include dirs: 
[1.077s] -- Configured cppcheck exclude dirs and/or files: 
[1.077s] -- Added test 'lint_cmake' to check CMake code style
[1.078s] -- Added test 'uncrustify' to check C / C++ code style
[1.078s] -- Configured uncrustify additional arguments: 
[1.078s] -- Added test 'xmllint' to check XML markup files
[1.079s] -- Configuring done
[1.082s] -- Generating done
[1.084s] -- Build files have been written to: /home/rose/ros_project/ros_ws/build/nav2_custom_planner
[1.092s] Invoked command in '/home/rose/ros_project/ros_ws/build/nav2_custom_planner' returned '0': CMAKE_PREFIX_PATH=/opt/ros/humble /usr/bin/cmake /home/rose/ros_project/ros_ws/src/nav2_custom_planner -DCMAKE_INSTALL_PREFIX=/home/rose/ros_project/ros_ws/install/nav2_custom_planner
[1.093s] Invoking command in '/home/rose/ros_project/ros_ws/build/nav2_custom_planner': CMAKE_PREFIX_PATH=/opt/ros/humble /usr/bin/cmake --build /home/rose/ros_project/ros_ws/build/nav2_custom_planner -- -j8 -l8
[1.123s] Invoked command in '/home/rose/ros_project/ros_ws/build/nav2_custom_planner' returned '0': CMAKE_PREFIX_PATH=/opt/ros/humble /usr/bin/cmake --build /home/rose/ros_project/ros_ws/build/nav2_custom_planner -- -j8 -l8
[1.125s] Invoking command in '/home/rose/ros_project/ros_ws/build/nav2_custom_planner': CMAKE_PREFIX_PATH=/opt/ros/humble /usr/bin/cmake --install /home/rose/ros_project/ros_ws/build/nav2_custom_planner
[1.130s] -- Install configuration: ""
[1.130s] -- Installing: /home/rose/ros_project/ros_ws/install/nav2_custom_planner/share/ament_index/resource_index/package_run_dependencies/nav2_custom_planner
[1.130s] -- Installing: /home/rose/ros_project/ros_ws/install/nav2_custom_planner/share/ament_index/resource_index/parent_prefix_path/nav2_custom_planner
[1.131s] -- Installing: /home/rose/ros_project/ros_ws/install/nav2_custom_planner/share/nav2_custom_planner/environment/ament_prefix_path.sh
[1.131s] -- Installing: /home/rose/ros_project/ros_ws/install/nav2_custom_planner/share/nav2_custom_planner/environment/ament_prefix_path.dsv
[1.131s] -- Installing: /home/rose/ros_project/ros_ws/install/nav2_custom_planner/share/nav2_custom_planner/environment/path.sh
[1.131s] -- Installing: /home/rose/ros_project/ros_ws/install/nav2_custom_planner/share/nav2_custom_planner/environment/path.dsv
[1.131s] -- Installing: /home/rose/ros_project/ros_ws/install/nav2_custom_planner/share/nav2_custom_planner/local_setup.bash
[1.131s] -- Installing: /home/rose/ros_project/ros_ws/install/nav2_custom_planner/share/nav2_custom_planner/local_setup.sh
[1.131s] -- Installing: /home/rose/ros_project/ros_ws/install/nav2_custom_planner/share/nav2_custom_planner/local_setup.zsh
[1.131s] -- Installing: /home/rose/ros_project/ros_ws/install/nav2_custom_planner/share/nav2_custom_planner/local_setup.dsv
[1.131s] -- Installing: /home/rose/ros_project/ros_ws/install/nav2_custom_planner/share/nav2_custom_planner/package.dsv
[1.131s] -- Installing: /home/rose/ros_project/ros_ws/install/nav2_custom_planner/share/ament_index/resource_index/packages/nav2_custom_planner
[1.131s] -- Installing: /home/rose/ros_project/ros_ws/install/nav2_custom_planner/share/nav2_custom_planner/cmake/nav2_custom_plannerConfig.cmake
[1.132s] -- Installing: /home/rose/ros_project/ros_ws/install/nav2_custom_planner/share/nav2_custom_planner/cmake/nav2_custom_plannerConfig-version.cmake
[1.132s] -- Installing: /home/rose/ros_project/ros_ws/install/nav2_custom_planner/share/nav2_custom_planner/package.xml
[1.134s] Invoked command in '/home/rose/ros_project/ros_ws/build/nav2_custom_planner' returned '0': CMAKE_PREFIX_PATH=/opt/ros/humble /usr/bin/cmake --install /home/rose/ros_project/ros_ws/build/nav2_custom_planner
