[0.165s] Invoking command in '/home/rose/ros_project/ros_ws/build/nav2_custom_controller': CMAKE_PREFIX_PATH=/opt/ros/humble /usr/bin/cmake /home/rose/ros_project/ros_ws/src/nav2_custom_controller -DCMAKE_INSTALL_PREFIX=/home/rose/ros_project/ros_ws/install/nav2_custom_controller
[0.319s] -- The C compiler identification is GNU 11.4.0
[0.400s] -- The CXX compiler identification is GNU 11.4.0
[0.411s] -- Detecting C compiler ABI info
[0.469s] -- Detecting C compiler ABI info - done
[0.471s] -- Check for working C compiler: /usr/bin/cc - skipped
[0.473s] -- Detecting C compile features
[0.474s] -- Detecting C compile features - done
[0.477s] -- Detecting CXX compiler ABI info
[0.540s] -- Detecting CXX compiler ABI info - done
[0.543s] -- Check for working CXX compiler: /usr/bin/c++ - skipped
[0.543s] -- Detecting CXX compile features
[0.544s] -- Detecting CXX compile features - done
[0.549s] -- Found ament_cmake: 1.3.14 (/opt/ros/humble/share/ament_cmake/cmake)
[0.643s] -- Found Python3: /usr/bin/python3 (found version "3.10.12") found components: Interpreter 
[0.727s] -- Found rclcpp: 16.0.19 (/opt/ros/humble/share/rclcpp/cmake)
[0.795s] -- Found rosidl_generator_c: 3.1.9 (/opt/ros/humble/share/rosidl_generator_c/cmake)
[0.800s] -- Found rosidl_adapter: 3.1.9 (/opt/ros/humble/share/rosidl_adapter/cmake)
[0.811s] -- Found rosidl_generator_cpp: 3.1.9 (/opt/ros/humble/share/rosidl_generator_cpp/cmake)
[0.828s] -- Using all available rosidl_typesupport_c: rosidl_typesupport_fastrtps_c;rosidl_typesupport_introspection_c
[0.845s] -- Using all available rosidl_typesupport_cpp: rosidl_typesupport_fastrtps_cpp;rosidl_typesupport_introspection_cpp
[0.899s] -- Found rmw_implementation_cmake: 6.1.2 (/opt/ros/humble/share/rmw_implementation_cmake/cmake)
[0.903s] -- Found rmw_fastrtps_cpp: 6.2.10 (/opt/ros/humble/share/rmw_fastrtps_cpp/cmake)
[0.987s] -- Found OpenSSL: /usr/lib/x86_64-linux-gnu/libcrypto.so (found version "3.0.2")  
[1.006s] -- Found FastRTPS: /opt/ros/humble/include  
[1.032s] -- Using RMW implementation 'rmw_fastrtps_cpp' as default
[1.045s] -- Looking for pthread.h
[1.097s] -- Looking for pthread.h - found
[1.098s] -- Performing Test CMAKE_HAVE_LIBC_PTHREAD
[1.151s] -- Performing Test CMAKE_HAVE_LIBC_PTHREAD - Success
[1.151s] -- Found Threads: TRUE  
[1.202s] -- Found nav2_core: 1.1.20 (/opt/ros/humble/share/nav2_core/cmake)
[1.454s] -- Found Eigen3: TRUE (found version "3.4.0") 
[1.454s] -- Ensuring Eigen3 include directory is part of orocos-kdl CMake target
[1.552s] -- Found ament_lint_auto: 0.12.15 (/opt/ros/humble/share/ament_lint_auto/cmake)
[1.625s] -- Added test 'cppcheck' to perform static code analysis on C / C++ code
[1.625s] -- Configured cppcheck include dirs: /home/rose/ros_project/ros_ws/src/nav2_custom_controller/include
[1.625s] -- Configured cppcheck exclude dirs and/or files: 
[1.626s] -- Added test 'lint_cmake' to check CMake code style
[1.628s] -- Added test 'uncrustify' to check C / C++ code style
[1.628s] -- Configured uncrustify additional arguments: 
[1.628s] -- Added test 'xmllint' to check XML markup files
[1.629s] -- Configuring done
[1.759s] -- Generating done
[1.761s] -- Build files have been written to: /home/rose/ros_project/ros_ws/build/nav2_custom_controller
[1.769s] Invoked command in '/home/rose/ros_project/ros_ws/build/nav2_custom_controller' returned '0': CMAKE_PREFIX_PATH=/opt/ros/humble /usr/bin/cmake /home/rose/ros_project/ros_ws/src/nav2_custom_controller -DCMAKE_INSTALL_PREFIX=/home/rose/ros_project/ros_ws/install/nav2_custom_controller
[1.771s] Invoking command in '/home/rose/ros_project/ros_ws/build/nav2_custom_controller': CMAKE_PREFIX_PATH=/opt/ros/humble /usr/bin/cmake --build /home/rose/ros_project/ros_ws/build/nav2_custom_controller -- -j8 -l8
[1.813s] [ 50%] [32mBuilding CXX object CMakeFiles/nav2_custom_controller_plugin.dir/src/custom_controller.cpp.o[0m
[4.898s] [100%] [32m[1mLinking CXX shared library libnav2_custom_controller_plugin.so[0m
[5.165s] [100%] Built target nav2_custom_controller_plugin
[5.174s] Invoked command in '/home/rose/ros_project/ros_ws/build/nav2_custom_controller' returned '0': CMAKE_PREFIX_PATH=/opt/ros/humble /usr/bin/cmake --build /home/rose/ros_project/ros_ws/build/nav2_custom_controller -- -j8 -l8
[5.174s] Invoking command in '/home/rose/ros_project/ros_ws/build/nav2_custom_controller': CMAKE_PREFIX_PATH=/opt/ros/humble /usr/bin/cmake --install /home/rose/ros_project/ros_ws/build/nav2_custom_controller
[5.179s] -- Install configuration: ""
[5.179s] -- Installing: /home/rose/ros_project/ros_ws/install/nav2_custom_controller/lib/libnav2_custom_controller_plugin.so
[5.180s] -- Set runtime path of "/home/rose/ros_project/ros_ws/install/nav2_custom_controller/lib/libnav2_custom_controller_plugin.so" to ""
[5.180s] -- Installing: /home/rose/ros_project/ros_ws/install/nav2_custom_controller/include/
[5.180s] -- Installing: /home/rose/ros_project/ros_ws/install/nav2_custom_controller/include//nav2_custom_controller
[5.180s] -- Installing: /home/rose/ros_project/ros_ws/install/nav2_custom_controller/include//nav2_custom_controller/custom_controller.hpp
[5.180s] -- Installing: /home/rose/ros_project/ros_ws/install/nav2_custom_controller/share/nav2_custom_controller/nav2_custom_controller.xml
[5.181s] -- Installing: /home/rose/ros_project/ros_ws/install/nav2_custom_controller/share/ament_index/resource_index/package_run_dependencies/nav2_custom_controller
[5.181s] -- Installing: /home/rose/ros_project/ros_ws/install/nav2_custom_controller/share/ament_index/resource_index/parent_prefix_path/nav2_custom_controller
[5.181s] -- Installing: /home/rose/ros_project/ros_ws/install/nav2_custom_controller/share/nav2_custom_controller/environment/ament_prefix_path.sh
[5.181s] -- Installing: /home/rose/ros_project/ros_ws/install/nav2_custom_controller/share/nav2_custom_controller/environment/ament_prefix_path.dsv
[5.181s] -- Installing: /home/rose/ros_project/ros_ws/install/nav2_custom_controller/share/nav2_custom_controller/environment/path.sh
[5.181s] -- Installing: /home/rose/ros_project/ros_ws/install/nav2_custom_controller/share/nav2_custom_controller/environment/path.dsv
[5.182s] -- Installing: /home/rose/ros_project/ros_ws/install/nav2_custom_controller/share/nav2_custom_controller/local_setup.bash
[5.182s] -- Installing: /home/rose/ros_project/ros_ws/install/nav2_custom_controller/share/nav2_custom_controller/local_setup.sh
[5.183s] -- Installing: /home/rose/ros_project/ros_ws/install/nav2_custom_controller/share/nav2_custom_controller/local_setup.zsh
[5.183s] -- Installing: /home/rose/ros_project/ros_ws/install/nav2_custom_controller/share/nav2_custom_controller/local_setup.dsv
[5.183s] -- Installing: /home/rose/ros_project/ros_ws/install/nav2_custom_controller/share/nav2_custom_controller/package.dsv
[5.183s] -- Installing: /home/rose/ros_project/ros_ws/install/nav2_custom_controller/share/ament_index/resource_index/packages/nav2_custom_controller
[5.183s] -- Installing: /home/rose/ros_project/ros_ws/install/nav2_custom_controller/share/ament_index/resource_index/nav2_core__pluginlib__plugin/nav2_custom_controller
[5.183s] -- Installing: /home/rose/ros_project/ros_ws/install/nav2_custom_controller/share/nav2_custom_controller/cmake/nav2_custom_controllerConfig.cmake
[5.183s] -- Installing: /home/rose/ros_project/ros_ws/install/nav2_custom_controller/share/nav2_custom_controller/cmake/nav2_custom_controllerConfig-version.cmake
[5.183s] -- Installing: /home/rose/ros_project/ros_ws/install/nav2_custom_controller/share/nav2_custom_controller/package.xml
[5.185s] Invoked command in '/home/rose/ros_project/ros_ws/build/nav2_custom_controller' returned '0': CMAKE_PREFIX_PATH=/opt/ros/humble /usr/bin/cmake --install /home/rose/ros_project/ros_ws/build/nav2_custom_controller
